ARM Linker, 5.03 [Build 76] [MDK-ARM Standard][RL-ARM]

==============================================================================

Section Cross References

    main.o(.text) refers to _printf_pad.o(.text) for _printf_pre_padding
    main.o(.text) refers to _printf_percent.o(.ARM.Collect$$_printf_percent$$00000000) for _printf_percent
    main.o(.text) refers to _printf_d.o(.ARM.Collect$$_printf_percent$$00000009) for _printf_d
    main.o(.text) refers to _printf_dec.o(.text) for _printf_int_dec
    main.o(.text) refers to aeabi_sdiv.o(.text_udiv) for __aeabi_uidivmod
    main.o(.text) refers to w55fa93_vpost.o(.text) for vpostLCMInit
    main.o(.text) refers to jpegcodec.o(.text) for jpegGetInfo
    main.o(.text) refers to wb_uart.o(.text) for sysprintf
    main.o(.text) refers to aeabi_memset.o(.text) for __aeabi_memset
    main.o(.text) refers to main.o(.bss) for g_szOutputString
    main.o(.text) refers to main.o(.data) for bIsInitVpost
    main.o(.text) refers to w99683.o(.text) for W99683_GetFramePiece
    main.o(.text) refers to rt_memcpy.o(.text) for __aeabi_memcpy
    main.o(.text) refers to nvtfat.o(.text) for fsOpenFile
    main.o(.text) refers to memcmp.o(.text) for memcmp
    main.o(.text) refers to h1_alloc.o(.text) for malloc
    main.o(.text) refers to h1_free.o(.text) for free
    main.o(.text) refers to rt_memcpy_w.o(.text) for __aeabi_memcpy4
    main.o(.text) refers to nvtfat_language.o(.text) for fsAsciiToUnicode
    main.o(.text) refers to exit.o(.text) for exit
    main.o(.text) refers to rt_memclr_w.o(.text) for __aeabi_memclr4
    main.o(.text) refers to hub.o(.text) for Hub_CheckIrqEvent
    main.o(.text) refers to noretval__2sprintf.o(.text) for __2sprintf
    main.o(.text) refers to main.o(.constdata) for .constdata
    main.o(.text) refers to w99683.o(.data) for _QueuedSize
    main.o(.text) refers to usb.o(.text) for InitUsbSystem
    main.o(.text) refers to umasdriver.o(.text) for UMAS_InitUmasDriver
    main.o(.text) refers to usb_keyboard.o(.text) for USBKeyboardInit
    main.o(.text) refers to wb_timer.o(.text) for sysGetTicks
    main.o(.text) refers to strcpy.o(.text) for strcpy
    main.o(.text) refers to strcat.o(.text) for strcat
    main.o(.text) refers to wb_config.o(.text) for sysGetExternalClock
    main.o(.text) refers to wb_cache.o(.text) for sysDisableCache
    main.o(.text) refers to nvtfat_disk.o(.text) for fsAssignDriveNumber
    usb_keyboard.o(.text) refers to wb_uart.o(.text) for sysprintf
    usb_keyboard.o(.text) refers to usb.o(.text) for USB_SubmitUrb
    usb_keyboard.o(.text) refers to support.o(.text) for USB_malloc
    usb_keyboard.o(.text) refers to rt_memclr_w.o(.text) for __aeabi_memclr4
    usb_keyboard.o(.text) refers to strlen.o(.text) for strlen
    usb_keyboard.o(.text) refers to usb_keyboard.o(.data) for _UsbKeyCodeMap
    usb_keyboard.o(.data) refers to usb_keyboard.o(.conststring) for .conststring
    usb_keyboard.o(.data) refers to usb_keyboard.o(.text) for usb_kbd_probe
    w99683.o(.text) refers to wb_timer.o(.text) for sysGetTicks
    w99683.o(.text) refers to support.o(.text) for USB_free
    w99683.o(.text) refers to wb_uart.o(.text) for sysprintf
    w99683.o(.text) refers to rt_memcpy_w.o(.text) for __aeabi_memcpy4
    w99683.o(.text) refers to usb.o(.text) for USB_SubmitUrb
    w99683.o(.text) refers to aeabi_sdiv.o(.text) for __aeabi_idivmod
    w99683.o(.text) refers to w99683.o(.data) for _W99683_Camera
    w99683.o(.text) refers to w99683.o(.constdata) for proc
    w99683.o(.text) refers to w99683.o(.bss) for InitRegValue
    w99683.o(.text) refers to rt_memclr_w.o(.text) for __aeabi_memclr4
    w99683.o(.data) refers to w99683.o(.conststring) for .conststring
    w99683.o(.data) refers to w99683.o(.text) for W99683Cam_Probe
    wb_init.o(WB_INIT) refers to __main.o(!!!main) for __main
    jpegcodec.o(.text) refers to fflt_clz.o(x$fpl$fflt) for __aeabi_i2f
    jpegcodec.o(.text) refers to fdiv.o(x$fpl$fdiv) for __aeabi_fdiv
    jpegcodec.o(.text) refers to fmul.o(x$fpl$fmul) for __aeabi_fmul
    jpegcodec.o(.text) refers to ffixu.o(x$fpl$ffixu) for __aeabi_f2uiz
    jpegcodec.o(.text) refers to fflt_clz.o(x$fpl$ffltu) for __aeabi_ui2f
    jpegcodec.o(.text) refers to aeabi_sdiv.o(.text) for __aeabi_idivmod
    jpegcodec.o(.text) refers to rt_memcpy_w.o(.text) for __aeabi_memcpy4
    jpegcodec.o(.text) refers to wb_config.o(.text) for sysGetSystemClock
    jpegcodec.o(.text) refers to aeabi_sdiv.o(.text_udiv) for __aeabi_uidivmod
    jpegcodec.o(.text) refers to wb_aic.o(.text) for sysInstallISR
    jpegcodec.o(.text) refers to jpegcodec.o(.data) for g_bScale
    jpegcodec.o(.text) refers to jpegcodec.o(.bss) for jpegInfo
    jpegcodec.o(.text) refers to rt_memclr_w.o(.text) for __aeabi_memclr4
    spiflashdiskdriver.o(.text) refers to rt_memcpy.o(.text) for __aeabi_memcpy
    spiflashdiskdriver.o(.text) refers to h1_alloc.o(.text) for malloc
[...]
    __rt_entry_main                          0x00000210   ARM Code       0  rtentry2.o(.ARM.Collect$$rtentry$$0000000D)
    __rt_entry_postli_1                      0x00000210   ARM Code       0  rtentry2.o(.ARM.Collect$$rtentry$$0000000C)
    __rt_exit                                0x00000238   ARM Code       0  rtexit.o(.ARM.Collect$$rtexit$$00000000)
    __rt_exit_ls                             0x0000023c   ARM Code       0  rtexit2.o(.ARM.Collect$$rtexit$$00000003)
    __rt_exit_prels_1                        0x0000023c   ARM Code       0  rtexit2.o(.ARM.Collect$$rtexit$$00000002)
    __rt_exit_exit                           0x00000240   ARM Code       0  rtexit2.o(.ARM.Collect$$rtexit$$00000004)
    _maybe_terminate_alloc                   0x00000249   Thumb Code     0  maybetermalloc1.o(.emb_text)
    intToStr                                 0x00000248   ARM Code     132  main.o(.text)
    initVPost4test                           0x000002cc   ARM Code      72  main.o(.text)
    JpegDecHeaderComplete                    0x00000314   ARM Code     280  main.o(.text)
    JpegEncTest                              0x0000042c   ARM Code     544  main.o(.text)
    GetJpegImage                             0x0000064c   ARM Code     212  main.o(.text)
    copy_file                                0x00000878   ARM Code     452  main.o(.text)
    Test                                     0x00000a3c   ARM Code     348  main.o(.text)
    Isochronous_Test                         0x00000b98   ARM Code     740  main.o(.text)
    IntegrationTest                          0x00000e7c   ARM Code     120  main.o(.text)
    MassStotrageConnection                   0x00000ef4   ARM Code      80  main.o(.text)
    MassStotrageDisconnection                0x00000f44   ARM Code      60  main.o(.text)
    JpegDecTest                              0x00000f80   ARM Code    1220  main.o(.text)
    PenDriverAccess                          0x00001444   ARM Code    1124  main.o(.text)
    PenDriverConnectTest                     0x000018a8   ARM Code     200  main.o(.text)
    main                                     0x00001970   ARM Code     540  main.o(.text)
    _sys_exit                                0x00001b8c   ARM Code       8  standalone.o(.text)
    _ttywrch                                 0x00001b94   ARM Code       8  standalone.o(.text)
    __user_initial_stackheap                 0x00001b9c   ARM Code      44  standalone.o(.text)
    USBKeyboardLED                           0x00001ca8   ARM Code     104  usb_keyboard.o(.text)
    USBKeyboardOpen                          0x00001d10   ARM Code      40  usb_keyboard.o(.text)
    USBKeyboardClose                         0x00001d38   ARM Code      20  usb_keyboard.o(.text)
    USBKeyboardInit                          0x00002128   ARM Code      20  usb_keyboard.o(.text)
    W99683_HasImageQueued                    0x00002188   ARM Code     120  w99683.o(.text)
    W99683_GetFramePiece                     0x00002200   ARM Code     408  w99683.o(.text)
    W99683Cam_IsStreaming                    0x00002780   ARM Code      16  w99683.o(.text)
    W99683Cam_StartDataPump                  0x00002790   ARM Code     416  w99683.o(.text)
    W99683Cam_StopDataPump                   0x00002930   ARM Code     396  w99683.o(.text)
    W99683Cam_Open                           0x00003760   ARM Code     280  w99683.o(.text)
    W99683Cam_IsConnected                    0x00003a44   ARM Code      32  w99683.o(.text)
    W99683Cam_Init                           0x00003da8   ARM Code      60  w99683.o(.text)
    W99683Cam_Exit                           0x00003de4   ARM Code      40  w99683.o(.text)
    jpegInit                                 0x00003e58   ARM Code     192  jpegcodec.o(.text)
    jpegGetDimension                         0x00003f18   ARM Code      40  jpegcodec.o(.text)
    jpegSetDimension                         0x00003f40   ARM Code      28  jpegcodec.o(.text)
    jpegSetScalingFactor                     0x00003f5c   ARM Code     288  jpegcodec.o(.text)
    jpegCalScalingFactor                     0x0000407c   ARM Code     672  jpegcodec.o(.text)
    jpegGetDecodedDimension                  0x0000431c   ARM Code      32  jpegcodec.o(.text)
    jpegISR                                  0x0000433c   ARM Code    2032  jpegcodec.o(.text)
    jpegWait                                 0x00004b2c   ARM Code      64  jpegcodec.o(.text)
    jpegIsReady                              0x00004b6c   ARM Code      32  jpegcodec.o(.text)
    jpegGetInfo                              0x00004b8c   ARM Code      28  jpegcodec.o(.text)
    jpegPower                                0x00004ba8   ARM Code      56  jpegcodec.o(.text)
    jpegOpen                                 0x00004be0   ARM Code     360  jpegcodec.o(.text)
    jpegSetEncodeMode                        0x00004d48   ARM Code     392  jpegcodec.o(.text)
    jpegSetDecodeMode                        0x00004ed0   ARM Code     240  jpegcodec.o(.text)
    jpegDecodeTrigger                        0x00004fc0   ARM Code     172  jpegcodec.o(.text)
    jpegEncodeTrigger                        0x0000506c   ARM Code     876  jpegcodec.o(.text)
    jpegGetScalingFactor                     0x000053d8   ARM Code      88  jpegcodec.o(.text)
    jpegSetWindowDecode                      0x00005430   ARM Code      80  jpegcodec.o(.text)
    jpegAdjustQTAB                           0x00005480   ARM Code      76  jpegcodec.o(.text)
    jpegSetQTAB                              0x000054cc   ARM Code     472  jpegcodec.o(.text)
    jpegIoctl                                0x000056a4   ARM Code    1380  jpegcodec.o(.text)
    jpegClose                                0x00005c08   ARM Code      36  jpegcodec.o(.text)
    jpegPollInt                              0x00005c2c   ARM Code      40  jpegcodec.o(.text)
    vpostLCMInit                             0x00005c7c   ARM Code      28  w55fa93_vpost.o(.text)
    vpostLCMDeinit                           0x00005c98   ARM Code      12  w55fa93_vpost.o(.text)
    vpostGetFrameBuffer                      0x00005ca4   ARM Code      12  w55fa93_vpost.o(.text)
    vpostSetFrameBuffer                      0x00005cb0   ARM Code      36  w55fa93_vpost.o(.text)
    LCDDelay                                 0x00005cd4   ARM Code      60  w55fa93_vpost.o(.text)
    vpostVAStartTrigger                      0x00005d18   ARM Code      24  w55fa93_vpost_driver.o(.text)
    vpostVAStopTrigger                       0x00005d30   ARM Code      24  w55fa93_vpost_driver.o(.text)
    vpostVAStartTrigger_MPUContinue          0x00005d48   ARM Code      88  w55fa93_vpost_driver.o(.text)
    vpostVAStartTrigger_MPUSingle            0x00005da0   ARM Code      88  w55fa93_vpost_driver.o(.text)
    vpostVAStopTriggerMPU                    0x00005df8   ARM Code      24  w55fa93_vpost_driver.o(.text)
    vpostClearVABuffer                       0x00005e58   ARM Code      60  w55fa93_vpost_driver.o(.text)
    vpostAllocVABuffer                       0x00005e94   ARM Code     168  w55fa93_vpost_driver.o(.text)
    vpostAllocVABufferFromAP                 0x00005f3c   ARM Code      44  w55fa93_vpost_driver.o(.text)
    vpostFreeVABuffer                        0x00005f68   ARM Code      60  w55fa93_vpost_driver.o(.text)
    vpostSetLCDEnable                        0x00005fa4   ARM Code      72  w55fa93_vpost_driver.o(.text)
    vpostSetLCDConfig                        0x00005fec   ARM Code      68  w55fa93_vpost_driver.o(.text)
    vpostsetLCM_TimingType                   0x00006030   ARM Code      56  w55fa93_vpost_driver.o(.text)
    vpostSetLCM_TypeSelect                   0x00006068   ARM Code      32  w55fa93_vpost_driver.o(.text)
    vpostSetSerialSyncLCM_Interface          0x00006088   ARM Code      32  w55fa93_vpost_driver.o(.text)
    vpostSetSerialSyncLCM_ColorOrder         0x000060a8   ARM Code      56  w55fa93_vpost_driver.o(.text)
    vpostSetSerialSyncLCM_CCIR656ModeSelect  0x000060e0   ARM Code      32  w55fa93_vpost_driver.o(.text)
    vpostSetParalelSyncLCM_Interface         0x00006100   ARM Code      32  w55fa93_vpost_driver.o(.text)
    vpostSetFrameBuffer_DataType             0x00006120   ARM Code      32  w55fa93_vpost_driver.o(.text)
    vpostSetFrameBuffer_BaseAddress          0x00006140   ARM Code      16  w55fa93_vpost_driver.o(.text)
    vpostSetYUVEndianSelect                  0x00006150   ARM Code      32  w55fa93_vpost_driver.o(.text)
    vpostSetDataBusPin                       0x00006170   ARM Code     416  w55fa93_vpost_driver.o(.text)
    vpostSetSyncLCM_HTiming                  0x00006310   ARM Code      84  w55fa93_vpost_driver.o(.text)
    vpostSetSyncLCM_VTiming                  0x00006364   ARM Code      84  w55fa93_vpost_driver.o(.text)
    vpostSetSyncLCM_ImageWindow              0x000063b8   ARM Code     100  w55fa93_vpost_driver.o(.text)
    vpostSetSyncLCM_SignalPolarity           0x0000641c   ARM Code     152  w55fa93_vpost_driver.o(.text)
    vpostSetTVEnableConfig                   0x000064b4   ARM Code     176  w55fa93_vpost_driver.o(.text)
    vpostSetLCM_ImageSource                  0x00006564   ARM Code      28  w55fa93_vpost_driver.o(.text)
    vpostMPULCDWriteAddr16Bit                0x00006580   ARM Code     172  w55fa93_vpost_driver.o(.text)
    vpostMPULCDWriteData16Bit                0x0000662c   ARM Code     168  w55fa93_vpost_driver.o(.text)
    vpostMPULCDReadData16Bit                 0x000066d4   ARM Code     164  w55fa93_vpost_driver.o(.text)
    vpostEnableInt                           0x00006778   ARM Code      36  w55fa93_vpost_driver.o(.text)
    vpostDisableInt                          0x0000679c   ARM Code      36  w55fa93_vpost_driver.o(.text)
    vpostClearInt                            0x000067c0   ARM Code      24  w55fa93_vpost_driver.o(.text)
    vpostIsIntEnabled                        0x000067d8   ARM Code      36  w55fa93_vpost_driver.o(.text)
    vpostInstallCallBack                     0x0000691c   ARM Code     212  w55fa93_vpost_driver.o(.text)
    vpostSetMPULCM_ImageWindow               0x000069f0   ARM Code      76  w55fa93_vpost_driver.o(.text)
    vpostSetMPULCM_TimingConfig              0x00006a3c   ARM Code      44  w55fa93_vpost_driver.o(.text)
    vpostSetMPULCM_BusModeSelect             0x00006a68   ARM Code      28  w55fa93_vpost_driver.o(.text)
    vpostLCMInit_HANNSTAR_HSD043I9W1         0x00006b24   ARM Code     440  w55fa93_vpost_hannstar_hsd043i9w1.o(.text)
    vpostLCMDeinit_HANNSTAR_HSD043I9W1       0x00006cdc   ARM Code      40  w55fa93_vpost_hannstar_hsd043i9w1.o(.text)
    usb_hub_port_disable                     0x0000701c   ARM Code      64  hub.o(.text)
    USB_ResetDevice                          0x0000763c   ARM Code     952  hub.o(.text)
    usb_hub_events                           0x00007a98   ARM Code     908  hub.o(.text)
    Hub_CheckIrqEvent                        0x00007e24   ARM Code      20  hub.o(.text)
    USB_InitHubDriver                        0x00008608   ARM Code      48  hub.o(.text)
    USB_RemoveHubDriver                      0x00008638   ARM Code      16  hub.o(.text)
    usbClearFeature                          0x00008648   ARM Code      40  hub.o(.text)
    USB_InitializeMemoryPool                 0x000086f0   ARM Code     120  support.o(.text)
    USB_available_memory                     0x00008768   ARM Code      12  support.o(.text)
    USB_allocated_memory                     0x00008774   ARM Code      12  support.o(.text)
    USB_malloc                               0x00008780   ARM Code    1108  support.o(.text)
    USB_free                                 0x00008bd4   ARM Code     384  support.o(.text)
    USB_WaitMiliseconds                      0x00008d54   ARM Code      64  support.o(.text)
    USB_SetBit                               0x00008d94   ARM Code      68  support.o(.text)
    USB_ClearBit                             0x00008dd8   ARM Code     228  support.o(.text)
    USB_FindNextZeroBit                      0x00008ebc   ARM Code     120  support.o(.text)
    USB_DriverClaimInterface                 0x00008f60   ARM Code      36  usb.o(.text)
    usb_match_id                             0x00008f84   ARM Code     436  usb.o(.text)
    USB_InterfaceClaimed                     0x00009138   ARM Code      48  usb.o(.text)
    USB_ScanDevices                          0x00009360   ARM Code     144  usb.o(.text)
    USB_RegisterDriver                       0x000093f0   ARM Code      48  usb.o(.text)
    USB_DriverReleaseInterface               0x00009420   ARM Code      44  usb.o(.text)
    USB_DeregisterDriver                     0x00009518   ARM Code      68  usb.o(.text)
    USB_GetInterfaceData                     0x0000955c   ARM Code      92  usb.o(.text)
    USB_GetEndpointDescriptor                0x000095b8   ARM Code     264  usb.o(.text)
    usb_calc_bus_time                        0x000096c0   ARM Code     320  usb.o(.text)
    USB_CheckBandwidth                       0x00009800   ARM Code     216  usb.o(.text)
    USB_ClaimBandwidth                       0x000098d8   ARM Code      84  usb.o(.text)
    USB_ReleaseBandwidth                     0x0000992c   ARM Code      88  usb.o(.text)
    USB_AllocateBus                          0x00009984   ARM Code     128  usb.o(.text)
    USB_FreeBus                              0x00009a04   ARM Code      36  usb.o(.text)
    USB_RegisterBus                          0x00009a28   ARM Code      96  usb.o(.text)
    usb_deregister_bus                       0x00009a88   ARM Code      32  usb.o(.text)
    USB_AllocateDevice                       0x00009b38   ARM Code     100  usb.o(.text)
    USB_DestroyConfiguration                 0x00009b9c   ARM Code     464  usb.o(.text)
    USB_FreeDevice                           0x00009d6c   ARM Code      72  usb.o(.text)
    USB_IncreaseDeviceUser                   0x00009db4   ARM Code      16  usb.o(.text)
    USB_AllocateUrb                          0x00009dc4   ARM Code      68  usb.o(.text)
    USB_FreeUrb                              0x00009e08   ARM Code      28  usb.o(.text)
    USB_SubmitUrb                            0x00009e24   ARM Code      64  usb.o(.text)
    USB_UnlinkUrb                            0x00009e64   ARM Code      64  usb.o(.text)
    USB_SendControlMessage                   0x0000a070   ARM Code     164  usb.o(.text)
    USB_SendBulkMessage                      0x0000a114   ARM Code     132  usb.o(.text)
    USB_GetCurrentFrameNumber                0x0000a198   ARM Code      32  usb.o(.text)
    USB_RootHubString                        0x0000aaa4   ARM Code     336  usb.o(.text)
    USB_GetExtraDescriptor                   0x0000abf4   ARM Code     116  usb.o(.text)
    USB_DisconnectDevice                     0x0000ac68   ARM Code     220  usb.o(.text)
    USB_ConnectDevice                        0x0000ad44   ARM Code     144  usb.o(.text)
    USB_SetAddress                           0x0000add4   ARM Code     164  usb.o(.text)
    USB_GetDescriptor                        0x0000ae78   ARM Code     172  usb.o(.text)
    USB_GetClassDescriptor                   0x0000af24   ARM Code     116  usb.o(.text)
    USB_GetStringDescriptor                  0x0000af98   ARM Code     104  usb.o(.text)
    USB_GetDeviceDescriptor                  0x0000b000   ARM Code      88  usb.o(.text)
    USB_GetStatus                            0x0000b058   ARM Code     112  usb.o(.text)
    USB_GetProtocol                          0x0000b0c8   ARM Code     124  usb.o(.text)
    USB_SetProtocol                          0x0000b144   ARM Code     104  usb.o(.text)
    USB_SetIdle                              0x0000b1ac   ARM Code     112  usb.o(.text)
    USB_SetMaximumPacketSize                 0x0000b21c   ARM Code     304  usb.o(.text)
    USB_ClearHalt                            0x0000b34c   ARM Code     388  usb.o(.text)
    USB_SetInterface                         0x0000b4d0   ARM Code     180  usb.o(.text)
    USB_SetConfiguration                     0x0000b584   ARM Code     228  usb.o(.text)
    USB_GetReport                            0x0000b668   ARM Code     116  usb.o(.text)
    USB_SetReport                            0x0000b6dc   ARM Code     112  usb.o(.text)
    USB_GetConfiguration                     0x0000b74c   ARM Code     520  usb.o(.text)
    USB_TranslateString                      0x0000b954   ARM Code     672  usb.o(.text)
    USB_SettleNewDevice                      0x0000bbf4   ARM Code     836  usb.o(.text)
    USB_PortInit                             0x0000bf38   ARM Code     284  usb.o(.text)
    USB_PortDisable                          0x0000c054   ARM Code      44  usb.o(.text)
    InitUsbSystem                            0x0000c080   ARM Code     760  usb.o(.text)
    DeInitUsbSystem                          0x0000c378   ARM Code      48  usb.o(.text)
    umass_register_connect                   0x0000c5d4   ARM Code      12  umasdriver.o(.text)
    umass_register_disconnect                0x0000c5e0   ARM Code      12  umasdriver.o(.text)
    UMAS_ScanAllDevice                       0x0000d3f0   ARM Code      40  umasdriver.o(.text)
    UMAS_InitUmasDriver                      0x0000d418   ARM Code      60  umasdriver.o(.text)
    UMAS_RemoveUmasDriver                    0x0000d454   ARM Code     168  umasdriver.o(.text)
    sysIrqHandler                            0x0000d568   ARM Code     148  wb_aic.o(.text)
    sysFiqHandler                            0x0000d5fc   ARM Code     148  wb_aic.o(.text)
    WB_Interrupt_Shell                       0x0000d690   ARM Code       4  wb_aic.o(.text)
    sysInitializeAIC                         0x0000d694   ARM Code      76  wb_aic.o(.text)
    sysDisableInterrupt                      0x0000d6e0   ARM Code      52  wb_aic.o(.text)
    sysEnableInterrupt                       0x0000d714   ARM Code      52  wb_aic.o(.text)
    sysInstallExceptionHandler               0x0000d748   ARM Code     136  wb_aic.o(.text)
    sysInstallFiqHandler                     0x0000d7d0   ARM Code      20  wb_aic.o(.text)
    sysInstallIrqHandler                     0x0000d7e4   ARM Code      20  wb_aic.o(.text)
    sysInstallISR                            0x0000d7f8   ARM Code     328  wb_aic.o(.text)
    sysSetGlobalInterrupt                    0x0000d940   ARM Code      84  wb_aic.o(.text)
    sysSetInterruptPriorityLevel             0x0000d994   ARM Code     196  wb_aic.o(.text)
    sysSetInterruptType                      0x0000da58   ARM Code     152  wb_aic.o(.text)
    sysSetLocalInterrupt                     0x0000daf0   ARM Code     140  wb_aic.o(.text)
    sysSetAIC2SWMode                         0x0000db7c   ARM Code      16  wb_aic.o(.text)
    sysGetInterruptEnableStatus              0x0000db8c   ARM Code      12  wb_aic.o(.text)
    sysGetIBitState                          0x0000db98   ARM Code      28  wb_aic.o(.text)
    sysGetSdramSizebyMB                      0x0000dbc8   ARM Code     284  wb_cache.o(.text)
    sysEnableCache                           0x0000dce4   ARM Code      44  wb_cache.o(.text)
    sysDisableCache                          0x0000dd10   ARM Code      92  wb_cache.o(.text)
    sysFlushCache                            0x0000dd6c   ARM Code     112  wb_cache.o(.text)
    sysInvalidCache                          0x0000dddc   ARM Code      12  wb_cache.o(.text)
    sysGetCacheState                         0x0000dde8   ARM Code      12  wb_cache.o(.text)
    sysGetCacheMode                          0x0000ddf4   ARM Code      12  wb_cache.o(.text)
    _sysLockCode                             0x0000de00   ARM Code     132  wb_cache.o(.text)
    _sysUnLockCode                           0x0000de84   ARM Code      20  wb_cache.o(.text)
    InitDelay                                0x0000dea4   ARM Code       4  wb_config.o(.text)
    sysInitDDR                               0x0000dea8   ARM Code     280  wb_config.o(.text)
    sysInitDDRStart                          0x0000dfc0   ARM Code     112  wb_config.o(.text)
    sysInitMemory                            0x0000e030   ARM Code      16  wb_config.o(.text)
    sysGetPLLOutputKhz                       0x0000e040   ARM Code     144  wb_config.o(.text)
    sysCheckPllConstraint                    0x0000e0d0   ARM Code      12  wb_config.o(.text)
    sysGetPLLControlRegister                 0x0000e0dc   ARM Code     432  wb_config.o(.text)
    sysSetPLLControlRegister                 0x0000e28c   ARM Code      40  wb_config.o(.text)
    sysExternalClock                         0x0000e2b4   ARM Code      60  wb_config.o(.text)
    sysClockSwitch                           0x0000e2f0   ARM Code     844  wb_config.o(.text)
    sysClockSwitchStart                      0x0000e63c   ARM Code     172  wb_config.o(.text)
    sysGetExternalClock                      0x0000e6e8   ARM Code      60  wb_config.o(.text)
    sysSetSystemClock                        0x0000e724   ARM Code    1332  wb_config.o(.text)
    sysGetSystemClock                        0x0000ec58   ARM Code     136  wb_config.o(.text)
    sysSetPllClock                           0x0000ece0   ARM Code     252  wb_config.o(.text)
    sysClockDiv                              0x0000eddc   ARM Code     376  wb_config.o(.text)
    sysClockDivSwitchStart                   0x0000ef54   ARM Code     248  wb_config.o(.text)
    sysPowerDownPLL                          0x0000f04c   ARM Code     196  wb_config.o(.text)
    sysTimerISR                              0x0000f188   ARM Code     432  wb_timer.o(.text)
    sysGetTicks                              0x0000f338   ARM Code      76  wb_timer.o(.text)
    sysResetTicks                            0x0000f384   ARM Code      84  wb_timer.o(.text)
    sysUpdateTickCount                       0x0000f3d8   ARM Code      76  wb_timer.o(.text)
    sysSetTimerReferenceClock                0x0000f424   ARM Code      76  wb_timer.o(.text)
    sysStartTimer                            0x0000f470   ARM Code     528  wb_timer.o(.text)
    sysStopTimer                             0x0000f680   ARM Code     264  wb_timer.o(.text)
    sysClearWatchDogTimerCount               0x0000f788   ARM Code      20  wb_timer.o(.text)
    sysClearWatchDogTimerInterruptStatus     0x0000f79c   ARM Code      20  wb_timer.o(.text)
    sysDisableWatchDogTimer                  0x0000f7b0   ARM Code      20  wb_timer.o(.text)
    sysDisableWatchDogTimerReset             0x0000f7c4   ARM Code      20  wb_timer.o(.text)
    sysEnableWatchDogTimer                   0x0000f7d8   ARM Code      20  wb_timer.o(.text)
    sysEnableWatchDogTimerReset              0x0000f7ec   ARM Code      20  wb_timer.o(.text)
    sysInstallWatchDogTimerISR               0x0000f800   ARM Code      72  wb_timer.o(.text)
    sysSetWatchDogTimerInterval              0x0000f848   ARM Code      40  wb_timer.o(.text)
    sysSetTimerEvent                         0x0000f870   ARM Code     360  wb_timer.o(.text)
    sysClearTimerEvent                       0x0000f9d8   ARM Code     180  wb_timer.o(.text)
    sysDOS_Time_To_UTC                       0x0000fa8c   ARM Code     300  wb_timer.o(.text)
    sysUTC_To_DOS_Time                       0x0000fbb8   ARM Code     320  wb_timer.o(.text)
    sysSetLocalTime                          0x0000fcf8   ARM Code      64  wb_timer.o(.text)
    sysGetCurrentTime                        0x0000fd38   ARM Code      68  wb_timer.o(.text)
    sysDelay                                 0x0000fd7c   ARM Code      92  wb_timer.o(.text)
    sysUartPort                              0x0000fe48   ARM Code     156  wb_uart.o(.text)
    sysUartInstallcallback                   0x0000fee4   ARM Code      76  wb_uart.o(.text)
    sysUartISR                               0x0000ff30   ARM Code     676  wb_uart.o(.text)
    sysUartEnableInt                         0x0001020c   ARM Code     148  wb_uart.o(.text)
    sysInitializeUART                        0x000102a0   ARM Code     484  wb_uart.o(.text)
    _PutChar_f                               0x00010484   ARM Code     440  wb_uart.o(.text)
    sysPutString                             0x0001063c   ARM Code      40  wb_uart.o(.text)
    sysPrintf                                0x00010a8c   ARM Code     204  wb_uart.o(.text)
    sysprintf                                0x00010b58   ARM Code     204  wb_uart.o(.text)
    sysGetChar                               0x00010c24   ARM Code     116  wb_uart.o(.text)
    sysPutChar                               0x00010c98   ARM Code      48  wb_uart.o(.text)
    sysUartTransfer                          0x00010cc8   ARM Code      68  wb_uart.o(.text)
    fsInitFileSystem                         0x00010d0c   ARM Code     132  nvtfat.o(.text)
    release_file_handle                      0x00010d90   ARM Code     152  nvtfat.o(.text)
    fsCloseFile                              0x00010f28   ARM Code     224  nvtfat.o(.text)
    fsCloseFileSystem                        0x00011008   ARM Code     144  nvtfat.o(.text)
    all_file_handle_is_free                  0x00011098   ARM Code      60  nvtfat.o(.text)
    allocate_file_handle                     0x000110d4   ARM Code     216  nvtfat.o(.text)
    fsHandleToDescriptor                     0x000111ac   ARM Code      60  nvtfat.o(.text)
    fsDescriptorToHandle                     0x000111e8   ARM Code     100  nvtfat.o(.text)
    fsIsFileOpened                           0x0001124c   ARM Code     104  nvtfat.o(.text)
    get_vdisk                                0x000112b4   ARM Code     120  nvtfat.o(.text)
    fsDiskFreeSpace                          0x0001132c   ARM Code     144  nvtfat.o(.text)
    fsSetVolumeLabel                         0x000113bc   ARM Code     208  nvtfat.o(.text)
    fsGetVolumeLabel                         0x0001148c   ARM Code     188  nvtfat.o(.text)
    fsSetFileSize                            0x000115b0   ARM Code     480  nvtfat.o(.text)
    fsOpenFile                               0x00011790   ARM Code     804  nvtfat.o(.text)
    fsReadFile                               0x00011ab4   ARM Code     248  nvtfat.o(.text)
    fsWriteFile                              0x00011bac   ARM Code     164  nvtfat.o(.text)
    fsMergeFile                              0x00011c50   ARM Code     224  nvtfat.o(.text)
    fsFileSeek                               0x00011d30   ARM Code     480  nvtfat.o(.text)
    fsIsEOF                                  0x00011f10   ARM Code     128  nvtfat.o(.text)
    fsGetFileStatus                          0x00011f90   ARM Code     256  nvtfat.o(.text)
    fsSetFileStatus                          0x00012090   ARM Code     412  nvtfat.o(.text)
    fsSetFileAttribute                       0x0001222c   ARM Code     508  nvtfat.o(.text)
    fsSetFileTime                            0x00012428   ARM Code     608  nvtfat.o(.text)
    fsGetFileSize                            0x00012688   ARM Code     164  nvtfat.o(.text)
    fsGetFilePosition                        0x0001272c   ARM Code     104  nvtfat.o(.text)
    fsDeleteFile                             0x00012794   ARM Code     244  nvtfat.o(.text)
    fsRenameFile                             0x00012888   ARM Code     516  nvtfat.o(.text)
    fsCopyFile                               0x00012a8c   ARM Code     516  nvtfat.o(.text)
    fsMoveFile                               0x00012c90   ARM Code     412  nvtfat.o(.text)
    fsFindFirst                              0x00012e2c   ARM Code     308  nvtfat.o(.text)
    fsFindNext                               0x00012f60   ARM Code     136  nvtfat.o(.text)
    fsFindClose                              0x00012fe8   ARM Code     180  nvtfat.o(.text)
    fsMakeDirectory                          0x0001309c   ARM Code     204  nvtfat.o(.text)
    fsRemoveDirectory                        0x00013168   ARM Code     204  nvtfat.o(.text)
    fsDeleteDirTree                          0x00013234   ARM Code     228  nvtfat.o(.text)
    fsGetDirectoryInfo                       0x000134c8   ARM Code      80  nvtfat.o(.text)
    fsGetDirectoryInfo2                      0x00013518   ARM Code      80  nvtfat.o(.text)
    fsGetLDiskVolID                          0x00013568   ARM Code     120  nvtfat.o(.text)
    fsCheckDriverPointer                     0x000135e0   ARM Code      56  nvtfat_disk.o(.text)
    fsAssignDriveNumber                      0x0001366c   ARM Code     264  nvtfat_disk.o(.text)
    fsInstallDiskMountCallBack               0x00013774   ARM Code      12  nvtfat_disk.o(.text)
    fsInstallDiskUnmountCallBack             0x00013780   ARM Code      12  nvtfat_disk.o(.text)
    fs_last_drive_no                         0x00013960   ARM Code      52  nvtfat_disk.o(.text)
    fsAllocateDisk                           0x00013994   ARM Code     120  nvtfat_disk.o(.text)
    fsMountLogicalDisk                       0x00013a0c   ARM Code     140  nvtfat_disk.o(.text)
    fsUnmountLogicalDisk                     0x00013a98   ARM Code     184  nvtfat_disk.o(.text)
    fsPhysicalDiskConnected                  0x00013f64   ARM Code     584  nvtfat_disk.o(.text)
    fsUnmountPhysicalDisk                    0x000141ac   ARM Code     272  nvtfat_disk.o(.text)
    fsPhysicalDiskDisconnected               0x000142bc   ARM Code      32  nvtfat_disk.o(.text)
    fsReleaseDiskInformation                 0x000142dc   ARM Code      96  nvtfat_disk.o(.text)
    fsGetFullDiskInfomation                  0x0001433c   ARM Code     420  nvtfat_disk.o(.text)
    fsUnicodeToAscii                         0x000144e0   ARM Code     140  nvtfat_language.o(.text)
    fsUnicodeStrLen                          0x0001456c   ARM Code      76  nvtfat_language.o(.text)
    fsUnicodeStrCat                          0x000145b8   ARM Code     100  nvtfat_language.o(.text)
    fsAsciiToUnicode                         0x0001461c   ARM Code     124  nvtfat_language.o(.text)
    fsAsciiToUpperCase                       0x00014698   ARM Code      68  nvtfat_language.o(.text)
    fsUnicodeToUpperCase                     0x000146dc   ARM Code      92  nvtfat_language.o(.text)
    fsUnicodeToLowerCase                     0x00014738   ARM Code      92  nvtfat_language.o(.text)
    fsAsciiNonCaseCompare                    0x00014794   ARM Code     116  nvtfat_language.o(.text)
    fsUnicodeNonCaseCompare                  0x00014808   ARM Code     280  nvtfat_language.o(.text)
    fsUnicodeCopyStr                         0x00014920   ARM Code      88  nvtfat_language.o(.text)
    fsGetAsciiFileName                       0x00014978   ARM Code      80  nvtfat_language.o(.text)
    fsDebugUniStr                            0x000149c8   ARM Code     136  nvtfat_language.o(.text)
    ohci_int_timer_do                        0x00015b48   ARM Code     124  usb-ohci.o(.text)
    ohci_irq                                 0x00017818   ARM Code     336  usb-ohci.o(.text)
    OHCI_suspend                             0x00017db0   ARM Code      84  usb-ohci.o(.text)
    OHCI_Resume                              0x00017e04   ARM Code     616  usb-ohci.o(.text)
    UsbInitializeOHCI                        0x0001806c   ARM Code     152  usb-ohci.o(.text)
    UsbDeInitOHCI                            0x00018104   ARM Code      96  usb-ohci.o(.text)
    USB_ShowEndpointDescriptor               0x00018194   ARM Code      76  usb-debug.o(.text)
    USB_ShowInterfaceDescriptor              0x000181f4   ARM Code       4  usb-debug.o(.text)
    USB_ShowConfigurationDescriptor          0x00018234   ARM Code       4  usb-debug.o(.text)
    USB_ShowDeviceDescriptor                 0x000182a8   ARM Code     176  usb-debug.o(.text)
    USB_ShowDevice                           0x00018358   ARM Code      84  usb-debug.o(.text)
    USB_ShowUsbString                        0x000183ac   ARM Code      92  usb-debug.o(.text)
    USB_DumpUrb                              0x00018408   ARM Code       4  usb-debug.o(.text)
    is_urb_completed                         0x00018838   ARM Code      12  umastransport.o(.text)
    UMAS_InvokeTransport                     0x00018e0c   ARM Code     888  umastransport.o(.text)
    UMAS_CbiIrq                              0x00019184   ARM Code     140  umastransport.o(.text)
    UMAS_CbiTransport                        0x00019210   ARM Code     532  umastransport.o(.text)
    UMAS_CbTransport                         0x00019424   ARM Code     240  umastransport.o(.text)
    UMAS_BulkMaxLun                          0x00019514   ARM Code     188  umastransport.o(.text)
    UMAS_BulkTransport                       0x000195d0   ARM Code    1148  umastransport.o(.text)
    UMAS_CbReset                             0x00019a4c   ARM Code     524  umastransport.o(.text)
    UMAS_BulkReset                           0x00019c58   ARM Code     240  umastransport.o(.text)
    UMAS_Qic157Command                       0x0001a70c   ARM Code      88  umasprotocol.o(.text)
    UMAS_AtapiCommand                        0x0001a764   ARM Code     416  umasprotocol.o(.text)
    UMAS_UfiCommand                          0x0001a904   ARM Code     452  umasprotocol.o(.text)
    UMAS_TransparentScsiCommand              0x0001aac8   ARM Code     264  umasprotocol.o(.text)
    test_unit_ready                          0x0001ad38   ARM Code     104  umasscsiglue.o(.text)
    request_sense                            0x0001ada0   ARM Code     336  umasscsiglue.o(.text)
    try_test_unit_ready                      0x0001aef0   ARM Code      64  umasscsiglue.o(.text)
    UMAS_InitUsbDiskDriver                   0x0001b2cc   ARM Code       8  umasscsiglue.o(.text)
    UMAS_ScanDeviceLun                       0x0001b2d4   ARM Code     516  umasscsiglue.o(.text)
    UMAS_InitUmasDevice                      0x0001b4d8   ARM Code    1628  umasscsiglue.o(.text)
    sysGetPhyPageAddr                        0x0001bb34   ARM Code     100  wb_mmu.o(.text)
    sysSetCachePages                         0x0001bb98   ARM Code     280  wb_mmu.o(.text)
    sysInitPageTable                         0x0001bcb0   ARM Code     368  wb_mmu.o(.text)
    sysSetMMUMappingMethod                   0x0001be20   ARM Code      20  wb_mmu.o(.text)
    sysInitMMUTable                          0x0001be34   ARM Code     524  wb_mmu.o(.text)
    fs_fat_init_sector_cache                 0x0001c058   ARM Code      92  nvtfat_fat_table.o(.text)
    FAT_dump_sector_cache                    0x0001c0b4   ARM Code      24  nvtfat_fat_table.o(.text)
    fs_fat_flush_sector_cache                0x0001c290   ARM Code     412  nvtfat_fat_table.o(.text)
    fs_fat_check_out_sec                     0x0001c454   ARM Code      92  nvtfat_fat_table.o(.text)
    fs_fat_check_in_sec                      0x0001c4b0   ARM Code      16  nvtfat_fat_table.o(.text)
    fs_fat_clear_sector_cache                0x0001c4c0   ARM Code     112  nvtfat_fat_table.o(.text)
    fs_enable_iow_cache                      0x0001c558   ARM Code     140  nvtfat_io.o(.text)
    fsFlushIOCache                           0x0001c79c   ARM Code      88  nvtfat_io.o(.text)
    fs_flush_iow_cache                       0x0001c7f4   ARM Code      12  nvtfat_io.o(.text)
    fsInstallIoWriteCallBack                 0x0001c800   ARM Code       4  nvtfat_io.o(.text)
    fsDiskWriteComplete                      0x0001c804   ARM Code       4  nvtfat_io.o(.text)
    fsIOWrite                                0x0001ca40   ARM Code     608  nvtfat_io.o(.text)
    fsIORead                                 0x0001cca0   ARM Code     488  nvtfat_io.o(.text)
    read_fs_info                             0x0001cea8   ARM Code    1340  nvtfat_ldisk.o(.text)
    fs_fat_parse_partition                   0x0001d3e4   ARM Code    1184  nvtfat_ldisk.o(.text)
    lname_to_sname                           0x0001d884   ARM Code     288  nvtfat_ldisk.o(.text)
    sname_compare                            0x0001da10   ARM Code     404  nvtfat_ldisk.o(.text)
    fs_fat_delete_file                       0x0001e0e4   ARM Code     868  nvtfat_ldisk.o(.text)
    fs_fat_delete_tree                       0x0001e448   ARM Code     764  nvtfat_ldisk.o(.text)
    fs_fat_merge_file                        0x0001e744   ARM Code    1184  nvtfat_ldisk.o(.text)
    fs_fat_create_file                       0x0001ebe4   ARM Code    1244  nvtfat_ldisk.o(.text)
    fs_fat_rename_file                       0x0001f0c0   ARM Code    1376  nvtfat_ldisk.o(.text)
    fs_init_sector_buffer                    0x0001f9a8   ARM Code      48  nvtfat_lib.o(.text)
    fsAllocateSector                         0x0001f9d8   ARM Code     112  nvtfat_lib.o(.text)
    fsFreeSector                             0x0001fa48   ARM Code      80  nvtfat_lib.o(.text)
    fsToUpperCase                            0x0001fa98   ARM Code      40  nvtfat_lib.o(.text)
    fsFindLastSlash                          0x0001fac0   ARM Code      76  nvtfat_lib.o(.text)
    fsTruncatePath                           0x0001fb0c   ARM Code     108  nvtfat_lib.o(.text)
    unicode_wild_card_comapre                0x0001fbc4   ARM Code     256  nvtfat_lib.o(.text)
    fsUnicodeWildCardCompare                 0x0001fcc4   ARM Code     244  nvtfat_lib.o(.text)
    fsDumpBufferHex                          0x0001fdb8   ARM Code      72  nvtfat_lib.o(.text)
    UMAS_DEBUG_ShowCommand                   0x0001fe14   ARM Code    2208  umasdebug.o(.text)
    UMAS_DEBUG_PrintScsiCommand              0x000206b4   ARM Code     972  umasdebug.o(.text)
    UMAS_DEBUG_ShowSense                     0x00020a80   ARM Code    5948  umasdebug.o(.text)
    fs_fat_set_sdir_name                     0x00022250   ARM Code     172  nvtfat_dir.o(.text)
    fs_fat_get_sdir_name                     0x000222fc   ARM Code     212  nvtfat_dir.o(.text)
    fs_fat_get_ldir_name                     0x000223d0   ARM Code     236  nvtfat_dir.o(.text)
    fs_fat_set_dire_mtime                    0x000224bc   ARM Code     260  nvtfat_dir.o(.text)
    fs_fat_get_dire_info                     0x000225c0   ARM Code     236  nvtfat_dir.o(.text)
    fs_fat_set_dire_info                     0x000226ac   ARM Code     264  nvtfat_dir.o(.text)
    fs_fat_search_file                       0x00022d2c   ARM Code     660  nvtfat_dir.o(.text)
    fsInstallFileDelCallBack                 0x00022fc8   ARM Code      12  nvtfat_fop.o(.text)
    fs_read_fat_table                        0x00022fd4   ARM Code     516  nvtfat_fop.o(.text)
    fs_write_fat_table                       0x000231d8   ARM Code     676  nvtfat_fop.o(.text)
    fs_update_first_cluster                  0x0002347c   ARM Code     196  nvtfat_fop.o(.text)
    fs_fat_allocate_cluster                  0x00023540   ARM Code    1000  nvtfat_fop.o(.text)
    fs_fat_reclaim_clusters                  0x00023928   ARM Code     224  nvtfat_fop.o(.text)
    fsRwDebug                                0x00024ffc   ARM Code      28  nvtfat_fop.o(.text)
    fs_fat_get_next_dir_entry                0x0002570c   ARM Code     272  nvtfat_fop.o(.text)
    fs_fat_dump_fcb                          0x000264fc   ARM Code       4  nvtfat_fop.o(.text)
    malloc                                   0x00026501   Thumb Code    98  h1_alloc.o(.text)
    free                                     0x00026563   Thumb Code    76  h1_free.o(.text)
    __aeabi_ldivmod                          0x000265b0   ARM Code       0  llsdiv.o(.text)
    _ll_sdiv                                 0x000265b0   ARM Code      80  llsdiv.o(.text)
    __2sprintf                               0x00026601   Thumb Code    36  noretval__2sprintf.o(.text)
    _printf_pre_padding                      0x00026629   Thumb Code    44  _printf_pad.o(.text)
    _printf_post_padding                     0x00026655   Thumb Code    34  _printf_pad.o(.text)
    _printf_str                              0x00026677   Thumb Code    82  _printf_str.o(.text)
    Inline ARM to Thumb Veneer to _printf_int_dec 0x000266c8   ARM Code       8  _printf_dec.o(.text)
    _printf_int_dec                          0x000266d1   Thumb Code    90  _printf_dec.o(.text)
    Inline ARM to Thumb Veneer to _printf_int_hex 0x0002673c   ARM Code       8  _printf_hex_int_ptr.o(.text)
    _printf_longlong_hex                     0x00026745   Thumb Code    80  _printf_hex_int_ptr.o(.text)
    _printf_int_hex                          0x00026795   Thumb Code    26  _printf_hex_int_ptr.o(.text)
    _printf_hex_ptr                          0x000267af   Thumb Code    20  _printf_hex_int_ptr.o(.text)
    __printf                                 0x000267c9   Thumb Code   386  __printf_flags_ss_wp.o(.text)
    exit                                     0x00026951   Thumb Code    12  exit.o(.text)
    memcmp                                   0x0002695d   Thumb Code   116  memcmp.o(.text)
    strcpy                                   0x000269d1   Thumb Code    72  strcpy.o(.text)
    strlen                                   0x00026a1d   Thumb Code    62  strlen.o(.text)
    strcat                                   0x00026a61   Thumb Code    24  strcat.o(.text)
    __aeabi_memcpy                           0x00026a78   ARM Code       0  rt_memcpy.o(.text)
    __rt_memcpy                              0x00026a78   ARM Code     212  rt_memcpy.o(.text)
    _memcpy_lastbytes                        0x00026b2c   ARM Code       0  rt_memcpy.o(.text)
    __aeabi_memcpy4                          0x00026b4c   ARM Code       0  rt_memcpy_w.o(.text)
    __aeabi_memcpy8                          0x00026b4c   ARM Code       0  rt_memcpy_w.o(.text)
    __rt_memcpy_w                            0x00026b4c   ARM Code     100  rt_memcpy_w.o(.text)
    _memcpy_lastbytes_aligned                0x00026b98   ARM Code       0  rt_memcpy_w.o(.text)
    __aeabi_memset                           0x00026bb0   ARM Code      16  aeabi_memset.o(.text)
    __aeabi_memclr                           0x00026bc0   ARM Code       0  rt_memclr.o(.text)
    __rt_memclr                              0x00026bc0   ARM Code      64  rt_memclr.o(.text)
    _memset                                  0x00026bc4   ARM Code       0  rt_memclr.o(.text)
    __aeabi_memclr4                          0x00026c00   ARM Code       0  rt_memclr_w.o(.text)
    __aeabi_memclr8                          0x00026c00   ARM Code       0  rt_memclr_w.o(.text)
    __rt_memclr_w                            0x00026c00   ARM Code      84  rt_memclr_w.o(.text)
    _memset_w                                0x00026c04   ARM Code       0  rt_memclr_w.o(.text)
    strncpy                                  0x00026c54   ARM Code     104  strncpy.o(.text)
    strcmp                                   0x00026cc0   ARM Code     156  strcmp.o(.text)
    __aeabi_idiv                             0x00026d60   ARM Code       0  aeabi_sdiv.o(.text)
    __aeabi_idivmod                          0x00026d60   ARM Code     380  aeabi_sdiv.o(.text)
    __rt_heap_descriptor                     0x00026edc   ARM Code      12  rt_heap_descriptor_intlibspace.o(.text)
    __use_no_heap                            0x00026ee9   Thumb Code     2  hguard.o(.text)
    __heap$guard                             0x00026eeb   Thumb Code     2  hguard.o(.text)
    _terminate_user_alloc                    0x00026eed   Thumb Code     2  init_alloc.o(.text)
    _init_user_alloc                         0x00026eef   Thumb Code     2  init_alloc.o(.text)
    __Heap_Full                              0x00026ef1   Thumb Code    32  init_alloc.o(.text)
    __Heap_Broken                            0x00026f11   Thumb Code    10  init_alloc.o(.text)
    _init_alloc                              0x00026f1b   Thumb Code    90  init_alloc.o(.text)
    __Heap_Initialize                        0x00026f75   Thumb Code    10  h1_init.o(.text)
    __Heap_DescSize                          0x00026f7f   Thumb Code     4  h1_init.o(.text)
    __aeabi_uldivmod                         0x00026f84   ARM Code       0  lludiv5.o(.text)
    _ll_udiv                                 0x00026f84   ARM Code     752  lludiv5.o(.text)
    _ll_udiv_donemoving                      0x00026f98   ARM Code       0  lludiv5.o(.text)
    _printf_int_common                       0x00027275   Thumb Code   176  _printf_intcommon.o(.text)
    _printf_char_common                      0x0002732f   Thumb Code    32  _printf_char_common.o(.text)
    _sputc                                   0x00027355   Thumb Code    10  _sputc.o(.text)
    Inline ARM to Thumb Veneer to _printf_string 0x00027360   ARM Code       8  _printf_char.o(.text)
    _printf_cs_common                        0x00027369   Thumb Code    22  _printf_char.o(.text)
    _printf_char                             0x0002737f   Thumb Code    16  _printf_char.o(.text)
    _printf_string                           0x0002738f   Thumb Code     8  _printf_char.o(.text)
    __rt_udiv10                              0x00027398   ARM Code      44  rtudiv10.o(.text)
    __user_libspace                          0x000273c4   ARM Code      12  libspace.o(.text)
    __user_perproc_libspace                  0x000273c4   ARM Code       0  libspace.o(.text)
    __user_perthread_libspace                0x000273c4   ARM Code       0  libspace.o(.text)
    __Heap_ProvideMemory                     0x000273d1   Thumb Code    52  h1_extend.o(.text)
    __sig_exit                               0x00027405   Thumb Code    12  defsig_exit.o(.text)
    __rt_SIGRTMEM                            0x00027411   Thumb Code    12  defsig_rtmem_outer.o(.text)
    __rt_heap_escrow                         0x0002741d   Thumb Code    24  heapauxa.o(.text)
    __rt_heap_expand                         0x00027435   Thumb Code    52  heapauxa.o(.text)
    __user_setup_stackheap                   0x0002746c   ARM Code      96  sys_stackheap_outer.o(.text)
    __default_signal_display                 0x000274cd   Thumb Code    52  defsig_general.o(.text)
    __rt_SIGRTMEM_inner                      0x00027501   Thumb Code    22  defsig_rtmem_inner.o(.text)
    __aeabi_uidiv                            0x00027550   ARM Code       0  aeabi_sdiv.o(.text_udiv)
    __aeabi_uidivmod                         0x00027550   ARM Code      36  aeabi_sdiv.o(.text_udiv)
    sys_flush_and_clean_dcache               0x00027574   ARM Code       0  wb_dcache.o(MEM_INIT)
    sysSetupCP15                             0x00027580   ARM Code       0  wb_sysctl.o(SYS_INIT)
    _is_digit                                0x000275a5   Thumb Code    14  __printf_wp.o(i._is_digit)
    __aeabi_fdiv                             0x000275b4   ARM Code       0  fdiv.o(x$fpl$fdiv)
    _fdiv                                    0x000275b4   ARM Code     396  fdiv.o(x$fpl$fdiv)
    __aeabi_f2uiz                            0x00027744   ARM Code       0  ffixu.o(x$fpl$ffixu)
    _ffixu                                   0x00027744   ARM Code      84  ffixu.o(x$fpl$ffixu)
    __aeabi_i2f                              0x00027798   ARM Code       0  fflt_clz.o(x$fpl$fflt)
    _fflt                                    0x00027798   ARM Code      48  fflt_clz.o(x$fpl$fflt)
    __aeabi_ui2f                             0x000277c8   ARM Code       0  fflt_clz.o(x$fpl$ffltu)
    _ffltu                                   0x000277c8   ARM Code      40  fflt_clz.o(x$fpl$ffltu)
    __aeabi_fmul                             0x000277f0   ARM Code       0  fmul.o(x$fpl$fmul)
    _fmul                                    0x000277f0   ARM Code     256  fmul.o(x$fpl$fmul)
    __fpl_fnaninf                            0x000278f0   ARM Code     160  fnaninf.o(x$fpl$fnaninf)
    __fpl_fretinf                            0x00027990   ARM Code      16  fretinf.o(x$fpl$fretinf)
    __I$use$fp                               0x000279a0   Number         0  usenofp.o(x$fpl$usenofp)
    Region$$Table$$Base                      0x000280b0   Number         0  anon$$obj.o(Region$$Table)
    Region$$Table$$Limit                     0x000280e0   Number         0  anon$$obj.o(Region$$Table)
    pos                                      0x000280e0   Data           1  main.o(.data)
    i32MsConnect                             0x000280e8   Data           4  main.o(.data)
    i32MsDisConnect                          0x000280ec   Data           4  main.o(.data)
    i32AccessDone                            0x000280f0   Data           4  main.o(.data)
    WriteBuffer                              0x000280f4   Data           4  main.o(.data)
    ReadBuffer                               0x000280f8   Data           4  main.o(.data)
    g_pu8JpegBuffer                          0x000280fc   Data           4  main.o(.data)
    g_pu8DecFrameBuffer                      0x00028100   Data           4  main.o(.data)
    g_pu8EncFrameBuffer                      0x00028104   Data           4  main.o(.data)
    _my_usbkbd                               0x00028108   Data           4  usb_keyboard.o(.data)
    usb_kbd_driver                           0x00029520   Data          36  usb_keyboard.o(.data)
    Revizigzag_index                         0x00029544   Data         256  w99683.o(.data)
    InitQuantizationTable                    0x00029644   Data        1656  w99683.o(.data)
    SensorWAddr                              0x00029cd8   Data          14  w99683.o(.data)
    _QueuedSize                              0x00029ce8   Data           4  w99683.o(.data)
    quantSel                                 0x00029d34   Data           4  w99683.o(.data)
    quantPos                                 0x00029d38   Data           4  w99683.o(.data)
    _dma_data                                0x00029d3c   Data           4  w99683.o(.data)
    g_bWait                                  0x00029d40   Data           1  jpegcodec.o(.data)
    g_jpegError                              0x00029d41   Data           1  jpegcodec.o(.data)
    g_bScale                                 0x00029d42   Data           1  jpegcodec.o(.data)
    g_InputWait                              0x00029d43   Data           1  jpegcodec.o(.data)
    g_u32WindowDec                           0x00029d44   Data           1  jpegcodec.o(.data)
    g_bEncThumbnailDownScale                 0x00029d45   Data           1  jpegcodec.o(.data)
    g_bEncPrimaryDownScale                   0x00029d46   Data           1  jpegcodec.o(.data)
    g_u32EncRotate                           0x00029d48   Data           4  jpegcodec.o(.data)
    pfnJpegHeaderDecode                      0x00029d4c   Data           4  jpegcodec.o(.data)
    pfnJpegDecInputWait                      0x00029d50   Data           4  jpegcodec.o(.data)
    g_au8QTable0                             0x00029d54   Data          64  jpegcodec.o(.data)
    g_au8QTable1                             0x00029d94   Data          64  jpegcodec.o(.data)
    g_au8QTable2                             0x00029dd4   Data          64  jpegcodec.o(.data)
    g_u32Stride                              0x00029e14   Data           4  jpegcodec.o(.data)
    g_u32ScaleWidth                          0x00029e18   Data           4  jpegcodec.o(.data)
    g_u32ScaleHeight                         0x00029e1c   Data           4  jpegcodec.o(.data)
    g_u32OpMode                              0x00029e20   Data           4  jpegcodec.o(.data)
    g_u32BufferCount                         0x00029e24   Data           4  jpegcodec.o(.data)
    g_u32DecInputWaitAddr                    0x00029e28   Data           4  jpegcodec.o(.data)
    g_u16BufferSize                          0x00029e2c   Data           2  jpegcodec.o(.data)
    g_u16ReserveSize                         0x00029e2e   Data           2  jpegcodec.o(.data)
    g_u32OutputFormat                        0x00029e30   Data           4  jpegcodec.o(.data)
    g_u32windowSizeX                         0x00029e34   Data           4  jpegcodec.o(.data)
    g_u32windowSizeY                         0x00029e38   Data           4  jpegcodec.o(.data)
    g_VAFrameBuf                             0x00029e3c   Data           4  w55fa93_vpost.o(.data)
    g_VAOrigFrameBuf                         0x00029e40   Data           4  w55fa93_vpost.o(.data)
    g_nFrameBufferSize                       0x00029e44   Data           4  w55fa93_vpost_driver.o(.data)
    _USB_pCurrent                            0x00029ed0   Data           4  support.o(.data)
    _AllocatedMemorySize                     0x00029edc   Data           4  support.o(.data)
    _IsInUsbInterrupt                        0x00029ee8   Data           4  usb.o(.data)
    _UsbDriverList                           0x00029ef0   Data           8  usb.o(.data)
    _UsbBusList                              0x00029ef8   Data           8  usb.o(.data)
    g_u32PortType                            0x00029f00   Data           4  usb.o(.data)
    _Event_UrbCompleted                      0x00029f0c   Data           4  usb.o(.data)
    _UsbMassStorageDriver                    0x0002a208   Data          36  umasdriver.o(.data)
    pfnMsConnectTable                        0x0002a22c   Data           4  umasdriver.o(.data)
    pfnMsDisconnectTable                     0x0002a230   Data           4  umasdriver.o(.data)
    _UmasDeviceList                          0x0002a234   Data           4  umasdriver.o(.data)
    _sys_bIsAICInitial                       0x0002a238   Data           1  wb_aic.o(.data)
    _sys_bIsHWMode                           0x0002a239   Data           1  wb_aic.o(.data)
    sysIrqHandlerTable                       0x0002a23c   Data         128  wb_aic.o(.data)
    sysFiqHandlerTable                       0x0002a2bc   Data         128  wb_aic.o(.data)
    _sys_IsCacheOn                           0x0002a33c   Data           1  wb_cache.o(.data)
    _sys_CacheMode                           0x0002a340   Data           4  wb_cache.o(.data)
    bIsCpuOver2xHclk                         0x0002a358   Data           1  wb_config.o(.data)
    bIsCheckPllConstraint                    0x0002a360   Data           1  wb_config.o(.data)
    bIsAPLLInitialize                        0x0002a361   Data           1  wb_config.o(.data)
    _sys_uTimer0ClockRate                    0x0002a384   Data           4  wb_timer.o(.data)
    _sys_uTimer0Count                        0x0002a388   Data           4  wb_timer.o(.data)
    _sys_uTime0EventCount                    0x0002a38c   Data           4  wb_timer.o(.data)
    _sys_bIsSetTime0Event                    0x0002a390   Data           1  wb_timer.o(.data)
    _sys_bIsTimer0Initial                    0x0002a391   Data           1  wb_timer.o(.data)
    _sys_uTimer1ClockRate                    0x0002a394   Data           4  wb_timer.o(.data)
    _sys_uTimer1Count                        0x0002a398   Data           4  wb_timer.o(.data)
    _sys_uTime1EventCount                    0x0002a39c   Data           4  wb_timer.o(.data)
    _sys_bIsSetTime1Event                    0x0002a3a0   Data           1  wb_timer.o(.data)
    _sys_bIsTimer1Initial                    0x0002a3a1   Data           1  wb_timer.o(.data)
    _sys_ReferenceTime_Clock                 0x0002a3a4   Data           4  wb_timer.o(.data)
    _sys_pvOldTimer0Vect                     0x0002a3d8   Data           4  wb_timer.o(.data)
    _sys_uTimer0TickPerSecond                0x0002a3dc   Data           4  wb_timer.o(.data)
    _sys_pvOldTimer1Vect                     0x0002a3e0   Data           4  wb_timer.o(.data)
    _sys_uTimer1TickPerSecond                0x0002a3e4   Data           4  wb_timer.o(.data)
    _sys_ReferenceTime_UTC                   0x0002a3e8   Data           4  wb_timer.o(.data)
    _sys_bIsUARTInitial                      0x0002a3ec   Data           1  wb_uart.o(.data)
    _sys_bIsUseUARTInt                       0x0002a3ed   Data           1  wb_uart.o(.data)
    _sys_uUARTClockRate                      0x0002a3f0   Data           4  wb_uart.o(.data)
    rx_cnt                                   0x0002a3f4   Data           4  wb_uart.o(.data)
    u32UartPort                              0x0002a3f8   Data           4  wb_uart.o(.data)
    i32UsedPort                              0x0002a3fc   Data           4  wb_uart.o(.data)
    _sys_uUartTxHead                         0x0002a404   Data           4  wb_uart.o(.data)
    _sys_uUartTxTail                         0x0002a408   Data           4  wb_uart.o(.data)
    _sys_pvOldUartVect                       0x0002a40c   Data           4  wb_uart.o(.data)
    _fs_bIsFileSystemInited                  0x0002a410   Data           1  nvtfat.o(.data)
    _fs_bLockFileSystem                      0x0002a411   Data           1  nvtfat.o(.data)
    _fs_ptPDiskList                          0x0002a41c   Data           4  nvtfat_disk.o(.data)
    _fs_ptLDiskList                          0x0002a420   Data           4  nvtfat_disk.o(.data)
    mount_callback                           0x0002a424   Data           4  nvtfat_disk.o(.data)
    unmount_callback                         0x0002a428   Data           4  nvtfat_disk.o(.data)
    _nuc930_ohci                             0x0002a474   Data           4  usb-ohci.o(.data)
    _InUsbInterrupt                          0x0002a478   Data           1  usb-ohci.o(.data)
    sohci_device_operations                  0x0002a47c   Data          20  usb-ohci.o(.data)
    _umas_data_count                         0x0002a4c8   Data           4  umasscsiglue.o(.data)
    _umas_time_mark                          0x0002a4cc   Data           4  umasscsiglue.o(.data)
    _umas_error_count                        0x0002a4d0   Data           4  umasscsiglue.o(.data)
    _UsbDiskDriver                           0x0002a4e8   Data          16  umasscsiglue.o(.data)
    _fsIocCacheHit                           0x0002a510   Data           4  nvtfat_io.o(.data)
    _fsIocCacheMiss                          0x0002a514   Data           4  nvtfat_io.o(.data)
    _fsIocDirectWrite                        0x0002a518   Data           4  nvtfat_io.o(.data)
    _fsIocDirectRead                         0x0002a51c   Data           4  nvtfat_io.o(.data)
    _fs_tFatDiskOperation                    0x0002a520   Data          24  nvtfat_ldisk.o(.data)
    file_del_cb                              0x0002a548   Data           4  nvtfat_fop.o(.data)
    _fs_tFatFileOperation                    0x0002a54c   Data          48  nvtfat_fop.o(.data)
    i8SFlashDisk                             0x0002a580   Data       8388608  main.o(.bss)
    suFileName2                              0x0082a580   Data         100  main.o(.bss)
    g_au8BitstreamBuffer                     0x0082a600   Data       1048576  main.o(.bss)
    _JpegImage                               0x0092a600   Data       262144  main.o(.bss)
    _JpegImageR                              0x0096a600   Data       262144  main.o(.bss)
    decodePath                               0x009aa600   Data          50  main.o(.bss)
    g_szOutputString                         0x009aa632   Data          15  main.o(.bss)
    png                                      0x009aa641   Data         500  main.o(.bss)
    lcdInfo                                  0x009aa838   Data          20  main.o(.bss)
    InitRegValue                             0x009aa860   Data        1792  w99683.o(.bss)
    _dma_data_pool                           0x009aaf60   Data        4096  w99683.o(.bss)
    g_pfnVpostCallback                       0x009abf84   Data          16  w55fa93_vpost_driver.o(.bss)
    _USBMemoryPool                           0x009ac000   Data       65536  support.o(.bss)
    tTime0Event                              0x009bc000   Data         160  wb_timer.o(.bss)
    tTime1Event                              0x009bc0a0   Data         160  wb_timer.o(.bss)
    pfnUartIntHandlerTable                   0x009bc140   Data          16  wb_uart.o(.bss)
    uart_rx                                  0x009bc150   Data         100  wb_uart.o(.bss)
    _sys_ucUartTxBuf                         0x009bc1b4   Data         256  wb_uart.o(.bss)
    _ucDriveNumberSlot                       0x009caea0   Data          26  nvtfat_disk.o(.bss)
    _fs_FixedDriveList                       0x009caebc   Data         520  nvtfat_disk.o(.bss)
    _HCCA_Block                              0x009cb200   Data        4096  usb-ohci.o(.bss)
    _mmuSectionTable                         0x009d0000   Data       16384  wb_mmu.o(.bss)
    _tmp_buf                                 0x009f4000   Data        4096  wb_power.o(.bss)
    _ptFatSecBuff                            0x009fd000   Data         256  nvtfat_fat_table.o(.bss)
    _pucIOWCacheBuffPool                     0x009fe000   Data       131072  nvtfat_io.o(.bss)
    _pucSecBuffPool                          0x00a1e200   Data        4096  nvtfat_lib.o(.bss)
    __libspace_start                         0x00a1f200   Data          96  libspace.o(.bss)
    Image$$ZI$$Limit                         0x00a1f260   Number         0  anon$$obj.o(linker$$defined$$symbols)
    __temporary_stack_top$libspace           0x00a1f260   Data           0  libspace.o(.bss)



==============================================================================

Memory Map of the image

  Image Entry point : 0x00000000

  Load Region LR_IROM1 (Base: 0x00000000, Size: 0x0002a580, Max: 0x02000000, ABSOLUTE, COMPRESSED[0x00028970])

    Execution Region ER_IROM1 (Base: 0x00000000, Size: 0x000280e0, Max: 0x02000000, ABSOLUTE)

    Base Addr    Size         Type   Attr      Idx    E Section Name        Object

    0x00000000   0x000000dc   Code   RO          176  * WB_INIT             wb_init.o
    0x000000dc   0x00000008   Code   RO         1493  * !!!main             c_5.l(__main.o)
    0x000000e4   0x0000003c   Code   RO         2015    !!!scatter          c_5.l(__scatter.o)
    0x00000120   0x00000060   Code   RO         2013    !!dclz77c           c_5.l(__dclz77c.o)
    0x00000180   0x00000028   Code   RO         2017    !!handler_copy      c_5.l(__scatter_copy.o)
    0x000001a8   0x0000002c   Code   RO         2019    !!handler_zi        c_5.l(__scatter_zi.o)
    0x000001d4   0x00000000   Code   RO         1434    .ARM.Collect$$_printf_percent$$00000000  c_5.l(_printf_percent.o)
    0x000001d4   0x00000008   Code   RO         1430    .ARM.Collect$$_printf_percent$$00000009  c_5.l(_printf_d.o)
    0x000001dc   0x00000008   Code   RO         1428    .ARM.Collect$$_printf_percent$$0000000C  c_5.l(_printf_x.o)
    0x000001e4   0x00000008   Code   RO         1426    .ARM.Collect$$_printf_percent$$00000014  c_5.l(_printf_s.o)
    0x000001ec   0x00000008   Code   RO         1617    .ARM.Collect$$_printf_percent$$00000017  c_5.l(_printf_percent_end.o)
    0x000001f4   0x00000002   Code   RO         1938    .ARM.Collect$$libinit$$00000000  c_5.l(libinit.o)
    0x000001f6   0x00000000   Code   RO         1650    .ARM.Collect$$libinit$$00000002  c_5.l(libinit2.o)
    0x000001f6   0x00000008   Code   RO         1651    .ARM.Collect$$libinit$$00000003  c_5.l(libinit2.o)
    0x000001fe   0x00000000   Code   RO         1653    .ARM.Collect$$libinit$$00000008  c_5.l(libinit2.o)
    0x000001fe   0x00000000   Code   RO         1655    .ARM.Collect$$libinit$$0000000A  c_5.l(libinit2.o)
    0x000001fe   0x00000000   Code   RO         1657    .ARM.Collect$$libinit$$0000000C  c_5.l(libinit2.o)
    0x000001fe   0x00000000   Code   RO         1660    .ARM.Collect$$libinit$$0000000F  c_5.l(libinit2.o)
    0x000001fe   0x00000000   Code   RO         1662    .ARM.Collect$$libinit$$00000011  c_5.l(libinit2.o)
    0x000001fe   0x00000000   Code   RO         1664    .ARM.Collect$$libinit$$00000013  c_5.l(libinit2.o)
    0x000001fe   0x00000000   Code   RO         1666    .ARM.Collect$$libinit$$00000015  c_5.l(libinit2.o)
    0x000001fe   0x00000000   Code   RO         1668    .ARM.Collect$$libinit$$00000017  c_5.l(libinit2.o)
    0x000001fe   0x00000000   Code   RO         1670    .ARM.Collect$$libinit$$00000019  c_5.l(libinit2.o)
    0x000001fe   0x00000000   Code   RO         1672    .ARM.Collect$$libinit$$0000001B  c_5.l(libinit2.o)
    0x000001fe   0x00000000   Code   RO         1674    .ARM.Collect$$libinit$$0000001D  c_5.l(libinit2.o)
    0x000001fe   0x00000000   Code   RO         1676    .ARM.Collect$$libinit$$0000001F  c_5.l(libinit2.o)
    0x000001fe   0x00000000   Code   RO         1678    .ARM.Collect$$libinit$$00000021  c_5.l(libinit2.o)
    0x000001fe   0x00000000   Code   RO         1680    .ARM.Collect$$libinit$$00000023  c_5.l(libinit2.o)
    0x000001fe   0x00000000   Code   RO         1684    .ARM.Collect$$libinit$$0000002A  c_5.l(libinit2.o)
    0x000001fe   0x00000000   Code   RO         1686    .ARM.Collect$$libinit$$0000002C  c_5.l(libinit2.o)
    0x000001fe   0x00000000   Code   RO         1688    .ARM.Collect$$libinit$$0000002E  c_5.l(libinit2.o)
    0x000001fe   0x00000000   Code   RO         1690    .ARM.Collect$$libinit$$00000030  c_5.l(libinit2.o)
    0x000001fe   0x00000002   Code   RO         1691    .ARM.Collect$$libinit$$00000031  c_5.l(libinit2.o)
    0x00000200   0x00000002   Code   RO         1939    .ARM.Collect$$libshutdown$$00000000  c_5.l(libshutdown.o)
    0x00000202   0x00000000   Code   RO         1857    .ARM.Collect$$libshutdown$$00000003  c_5.l(libshutdown2.o)
    0x00000202   0x00000000   Code   RO         1860    .ARM.Collect$$libshutdown$$00000006  c_5.l(libshutdown2.o)
    0x00000202   0x00000000   Code   RO         1863    .ARM.Collect$$libshutdown$$00000009  c_5.l(libshutdown2.o)
    0x00000202   0x00000000   Code   RO         1865    .ARM.Collect$$libshutdown$$0000000B  c_5.l(libshutdown2.o)
    0x00000202   0x00000000   Code   RO         1868    .ARM.Collect$$libshutdown$$0000000E  c_5.l(libshutdown2.o)
    0x00000202   0x00000002   Code   RO         1869    .ARM.Collect$$libshutdown$$0000000F  c_5.l(libshutdown2.o)
    0x00000204   0x00000000   Code   RO         1567    .ARM.Collect$$rtentry$$00000000  c_5.l(rtentry.o)
    0x00000204   0x00000000   Code   RO         1731    .ARM.Collect$$rtentry$$00000002  c_5.l(rtentry2.o)
    0x00000204   0x00000008   Code   RO         1743    .ARM.Collect$$rtentry$$00000004  c_5.l(rtentry4.o)
    0x0000020c   0x00000000   Code   RO         1733    .ARM.Collect$$rtentry$$00000009  c_5.l(rtentry2.o)
    0x0000020c   0x00000004   Code   RO         1734    .ARM.Collect$$rtentry$$0000000A  c_5.l(rtentry2.o)
    0x00000210   0x00000000   Code   RO         1736    .ARM.Collect$$rtentry$$0000000C  c_5.l(rtentry2.o)
    0x00000210   0x00000028   Code   RO         1737    .ARM.Collect$$rtentry$$0000000D  c_5.l(rtentry2.o)
    0x00000238   0x00000004   Code   RO         1568    .ARM.Collect$$rtexit$$00000000  c_5.l(rtexit.o)
    0x0000023c   0x00000000   Code   RO         1746    .ARM.Collect$$rtexit$$00000002  c_5.l(rtexit2.o)
    0x0000023c   0x00000004   Code   RO         1747    .ARM.Collect$$rtexit$$00000003  c_5.l(rtexit2.o)
    0x00000240   0x00000008   Code   RO         1748    .ARM.Collect$$rtexit$$00000004  c_5.l(rtexit2.o)
    0x00000248   0x00000000   Code   RO         1772    .emb_text           c_5.l(maybetermalloc1.o)
    0x00000248   0x00001944   Code   RO            1    .text               main.o
    0x00001b8c   0x00000040   Code   RO          113    .text               standalone.o
    0x00001bcc   0x000005bc   Code   RO          124    .text               usb_keyboard.o
    0x00002188   0x00001cd0   Code   RO          147    .text               w99683.o
    0x00003e58   0x00001e24   Code   RO          180    .text               jpegcodec.o
    0x00005c7c   0x0000009c   Code   RO          227    .text               w55fa93_vpost.o
    0x00005d18   0x00000d88   Code   RO          248    .text               w55fa93_vpost_driver.o
    0x00006aa0   0x00000264   Code   RO          272    .text               w55fa93_vpost_hannstar_hsd043i9w1.o
    0x00006d04   0x000019ec   Code   RO          693    .text               W55FA93_usbh.lib(hub.o)
    0x000086f0   0x0000085c   Code   RO          755    .text               W55FA93_usbh.lib(support.o)
    0x00008f4c   0x00003490   Code   RO          780    .text               W55FA93_usbh.lib(usb.o)
    0x0000c3dc   0x0000118c   Code   RO          803    .text               W55FA93_usbh.lib(umasdriver.o)
    0x0000d568   0x00000660   Code   RO          855    .text               W55FA93_syslib.lib(wb_aic.o)
    0x0000dbc8   0x000002dc   Code   RO          885    .text               W55FA93_syslib.lib(wb_cache.o)
    0x0000dea4   0x000012e4   Code   RO          900    .text               W55FA93_syslib.lib(wb_config.o)
    0x0000f188   0x00000cc0   Code   RO          920    .text               W55FA93_syslib.lib(wb_timer.o)
    0x0000fe48   0x00000ec4   Code   RO          936    .text               W55FA93_syslib.lib(wb_uart.o)
    0x00010d0c   0x000028d4   Code   RO          956    .text               W55FA93_nvtfat.lib(nvtfat.o)
    0x000135e0   0x00000f00   Code   RO          993    .text               W55FA93_nvtfat.lib(nvtfat_disk.o)
    0x000144e0   0x00000574   Code   RO         1017    .text               W55FA93_nvtfat.lib(nvtfat_language.o)
    0x00014a54   0x00003740   Code   RO         1031    .text               W55FA93_usbh.lib(usb-ohci.o)
    0x00018194   0x00000278   Code   RO         1053    .text               W55FA93_usbh.lib(usb-debug.o)
    0x0001840c   0x00001988   Code   RO         1067    .text               W55FA93_usbh.lib(umastransport.o)
    0x00019d94   0x00000e78   Code   RO         1090    .text               W55FA93_usbh.lib(umasprotocol.o)
    0x0001ac0c   0x00000f28   Code   RO         1114    .text               W55FA93_usbh.lib(umasscsiglue.o)
    0x0001bb34   0x00000524   Code   RO         1133    .text               W55FA93_syslib.lib(wb_mmu.o)
    0x0001c058   0x00000500   Code   RO         1165    .text               W55FA93_nvtfat.lib(nvtfat_fat_table.o)
    0x0001c558   0x00000950   Code   RO         1182    .text               W55FA93_nvtfat.lib(nvtfat_io.o)
    0x0001cea8   0x00002b00   Code   RO         1198    .text               W55FA93_nvtfat.lib(nvtfat_ldisk.o)
    0x0001f9a8   0x0000046c   Code   RO         1222    .text               W55FA93_nvtfat.lib(nvtfat_lib.o)
    0x0001fe14   0x0000243c   Code   RO         1239    .text               W55FA93_usbh.lib(umasdebug.o)
    0x00022250   0x00000d78   Code   RO         1263    .text               W55FA93_nvtfat.lib(nvtfat_dir.o)
    0x00022fc8   0x00003538   Code   RO         1275    .text               W55FA93_nvtfat.lib(nvtfat_fop.o)
    0x00026500   0x00000062   Code   RO         1303    .text               c_5.l(h1_alloc.o)
    0x00026562   0x0000004c   Code   RO         1305    .text               c_5.l(h1_free.o)
    0x000265ae   0x00000002   PAD
    0x000265b0   0x00000050   Code   RO         1361    .text               c_5.l(llsdiv.o)
    0x00026600   0x00000028   Code   RO         1371    .text               c_5.l(noretval__2sprintf.o)
    0x00026628   0x0000004e   Code   RO         1377    .text               c_5.l(_printf_pad.o)
    0x00026676   0x00000052   Code   RO         1379    .text               c_5.l(_printf_str.o)
    0x000266c8   0x00000008   Ven    RO         1381    .text               c_5.l(_printf_dec.o)
    0x000266d0   0x0000006c   Code   RO         1381    .text               c_5.l(_printf_dec.o)
    0x0002673c   0x00000008   Ven    RO         1397    .text               c_5.l(_printf_hex_int_ptr.o)
    0x00026744   0x00000084   Code   RO         1397    .text               c_5.l(_printf_hex_int_ptr.o)
    0x000267c8   0x00000188   Code   RO         1423    .text               c_5.l(__printf_flags_ss_wp.o)
    0x00026950   0x0000000c   Code   RO         1449    .text               c_5.l(exit.o)
    0x0002695c   0x00000074   Code   RO         1453    .text               c_5.l(memcmp.o)
    0x000269d0   0x0000004c   Code   RO         1455    .text               c_5.l(strcpy.o)
    0x00026a1c   0x00000044   Code   RO         1457    .text               c_5.l(strlen.o)
    0x00026a60   0x00000018   Code   RO         1459    .text               c_5.l(strcat.o)
    0x00026a78   0x000000d4   Code   RO         1461    .text               c_5.l(rt_memcpy.o)
    0x00026b4c   0x00000064   Code   RO         1463    .text               c_5.l(rt_memcpy_w.o)
    0x00026bb0   0x00000010   Code   RO         1465    .text               c_5.l(aeabi_memset.o)
    0x00026bc0   0x00000040   Code   RO         1467    .text               c_5.l(rt_memclr.o)
    0x00026c00   0x00000054   Code   RO         1469    .text               c_5.l(rt_memclr_w.o)
    0x00026c54   0x0000006c   Code   RO         1471    .text               c_5.l(strncpy.o)
    0x00026cc0   0x000000a0   Code   RO         1473    .text               c_5.l(strcmp.o)
    0x00026d60   0x0000017c   Code   RO         1477    .text               c_5.l(aeabi_sdiv.o)
    0x00026edc   0x0000000c   Code   RO         1577    .text               c_5.l(rt_heap_descriptor_intlibspace.o)
    0x00026ee8   0x00000004   Code   RO         1579    .text               c_5.l(hguard.o)
    0x00026eec   0x00000088   Code   RO         1581    .text               c_5.l(init_alloc.o)
    0x00026f74   0x0000000e   Code   RO         1585    .text               c_5.l(h1_init.o)
    0x00026f82   0x00000002   PAD
    0x00026f84   0x000002f0   Code   RO         1599    .text               c_5.l(lludiv5.o)
    0x00027274   0x000000b0   Code   RO         1603    .text               c_5.l(_printf_intcommon.o)
    0x00027324   0x00000030   Code   RO         1607    .text               c_5.l(_printf_char_common.o)
    0x00027354   0x0000000a   Code   RO         1609    .text               c_5.l(_sputc.o)
    0x0002735e   0x00000002   PAD
    0x00027360   0x00000008   Ven    RO         1613    .text               c_5.l(_printf_char.o)
    0x00027368   0x0000002e   Code   RO         1613    .text               c_5.l(_printf_char.o)
    0x00027396   0x00000002   PAD
    0x00027398   0x0000002c   Code   RO         1645    .text               c_5.l(rtudiv10.o)
    0x000273c4   0x0000000c   Code   RO         1727    .text               c_5.l(libspace.o)
    0x000273d0   0x00000034   Code   RO         1774    .text               c_5.l(h1_extend.o)
    0x00027404   0x0000000c   Code   RO         1836    .text               c_5.l(defsig_exit.o)
    0x00027410   0x0000000c   Code   RO         1844    .text               c_5.l(defsig_rtmem_outer.o)
    0x0002741c   0x00000050   Code   RO         1848    .text               c_5.l(heapauxa.o)
    0x0002746c   0x00000060   Code   RO         1887    .text               c_5.l(sys_stackheap_outer.o)
    0x000274cc   0x00000034   Code   RO         1915    .text               c_5.l(defsig_general.o)
    0x00027500   0x00000050   Code   RO         1923    .text               c_5.l(defsig_rtmem_inner.o)
    0x00027550   0x00000024   Code   RO         1478    .text_udiv          c_5.l(aeabi_sdiv.o)
    0x00027574   0x0000000c   Code   RO         1130    MEM_INIT            W55FA93_syslib.lib(wb_dcache.o)
    0x00027580   0x00000024   Code   RO         1260    SYS_INIT            W55FA93_syslib.lib(wb_sysctl.o)
    0x000275a4   0x0000000e   Code   RO         1416    i._is_digit         c_5.l(__printf_wp.o)
    0x000275b2   0x00000002   PAD
    0x000275b4   0x00000190   Code   RO         1532    x$fpl$fdiv          fz_5s.l(fdiv.o)
    0x00027744   0x00000054   Code   RO         1535    x$fpl$ffixu         fz_5s.l(ffixu.o)
    0x00027798   0x00000030   Code   RO         1540    x$fpl$fflt          fz_5s.l(fflt_clz.o)
    0x000277c8   0x00000028   Code   RO         1539    x$fpl$ffltu         fz_5s.l(fflt_clz.o)
    0x000277f0   0x00000100   Code   RO         1545    x$fpl$fmul          fz_5s.l(fmul.o)
    0x000278f0   0x000000a0   Code   RO         1698    x$fpl$fnaninf       fz_5s.l(fnaninf.o)
    0x00027990   0x00000010   Code   RO         1700    x$fpl$fretinf       fz_5s.l(fretinf.o)
    0x000279a0   0x00000000   Code   RO         1704    x$fpl$usenofp       fz_5s.l(usenofp.o)
    0x000279a0   0x0000008b   Data   RO            3    .constdata          main.o
    0x00027a2b   0x00000044   Data   RO          149    .constdata          w99683.o
    0x00027a6f   0x00000001   PAD
    0x00027a70   0x00000014   Data   RO          273    .constdata          w55fa93_vpost_hannstar_hsd043i9w1.o
    0x00027a84   0x000000dd   Data   RO          694    .constdata          W55FA93_usbh.lib(hub.o)
    0x00027b61   0x00000003   PAD
    0x00027b64   0x00000042   Data   RO          757    .constdata          W55FA93_usbh.lib(support.o)
    0x00027ba6   0x00000002   PAD
    0x00027ba8   0x000000cc   Data   RO          781    .constdata          W55FA93_usbh.lib(usb.o)
    0x00027c74   0x00000010   Data   RO          901    .constdata          W55FA93_syslib.lib(wb_config.o)
    0x00027c84   0x00000006   Data   RO          958    .constdata          W55FA93_nvtfat.lib(nvtfat.o)
    0x00027c8a   0x00000002   PAD
    0x00027c8c   0x00000010   Data   RO         1054    .constdata          W55FA93_usbh.lib(usb-debug.o)
    0x00027c9c   0x00000042   Data   RO         1068    .constdata          W55FA93_usbh.lib(umastransport.o)
    0x00027cde   0x00000002   PAD
    0x00027ce0   0x000000f0   Data   RO         1091    .constdata          W55FA93_usbh.lib(umasprotocol.o)
    0x00027dd0   0x0000004f   Data   RO         1115    .constdata          W55FA93_usbh.lib(umasscsiglue.o)
    0x00027e1f   0x00000001   PAD
    0x00027e20   0x00000014   Data   RO         1199    .constdata          W55FA93_nvtfat.lib(nvtfat_ldisk.o)
    0x00027e34   0x0000003c   Data   RO         1240    .constdata          W55FA93_usbh.lib(umasdebug.o)
    0x00027e70   0x00000028   Data   RO         1398    .constdata          c_5.l(_printf_hex_int_ptr.o)
    0x00027e98   0x00000011   Data   RO         1424    .constdata          c_5.l(__printf_flags_ss_wp.o)
    0x00027ea9   0x00000009   Data   RO          125    .conststring        usb_keyboard.o
    0x00027eb2   0x00000007   Data   RO          150    .conststring        w99683.o
    0x00027eb9   0x00000004   Data   RO          695    .conststring        W55FA93_usbh.lib(hub.o)
    0x00027ebd   0x00000005   Data   RO          804    .conststring        W55FA93_usbh.lib(umasdriver.o)
    0x00027ec2   0x00000023   Data   RO         1055    .conststring        W55FA93_usbh.lib(usb-debug.o)
    0x00027ee5   0x00000101   Data   RO         1069    .conststring        W55FA93_usbh.lib(umastransport.o)
    0x00027fe6   0x000000ca   Data   RO         1241    .conststring        W55FA93_usbh.lib(umasdebug.o)
    0x000280b0   0x00000030   Data   RO         2010    Region$$Table       anon$$obj.o


    Execution Region RW_RAM1 (Base: 0x000280e0, Size: 0x009f7180, Max: 0xffffffff, ABSOLUTE, COMPRESSED[0x00000890])

    Base Addr    Size         Type   Attr      Idx    E Section Name        Object

    0x000280e0   0x00000028   Data   RW            4    .data               main.o
    0x00028108   0x0000143c   Data   RW          126    .data               usb_keyboard.o
    0x00029544   0x000007fc   Data   RW          151    .data               w99683.o
    0x00029d40   0x000000fc   Data   RW          182    .data               jpegcodec.o
    0x00029e3c   0x00000008   Data   RW          228    .data               w55fa93_vpost.o
    0x00029e44   0x00000004   Data   RW          250    .data               w55fa93_vpost_driver.o
    0x00029e48   0x00000088   Data   RW          696    .data               W55FA93_usbh.lib(hub.o)
    0x00029ed0   0x00000018   Data   RW          758    .data               W55FA93_usbh.lib(support.o)
    0x00029ee8   0x00000028   Data   RW          782    .data               W55FA93_usbh.lib(usb.o)
    0x00029f10   0x00000328   Data   RW          805    .data               W55FA93_usbh.lib(umasdriver.o)
    0x0002a238   0x00000104   Data   RW          856    .data               W55FA93_syslib.lib(wb_aic.o)
    0x0002a33c   0x00000008   Data   RW          886    .data               W55FA93_syslib.lib(wb_cache.o)
    0x0002a344   0x00000040   Data   RW          902    .data               W55FA93_syslib.lib(wb_config.o)
    0x0002a384   0x00000068   Data   RW          922    .data               W55FA93_syslib.lib(wb_timer.o)
    0x0002a3ec   0x00000024   Data   RW          938    .data               W55FA93_syslib.lib(wb_uart.o)
    0x0002a410   0x0000000c   Data   RW          959    .data               W55FA93_nvtfat.lib(nvtfat.o)
    0x0002a41c   0x00000010   Data   RW          995    .data               W55FA93_nvtfat.lib(nvtfat_disk.o)
    0x0002a42c   0x00000094   Data   RW         1033    .data               W55FA93_usbh.lib(usb-ohci.o)
    0x0002a4c0   0x00000008   Data   RW         1070    .data               W55FA93_usbh.lib(umastransport.o)
    0x0002a4c8   0x00000030   Data   RW         1116    .data               W55FA93_usbh.lib(umasscsiglue.o)
    0x0002a4f8   0x00000008   Data   RW         1135    .data               W55FA93_syslib.lib(wb_mmu.o)
    0x0002a500   0x00000010   Data   RW         1167    .data               W55FA93_nvtfat.lib(nvtfat_fat_table.o)
    0x0002a510   0x00000010   Data   RW         1184    .data               W55FA93_nvtfat.lib(nvtfat_io.o)
    0x0002a520   0x00000018   Data   RW         1200    .data               W55FA93_nvtfat.lib(nvtfat_ldisk.o)
    0x0002a538   0x00000010   Data   RW         1224    .data               W55FA93_nvtfat.lib(nvtfat_lib.o)
    0x0002a548   0x00000034   Data   RW         1276    .data               W55FA93_nvtfat.lib(nvtfat_fop.o)
    0x0002a57c   0x00000004   Data   RW         1849    .data               c_5.l(heapauxa.o)
    0x0002a580   0x009802cc   Zero   RW            2    .bss                main.o
    0x009aa84c   0x00000014   PAD
    0x009aa860   0x00001700   Zero   RW          148    .bss                w99683.o
    0x009abf60   0x00000024   Zero   RW          181    .bss                jpegcodec.o
    0x009abf84   0x00000010   Zero   RW          249    .bss                w55fa93_vpost_driver.o
    0x009abf94   0x0000006c   PAD
    0x009ac000   0x00010000   Zero   RW          756    .bss                W55FA93_usbh.lib(support.o)
    0x009bc000   0x00000140   Zero   RW          921    .bss                W55FA93_syslib.lib(wb_timer.o)
    0x009bc140   0x00000174   Zero   RW          937    .bss                W55FA93_syslib.lib(wb_uart.o)
    0x009bc2b4   0x0000000c   PAD
    0x009bc2c0   0x0000ebe0   Zero   RW          957    .bss                W55FA93_nvtfat.lib(nvtfat.o)
    0x009caea0   0x00000244   Zero   RW          994    .bss                W55FA93_nvtfat.lib(nvtfat_disk.o)
    0x009cb0e4   0x00000040   Zero   RW         1018    .bss                W55FA93_nvtfat.lib(nvtfat_language.o)
    0x009cb124   0x000000dc   PAD
    0x009cb200   0x00001000   Zero   RW         1032    .bss                W55FA93_usbh.lib(usb-ohci.o)
    0x009cc200   0x00003e00   PAD
    0x009d0000   0x00024000   Zero   RW         1134    .bss                W55FA93_syslib.lib(wb_mmu.o)
    0x009f4000   0x00001000   Zero   RW         1150    .bss                W55FA93_syslib.lib(wb_power.o)
    0x009f5000   0x00008100   Zero   RW         1166    .bss                W55FA93_nvtfat.lib(nvtfat_fat_table.o)
    0x009fd100   0x00000f00   PAD
    0x009fe000   0x00020200   Zero   RW         1183    .bss                W55FA93_nvtfat.lib(nvtfat_io.o)
    0x00a1e200   0x00001000   Zero   RW         1223    .bss                W55FA93_nvtfat.lib(nvtfat_lib.o)
    0x00a1f200   0x00000060   Zero   RW         1728    .bss                c_5.l(libspace.o)


    Execution Region ZI (Base: 0x00a1f260, Size: 0x00000000, Max: 0xffffffff, ABSOLUTE)

    Base Addr    Size         Type   Attr      Idx    E Section Name        Object

    0x00a1f260   0x00000000   Data   RO         2012    linker$$defined$$symbols  anon$$obj.o


==============================================================================

Image component sizes


      Code (inc. data)   RO Data    RW Data    ZI Data      Debug   Object Name

      7716        144          0        252         36      11116   jpegcodec.o
      6468       1748        139         40    9962188      25551   main.o
         0          0          0          0          0       1084   spiflashdiskdriver.o
        64          4          0          0          0       1481   standalone.o
      1468        236          9       5180          0      16985   usb_keyboard.o
       156          8          0          8          0       8011   w55fa93_vpost.o
      3464         28          0          4         16      15237   w55fa93_vpost_driver.o
       612         32         20          0          0       2374   w55fa93_vpost_hannstar_hsd043i9w1.o
      7376       1304         75       2044       5888      28965   w99683.o
       220         64          0          0          0        392   wb_init.o

    ----------------------------------------------------------------------
     27544       3568        292       7528    9968256     111196   Object Totals
         0          0         48          0          0          0   (incl. Generated)
         0          0          1          0        128          0   (incl. Padding)

    ----------------------------------------------------------------------

      Code (inc. data)   RO Data    RW Data    ZI Data      Debug   Library Member Name

     10452        192          6         12      60384      38343   nvtfat.o
      3448         12          0          0          0       6304   nvtfat_dir.o
      3840         68          0         16        580      21409   nvtfat_disk.o
      1280         40          0         16      33024       3772   nvtfat_fat_table.o
     13624         68          0         52          0      30744   nvtfat_fop.o
      2384         32          0         16     131584       6449   nvtfat_io.o
      1396          4          0          0         64       4921   nvtfat_language.o
     11008        128         20         24          0      29983   nvtfat_ldisk.o
      1132         20          0         16       4096       3982   nvtfat_lib.o
      1632         20          0        260          0       9863   wb_aic.o
       732         12          0          8          0       2788   wb_cache.o
      4836        176         16         64          0       9368   wb_config.o
        12          0          0          0          0        196   wb_dcache.o
      1316         24          0          8     147456       3800   wb_mmu.o
         0          0          0          0       4096        527   wb_power.o
        36          0          0          0          0        204   wb_sysctl.o
      3264        112          0        104        320       7964   wb_timer.o
      3780         64          0         36        372       6774   wb_uart.o
      6636       1396        225        136          0      34972   hub.o
      2140        416         66         24      65536      16808   support.o
      9276       4680        262          0          0      13098   umasdebug.o
      4492       1152          5        808          0      42328   umasdriver.o
      3704        300        240          0          0      26862   umasprotocol.o
      3880        952         79         48          0       5882   umasscsiglue.o
      6536       1372        323          8          0      17934   umastransport.o
       632         24         51          0          0       2899   usb-debug.o
     14144        876          0        148       4096      27993   usb-ohci.o
     13456       1644        204         40          0      41797   usb.o
        96          2          0          0          0          0   __dclz77c.o
         8          0          0          0          0         68   __main.o
       392          6         17          0          0         76   __printf_flags_ss_wp.o
        14          0          0          0          0         60   __printf_wp.o
        60          8          0          0          0          0   __scatter.o
        40          0          0          0          0          0   __scatter_copy.o
        44          0          0          0          0          0   __scatter_zi.o
        54          0          0          0          0        100   _printf_char.o
        48          6          0          0          0         88   _printf_char_common.o
         8          0          0          0          0          0   _printf_d.o
       116         18          0          0          0         76   _printf_dec.o
       140          6         40          0          0        128   _printf_hex_int_ptr.o
       176          0          0          0          0         84   _printf_intcommon.o
        78          0          0          0          0        100   _printf_pad.o
         0          0          0          0          0          0   _printf_percent.o
         8          0          0          0          0          0   _printf_percent_end.o
         8          0          0          0          0          0   _printf_s.o
        82          0          0          0          0         72   _printf_str.o
         8          0          0          0          0          0   _printf_x.o
        10          0          0          0          0         60   _sputc.o
        16          0          0          0          0         68   aeabi_memset.o
       416          0          0          0          0        144   aeabi_sdiv.o
        12          0          0          0          0         68   defsig_exit.o
        52          0          0          0          0         72   defsig_general.o
        80         58          0          0          0         68   defsig_rtmem_inner.o
        12          0          0          0          0         68   defsig_rtmem_outer.o
        12          0          0          0          0         64   exit.o
        98          0          0          0          0         72   h1_alloc.o
        52          0          0          0          0         68   h1_extend.o
        76          0          0          0          0         72   h1_free.o
        14          0          0          0          0         76   h1_init.o
        80          4          0          4          0         88   heapauxa.o
         4          0          0          0          0        120   hguard.o
       136          0          0          0          0        160   init_alloc.o
         2          0          0          0          0          0   libinit.o
        10          0          0          0          0          0   libinit2.o
         2          0          0          0          0          0   libshutdown.o
         2          0          0          0          0          0   libshutdown2.o
        12          4          0          0         96         68   libspace.o
        80          0          0          0          0         76   llsdiv.o
       752         64          0          0          0         84   lludiv5.o
         0          0          0          0          0          0   maybetermalloc1.o
       116          0          0          0          0         68   memcmp.o
        40          4          0          0          0         84   noretval__2sprintf.o
        12          4          0          0          0         68   rt_heap_descriptor_intlibspace.o
        64          0          0          0          0         68   rt_memclr.o
        84          0          0          0          0         80   rt_memclr_w.o
       212          0          0          0          0         68   rt_memcpy.o
       100          0          0          0          0         80   rt_memcpy_w.o
         0          0          0          0          0          0   rtentry.o
        44          4          0          0          0          0   rtentry2.o
         8          0          0          0          0          0   rtentry4.o
         4          0          0          0          0          0   rtexit.o
        12          0          0          0          0          0   rtexit2.o
        44          0          0          0          0         68   rtudiv10.o
        24          0          0          0          0         60   strcat.o
       160          4          0          0          0         80   strcmp.o
        76          4          0          0          0         72   strcpy.o
        68          6          0          0          0         72   strlen.o
       108          4          0          0          0         76   strncpy.o
        96          0          0          0          0         80   sys_stackheap_outer.o
       400         76          0          0          0         96   fdiv.o
        84          4          0          0          0         84   ffixu.o
        88          0          0          0          0        136   fflt_clz.o
       256          4          0          0          0         84   fmul.o
       160          0          0          0          0         84   fnaninf.o
        16          0          0          0          0         68   fretinf.o
         0          0          0          0          0          0   usenofp.o

    ----------------------------------------------------------------------
    134664      14074       1564       1848     471648     421888   Library Totals
        10          0         10          0      19944          0   (incl. Padding)

    ----------------------------------------------------------------------

      Code (inc. data)   RO Data    RW Data    ZI Data      Debug   Library Name

     48564        564         26        152     229732     145907   W55FA93_nvtfat.lib
     15608        408         16        480     152244      41484   W55FA93_syslib.lib
     64896      12812       1455       1212      69632     230573   W55FA93_usbh.lib
      4582        206         57          4         96       3372   c_5.l
      1004         84          0          0          0        552   fz_5s.l

    ----------------------------------------------------------------------
    134664      14074       1564       1848     471648     421888   Library Totals

    ----------------------------------------------------------------------

==============================================================================


      Code (inc. data)   RO Data    RW Data    ZI Data      Debug   

    162208      17642       1856       9376   10439904     527052   Grand Totals
    162208      17642       1856       2192   10439904     527052   ELF Image Totals (compressed)
    162208      17642       1856       2192          0          0   ROM Totals

==============================================================================

    Total RO  Size (Code + RO Data)               164064 ( 160.22kB)
    Total RW  Size (RW Data + ZI Data)          10449280 (10204.38kB)
    Total ROM Size (Code + RO Data + RW Data)     166256 ( 162.36kB)

==============================================================================

