<!doctype html public "-//w3c//dtd html 4.0 transitional//en">
<html><head>
<title>Static Call Graph - [.\w99683_demo_Data\Release\w99683_demo.axf]</title></head>
<body><HR>
<H1>Static Call Graph for image .\w99683_demo_Data\Release\w99683_demo.axf</H1><HR>
<BR><P>#&#060CALLGRAPH&#062# ARM Linker, 5.03 [Build 76]: Last Updated: Fri Sep 02 11:46:12 2016
<BR><P>
<H3>Maximum Stack Usage =       3800 bytes + Unknown(Functions without stacksize, Cycles, Untraceable Function Pointers)</H3><H3>
Call chain for Maximum Stack Depth:</H3>
_move &rArr; fs_fat_rename_file &rArr; generate_short_name &rArr; fs_fat_get_next_dir_entry &rArr; __fread &rArr; fs_read_fat_table &rArr; fs_fat_check_out_sec &rArr; check_out_fat_sector &rArr; fsIORead &rArr; get_ioc_block &rArr; flush_cache_blocks
<P>
<H3>
Functions with no stack information
</H3><UL>
 <LI><a href="#[51]">Vector_Table</a>
 <LI><a href="#[32]">Reset_Go</a>
 <LI><a href="#[161]">sys_flush_and_clean_dcache</a>
 <LI><a href="#[1fe]">sysSetupCP15</a>
 <LI><a href="#[33]">Undefined_Handler</a>
 <LI><a href="#[34]">SWI_Handler1</a>
 <LI><a href="#[35]">Prefetch_Handler</a>
 <LI><a href="#[36]">Abort_Handler</a>
 <LI><a href="#[37]">IRQ_Handler</a>
 <LI><a href="#[38]">FIQ_Handler</a>
</UL>
</UL>
<P>
<H3>
Mutually Recursive functions
</H3> <LI><a href="#[161]">sys_flush_and_clean_dcache</a>&nbsp;&nbsp;&nbsp;&rArr;&nbsp;&nbsp;&nbsp;<a href="#[161]">sys_flush_and_clean_dcache</a><BR>
 <LI><a href="#[12b]">usb_check_support</a>&nbsp;&nbsp;&nbsp;&rArr;&nbsp;&nbsp;&nbsp;<a href="#[12b]">usb_check_support</a><BR>
 <LI><a href="#[10d]">USB_DisconnectDevice</a>&nbsp;&nbsp;&nbsp;&rArr;&nbsp;&nbsp;&nbsp;<a href="#[10d]">USB_DisconnectDevice</a><BR>
 <LI><a href="#[18b]">fsSetFileSize</a>&nbsp;&nbsp;&nbsp;&rArr;&nbsp;&nbsp;&nbsp;<a href="#[7b]">fsOpenFile</a><BR>
 <LI><a href="#[33]">Undefined_Handler</a>&nbsp;&nbsp;&nbsp;&rArr;&nbsp;&nbsp;&nbsp;<a href="#[33]">Undefined_Handler</a><BR>
 <LI><a href="#[34]">SWI_Handler1</a>&nbsp;&nbsp;&nbsp;&rArr;&nbsp;&nbsp;&nbsp;<a href="#[34]">SWI_Handler1</a><BR>
 <LI><a href="#[35]">Prefetch_Handler</a>&nbsp;&nbsp;&nbsp;&rArr;&nbsp;&nbsp;&nbsp;<a href="#[35]">Prefetch_Handler</a><BR>
 <LI><a href="#[36]">Abort_Handler</a>&nbsp;&nbsp;&nbsp;&rArr;&nbsp;&nbsp;&nbsp;<a href="#[36]">Abort_Handler</a><BR>
 <LI><a href="#[37]">IRQ_Handler</a>&nbsp;&nbsp;&nbsp;&rArr;&nbsp;&nbsp;&nbsp;<a href="#[37]">IRQ_Handler</a><BR>
 <LI><a href="#[38]">FIQ_Handler</a>&nbsp;&nbsp;&nbsp;&rArr;&nbsp;&nbsp;&nbsp;<a href="#[38]">FIQ_Handler</a><BR>
 <LI><a href="#[1b2]">parse_partition_records</a>&nbsp;&nbsp;&nbsp;&rArr;&nbsp;&nbsp;&nbsp;<a href="#[1b2]">parse_partition_records</a><BR>
</UL>
<P>
<H3>
Function Pointers
</H3><UL>
 <LI><a href="#[36]">Abort_Handler</a> from wb_init.o(WB_INIT) referenced from wb_init.o(WB_INIT)
 <LI><a href="#[38]">FIQ_Handler</a> from wb_init.o(WB_INIT) referenced from wb_init.o(WB_INIT)
 <LI><a href="#[37]">IRQ_Handler</a> from wb_init.o(WB_INIT) referenced from wb_init.o(WB_INIT)
 <LI><a href="#[6d]">JpegDecHeaderComplete</a> from main.o(.text) referenced from main.o(.text)
 <LI><a href="#[95]">MassStotrageConnection</a> from main.o(.text) referenced from main.o(.text)
 <LI><a href="#[3a]">MassStotrageDisconnection</a> from main.o(.text) referenced from main.o(.text)
 <LI><a href="#[35]">Prefetch_Handler</a> from wb_init.o(WB_INIT) referenced from wb_init.o(WB_INIT)
 <LI><a href="#[32]">Reset_Go</a> from wb_init.o(WB_INIT) referenced from wb_init.o(WB_INIT)
 <LI><a href="#[34]">SWI_Handler1</a> from wb_init.o(WB_INIT) referenced from wb_init.o(WB_INIT)
 <LI><a href="#[49]">UMAS_AtapiCommand</a> from umasprotocol.o(.text) referenced from umasdriver.o(.text)
 <LI><a href="#[47]">UMAS_BulkReset</a> from umastransport.o(.text) referenced from umasdriver.o(.text)
 <LI><a href="#[46]">UMAS_BulkTransport</a> from umastransport.o(.text) referenced from umasdriver.o(.text)
 <LI><a href="#[44]">UMAS_CbReset</a> from umastransport.o(.text) referenced from umasdriver.o(.text)
 <LI><a href="#[43]">UMAS_CbTransport</a> from umastransport.o(.text) referenced from umasdriver.o(.text)
 <LI><a href="#[42]">UMAS_CbiIrq</a> from umastransport.o(.text) referenced from umasdriver.o(.text)
 <LI><a href="#[45]">UMAS_CbiTransport</a> from umastransport.o(.text) referenced from umasdriver.o(.text)
 <LI><a href="#[4a]">UMAS_Qic157Command</a> from umasprotocol.o(.text) referenced from umasdriver.o(.text)
 <LI><a href="#[48]">UMAS_TransparentScsiCommand</a> from umasprotocol.o(.text) referenced from umasdriver.o(.text)
 <LI><a href="#[4b]">UMAS_UfiCommand</a> from umasprotocol.o(.text) referenced from umasdriver.o(.text)
 <LI><a href="#[33]">Undefined_Handler</a> from wb_init.o(WB_INIT) referenced from wb_init.o(WB_INIT)
 <LI><a href="#[11]">W99683Cam_Disconnect</a> from w99683.o(.text) referenced 2 times from w99683.o(.data)
 <LI><a href="#[10]">W99683Cam_Probe</a> from w99683.o(.text) referenced 2 times from w99683.o(.data)
 <LI><a href="#[17]">WB_Interrupt_Shell</a> from wb_aic.o(.text) referenced 124 times from wb_aic.o(.data)
 <LI><a href="#[29]">__fclose</a> from nvtfat_fop.o(.text) referenced 2 times from nvtfat_fop.o(.data)
 <LI><a href="#[2c]">__fget_stat</a> from nvtfat_fop.o(.text) referenced 2 times from nvtfat_fop.o(.data)
 <LI><a href="#[30]">__find_close</a> from nvtfat_fop.o(.text) referenced 2 times from nvtfat_fop.o(.data)
 <LI><a href="#[2e]">__find_first</a> from nvtfat_fop.o(.text) referenced 2 times from nvtfat_fop.o(.data)
 <LI><a href="#[2f]">__find_next</a> from nvtfat_fop.o(.text) referenced 2 times from nvtfat_fop.o(.data)
 <LI><a href="#[31]">__fioctl</a> from nvtfat_fop.o(.text) referenced 2 times from nvtfat_fop.o(.data)
 <LI><a href="#[26]">__fopen</a> from nvtfat_fop.o(.text) referenced 2 times from nvtfat_fop.o(.data)
 <LI><a href="#[27]">__fread</a> from nvtfat_fop.o(.text) referenced 2 times from nvtfat_fop.o(.data)
 <LI><a href="#[2b]">__fseek</a> from nvtfat_fop.o(.text) referenced 2 times from nvtfat_fop.o(.data)
 <LI><a href="#[2d]">__fset_stat</a> from nvtfat_fop.o(.text) referenced 2 times from nvtfat_fop.o(.data)
 <LI><a href="#[2a]">__fsizing</a> from nvtfat_fop.o(.text) referenced 2 times from nvtfat_fop.o(.data)
 <LI><a href="#[28]">__fwrite</a> from nvtfat_fop.o(.text) referenced 2 times from nvtfat_fop.o(.data)
 <LI><a href="#[21]">_delfile</a> from nvtfat_ldisk.o(.text) referenced 2 times from nvtfat_ldisk.o(.data)
 <LI><a href="#[22]">_mkdir</a> from nvtfat_ldisk.o(.text) referenced 2 times from nvtfat_ldisk.o(.data)
 <LI><a href="#[24]">_move</a> from nvtfat_ldisk.o(.text) referenced 4 times from nvtfat_ldisk.o(.data)
 <LI><a href="#[50]">_printf_input_char</a> from _printf_char_common.o(.text) referenced from _printf_char_common.o(.text)
 <LI><a href="#[23]">_rmdir</a> from nvtfat_ldisk.o(.text) referenced 2 times from nvtfat_ldisk.o(.data)
 <LI><a href="#[4f]">_sputc</a> from _sputc.o(.text) referenced from noretval__2sprintf.o(.text)
 <LI><a href="#[25]">_volume_label</a> from nvtfat_ldisk.o(.text) referenced 2 times from nvtfat_ldisk.o(.data)
 <LI><a href="#[13]">hub_disconnect</a> from hub.o(.text) referenced 2 times from hub.o(.data)
 <LI><a href="#[14]">hub_ioctl</a> from hub.o(.text) referenced 2 times from hub.o(.data)
 <LI><a href="#[3f]">hub_irq</a> from hub.o(.text) referenced from hub.o(.text)
 <LI><a href="#[12]">hub_probe</a> from hub.o(.text) referenced 2 times from hub.o(.data)
 <LI><a href="#[d5]">jpegISR</a> from jpegcodec.o(.text) referenced from jpegcodec.o(.text)
 <LI><a href="#[39]">main</a> from main.o(.text) referenced from rtentry2.o(.ARM.Collect$$rtentry$$0000000D)
 <LI><a href="#[41]">ohci_irq</a> from usb-ohci.o(.text) referenced from usb.o(.text)
 <LI><a href="#[18]">sohci_alloc_dev</a> from usb-ohci.o(.text) referenced 2 times from usb-ohci.o(.data)
 <LI><a href="#[19]">sohci_free_dev</a> from usb-ohci.o(.text) referenced 2 times from usb-ohci.o(.data)
 <LI><a href="#[1a]">sohci_get_current_frame_number</a> from usb-ohci.o(.text) referenced 2 times from usb-ohci.o(.data)
 <LI><a href="#[1b]">sohci_submit_urb</a> from usb-ohci.o(.text) referenced 2 times from usb-ohci.o(.data)
 <LI><a href="#[1c]">sohci_unlink_urb</a> from usb-ohci.o(.text) referenced 2 times from usb-ohci.o(.data)
 <LI><a href="#[16]">storage_disconnect</a> from umasdriver.o(.text) referenced 2 times from umasdriver.o(.data)
 <LI><a href="#[15]">storage_probe</a> from umasdriver.o(.text) referenced 2 times from umasdriver.o(.data)
 <LI><a href="#[16a]">sysClockDiv</a> from wb_config.o(.text) referenced from wb_config.o(.text)
 <LI><a href="#[167]">sysClockSwitch</a> from wb_config.o(.text) referenced from wb_config.o(.text)
 <LI><a href="#[15d]">sysFiqHandler</a> from wb_aic.o(.text) referenced from wb_aic.o(.text)
 <LI><a href="#[163]">sysInitDDR</a> from wb_config.o(.text) referenced from wb_config.o(.text)
 <LI><a href="#[15c]">sysIrqHandler</a> from wb_aic.o(.text) referenced from wb_aic.o(.text)
 <LI><a href="#[4c]">sysTimerISR</a> from wb_timer.o(.text) referenced 2 times from wb_timer.o(.text)
 <LI><a href="#[4d]">sysUartISR</a> from wb_uart.o(.text) referenced 2 times from wb_uart.o(.text)
 <LI><a href="#[1d]">umas_disk_init</a> from umasscsiglue.o(.text) referenced 2 times from umasscsiglue.o(.data)
 <LI><a href="#[20]">umas_disk_ioctl</a> from umasscsiglue.o(.text) referenced 2 times from umasscsiglue.o(.data)
 <LI><a href="#[1e]">umas_disk_read</a> from umasscsiglue.o(.text) referenced 2 times from umasscsiglue.o(.data)
 <LI><a href="#[1f]">umas_disk_write</a> from umasscsiglue.o(.text) referenced 2 times from umasscsiglue.o(.data)
 <LI><a href="#[40]">usb_api_blocking_completion</a> from usb.o(.text) referenced from usb.o(.text)
 <LI><a href="#[f]">usb_kbd_disconnect</a> from usb_keyboard.o(.text) referenced 2 times from usb_keyboard.o(.data)
 <LI><a href="#[3b]">usb_kbd_irq</a> from usb_keyboard.o(.text) referenced from usb_keyboard.o(.text)
 <LI><a href="#[3c]">usb_kbd_led</a> from usb_keyboard.o(.text) referenced from usb_keyboard.o(.text)
 <LI><a href="#[e]">usb_kbd_probe</a> from usb_keyboard.o(.text) referenced 2 times from usb_keyboard.o(.data)
 <LI><a href="#[4e]">usb_stor_blocking_completion</a> from umastransport.o(.text) referenced from umastransport.o(.text)
 <LI><a href="#[3d]">usbvideo_IsocIrq</a> from w99683.o(.text) referenced from w99683.o(.text)
 <LI><a href="#[3e]">vpostISR</a> from w55fa93_vpost_driver.o(.text) referenced from w55fa93_vpost_driver.o(.text)
</UL>
<P>
<H3>
Global Symbols
</H3>
<P><STRONG><a name="[51]"></a>Vector_Table</STRONG> (ARM, 0 bytes, Stack size unknown bytes, wb_init.o(WB_INIT))
<BR><BR>[Calls]<UL><LI><a href="#[32]">&gt;&gt;</a>&nbsp;&nbsp;&nbsp;Reset_Go
</UL>

<P><STRONG><a name="[32]"></a>Reset_Go</STRONG> (ARM, 0 bytes, Stack size unknown bytes, wb_init.o(WB_INIT))
<BR><BR>[Calls]<UL><LI><a href="#[52]">&gt;&gt;</a>&nbsp;&nbsp;&nbsp;__main
</UL>
<BR>[Called By]<UL><LI><a href="#[51]">&gt;&gt;</a>&nbsp;&nbsp;&nbsp;Vector_Table
</UL>
<BR>[Address Reference Count : 1]<UL><LI> wb_init.o(WB_INIT)
</UL>
<P><STRONG><a name="[52]"></a>__main</STRONG> (ARM, 8 bytes, Stack size 0 bytes, __main.o(!!!main))
<BR><BR>[Calls]<UL><LI><a href="#[54]">&gt;&gt;</a>&nbsp;&nbsp;&nbsp;__rt_entry
<LI><a href="#[53]">&gt;&gt;</a>&nbsp;&nbsp;&nbsp;__scatterload
</UL>
<BR>[Called By]<UL><LI><a href="#[32]">&gt;&gt;</a>&nbsp;&nbsp;&nbsp;Reset_Go
</UL>

<P><STRONG><a name="[53]"></a>__scatterload</STRONG> (ARM, 0 bytes, Stack size unknown bytes, __scatter.o(!!!scatter))
<BR><BR>[Called By]<UL><LI><a href="#[52]">&gt;&gt;</a>&nbsp;&nbsp;&nbsp;__main
</UL>

<P><STRONG><a name="[55]"></a>__scatterload_rt2</STRONG> (ARM, 52 bytes, Stack size unknown bytes, __scatter.o(!!!scatter), UNUSED)
<BR><BR>[Calls]<UL><LI><a href="#[54]">&gt;&gt;</a>&nbsp;&nbsp;&nbsp;__rt_entry
</UL>

<P><STRONG><a name="[264]"></a>__scatterload_null</STRONG> (ARM, 0 bytes, Stack size unknown bytes, __scatter.o(!!!scatter), UNUSED)

<P><STRONG><a name="[265]"></a>__decompress</STRONG> (ARM, 96 bytes, Stack size unknown bytes, __dclz77c.o(!!dclz77c), UNUSED)

<P><STRONG><a name="[266]"></a>__decompress2</STRONG> (ARM, 0 bytes, Stack size unknown bytes, __dclz77c.o(!!dclz77c), UNUSED)

<P><STRONG><a name="[56]"></a>__scatterload_copy</STRONG> (ARM, 40 bytes, Stack size unknown bytes, __scatter_copy.o(!!handler_copy), UNUSED)
<BR><BR>[Calls]<UL><LI><a href="#[56]">&gt;&gt;</a>&nbsp;&nbsp;&nbsp;__scatterload_copy
</UL>
<BR>[Called By]<UL><LI><a href="#[56]">&gt;&gt;</a>&nbsp;&nbsp;&nbsp;__scatterload_copy
</UL>

<P><STRONG><a name="[267]"></a>__scatterload_zeroinit</STRONG> (ARM, 44 bytes, Stack size unknown bytes, __scatter_zi.o(!!handler_zi), UNUSED)

<P><STRONG><a name="[57]"></a>_printf_d</STRONG> (ARM, 0 bytes, Stack size unknown bytes, _printf_d.o(.ARM.Collect$$_printf_percent$$00000009))
<BR><BR>[Stack]<UL><LI>Max Depth = 88 + Unknown Stack Size
<LI>Call Chain = _printf_d &rArr; _printf_int_dec &rArr; _printf_int_common &rArr; _printf_post_padding
</UL>
<BR>[Calls]<UL><LI><a href="#[58]">&gt;&gt;</a>&nbsp;&nbsp;&nbsp;_printf_int_dec (via Veneer)
</UL>

<P><STRONG><a name="[245]"></a>_printf_percent</STRONG> (ARM, 0 bytes, Stack size unknown bytes, _printf_percent.o(.ARM.Collect$$_printf_percent$$00000000))
<BR><BR>[Called By]<UL><LI><a href="#[243]">&gt;&gt;</a>&nbsp;&nbsp;&nbsp;__printf (via BLX)
</UL>

<P><STRONG><a name="[59]"></a>_printf_x</STRONG> (ARM, 0 bytes, Stack size unknown bytes, _printf_x.o(.ARM.Collect$$_printf_percent$$0000000C))
<BR><BR>[Stack]<UL><LI>Max Depth = 88 + Unknown Stack Size
<LI>Call Chain = _printf_x &rArr; _printf_int_hex &rArr; _printf_longlong_hex &rArr; _printf_int_common &rArr; _printf_post_padding
</UL>
<BR>[Calls]<UL><LI><a href="#[5a]">&gt;&gt;</a>&nbsp;&nbsp;&nbsp;_printf_int_hex (via Veneer)
</UL>

<P><STRONG><a name="[5b]"></a>_printf_s</STRONG> (ARM, 0 bytes, Stack size unknown bytes, _printf_s.o(.ARM.Collect$$_printf_percent$$00000014))
<BR><BR>[Stack]<UL><LI>Max Depth = 40 + Unknown Stack Size
<LI>Call Chain = _printf_s &rArr; _printf_string &rArr; _printf_cs_common &rArr; _printf_str &rArr; _printf_post_padding
</UL>
<BR>[Calls]<UL><LI><a href="#[5c]">&gt;&gt;</a>&nbsp;&nbsp;&nbsp;_printf_string (via Veneer)
</UL>

<P><STRONG><a name="[268]"></a>_printf_percent_end</STRONG> (ARM, 0 bytes, Stack size unknown bytes, _printf_percent_end.o(.ARM.Collect$$_printf_percent$$00000017))

<P><STRONG><a name="[62]"></a>__rt_lib_init</STRONG> (Thumb, 0 bytes, Stack size unknown bytes, libinit.o(.ARM.Collect$$libinit$$00000000))
<BR><BR>[Called By]<UL><LI><a href="#[61]">&gt;&gt;</a>&nbsp;&nbsp;&nbsp;__rt_entry_li (via BLX)
</UL>

<P><STRONG><a name="[269]"></a>__rt_lib_init_fp_1</STRONG> (Thumb, 0 bytes, Stack size unknown bytes, libinit2.o(.ARM.Collect$$libinit$$00000002))

<P><STRONG><a name="[5d]"></a>__rt_lib_init_heap_2</STRONG> (Thumb, 0 bytes, Stack size unknown bytes, libinit2.o(.ARM.Collect$$libinit$$00000003))
<BR><BR>[Stack]<UL><LI>Max Depth = 56 + Unknown Stack Size
<LI>Call Chain = __rt_lib_init_heap_2 &rArr; _init_alloc &rArr; __rt_SIGRTMEM &rArr; __rt_SIGRTMEM_inner &rArr; __default_signal_display
</UL>
<BR>[Calls]<UL><LI><a href="#[5e]">&gt;&gt;</a>&nbsp;&nbsp;&nbsp;_init_alloc
</UL>

<P><STRONG><a name="[26a]"></a>__rt_lib_init_alloca_1</STRONG> (Thumb, 0 bytes, Stack size unknown bytes, libinit2.o(.ARM.Collect$$libinit$$0000002C))

<P><STRONG><a name="[26b]"></a>__rt_lib_init_argv_1</STRONG> (Thumb, 0 bytes, Stack size unknown bytes, libinit2.o(.ARM.Collect$$libinit$$0000002A))

<P><STRONG><a name="[26c]"></a>__rt_lib_init_atexit_1</STRONG> (Thumb, 0 bytes, Stack size unknown bytes, libinit2.o(.ARM.Collect$$libinit$$00000019))

<P><STRONG><a name="[26d]"></a>__rt_lib_init_clock_1</STRONG> (Thumb, 0 bytes, Stack size unknown bytes, libinit2.o(.ARM.Collect$$libinit$$0000001F))

<P><STRONG><a name="[26e]"></a>__rt_lib_init_cpp_1</STRONG> (Thumb, 0 bytes, Stack size unknown bytes, libinit2.o(.ARM.Collect$$libinit$$00000030))

<P><STRONG><a name="[26f]"></a>__rt_lib_init_exceptions_1</STRONG> (Thumb, 0 bytes, Stack size unknown bytes, libinit2.o(.ARM.Collect$$libinit$$0000002E))

<P><STRONG><a name="[270]"></a>__rt_lib_init_fp_trap_1</STRONG> (Thumb, 0 bytes, Stack size unknown bytes, libinit2.o(.ARM.Collect$$libinit$$0000001D))

<P><STRONG><a name="[271]"></a>__rt_lib_init_getenv_1</STRONG> (Thumb, 0 bytes, Stack size unknown bytes, libinit2.o(.ARM.Collect$$libinit$$00000021))

<P><STRONG><a name="[272]"></a>__rt_lib_init_heap_1</STRONG> (Thumb, 0 bytes, Stack size unknown bytes, libinit2.o(.ARM.Collect$$libinit$$00000008))

<P><STRONG><a name="[273]"></a>__rt_lib_init_lc_collate_1</STRONG> (Thumb, 0 bytes, Stack size unknown bytes, libinit2.o(.ARM.Collect$$libinit$$0000000F))

<P><STRONG><a name="[274]"></a>__rt_lib_init_lc_ctype_1</STRONG> (Thumb, 0 bytes, Stack size unknown bytes, libinit2.o(.ARM.Collect$$libinit$$00000011))

<P><STRONG><a name="[275]"></a>__rt_lib_init_lc_monetary_1</STRONG> (Thumb, 0 bytes, Stack size unknown bytes, libinit2.o(.ARM.Collect$$libinit$$00000013))

<P><STRONG><a name="[276]"></a>__rt_lib_init_lc_numeric_1</STRONG> (Thumb, 0 bytes, Stack size unknown bytes, libinit2.o(.ARM.Collect$$libinit$$00000015))

<P><STRONG><a name="[277]"></a>__rt_lib_init_lc_time_1</STRONG> (Thumb, 0 bytes, Stack size unknown bytes, libinit2.o(.ARM.Collect$$libinit$$00000017))

<P><STRONG><a name="[278]"></a>__rt_lib_init_rand_1</STRONG> (Thumb, 0 bytes, Stack size unknown bytes, libinit2.o(.ARM.Collect$$libinit$$0000000C))

<P><STRONG><a name="[279]"></a>__rt_lib_init_return</STRONG> (Thumb, 0 bytes, Stack size unknown bytes, libinit2.o(.ARM.Collect$$libinit$$00000031))

<P><STRONG><a name="[27a]"></a>__rt_lib_init_signal_1</STRONG> (Thumb, 0 bytes, Stack size unknown bytes, libinit2.o(.ARM.Collect$$libinit$$0000001B))

<P><STRONG><a name="[27b]"></a>__rt_lib_init_stdio_1</STRONG> (Thumb, 0 bytes, Stack size unknown bytes, libinit2.o(.ARM.Collect$$libinit$$00000023))

<P><STRONG><a name="[27c]"></a>__rt_lib_init_user_alloc_1</STRONG> (Thumb, 0 bytes, Stack size unknown bytes, libinit2.o(.ARM.Collect$$libinit$$0000000A))

<P><STRONG><a name="[66]"></a>__rt_lib_shutdown</STRONG> (Thumb, 0 bytes, Stack size unknown bytes, libshutdown.o(.ARM.Collect$$libshutdown$$00000000))
<BR><BR>[Called By]<UL><LI><a href="#[65]">&gt;&gt;</a>&nbsp;&nbsp;&nbsp;__rt_exit_ls (via BLX)
</UL>

<P><STRONG><a name="[27d]"></a>__rt_lib_shutdown_fp_trap_1</STRONG> (Thumb, 0 bytes, Stack size unknown bytes, libshutdown2.o(.ARM.Collect$$libshutdown$$00000006))

<P><STRONG><a name="[27e]"></a>__rt_lib_shutdown_heap_1</STRONG> (Thumb, 0 bytes, Stack size unknown bytes, libshutdown2.o(.ARM.Collect$$libshutdown$$0000000E))

<P><STRONG><a name="[27f]"></a>__rt_lib_shutdown_return</STRONG> (Thumb, 0 bytes, Stack size unknown bytes, libshutdown2.o(.ARM.Collect$$libshutdown$$0000000F))

<P><STRONG><a name="[280]"></a>__rt_lib_shutdown_signal_1</STRONG> (Thumb, 0 bytes, Stack size unknown bytes, libshutdown2.o(.ARM.Collect$$libshutdown$$00000009))

<P><STRONG><a name="[281]"></a>__rt_lib_shutdown_stdio_1</STRONG> (Thumb, 0 bytes, Stack size unknown bytes, libshutdown2.o(.ARM.Collect$$libshutdown$$00000003))

<P><STRONG><a name="[282]"></a>__rt_lib_shutdown_user_alloc_1</STRONG> (Thumb, 0 bytes, Stack size unknown bytes, libshutdown2.o(.ARM.Collect$$libshutdown$$0000000B))

<P><STRONG><a name="[54]"></a>__rt_entry</STRONG> (ARM, 0 bytes, Stack size unknown bytes, rtentry.o(.ARM.Collect$$rtentry$$00000000))
<BR><BR>[Called By]<UL><LI><a href="#[52]">&gt;&gt;</a>&nbsp;&nbsp;&nbsp;__main
<LI><a href="#[55]">&gt;&gt;</a>&nbsp;&nbsp;&nbsp;__scatterload_rt2
</UL>

<P><STRONG><a name="[283]"></a>__rt_entry_presh_1</STRONG> (ARM, 0 bytes, Stack size unknown bytes, rtentry2.o(.ARM.Collect$$rtentry$$00000002))

<P><STRONG><a name="[5f]"></a>__rt_entry_sh</STRONG> (ARM, 0 bytes, Stack size unknown bytes, rtentry4.o(.ARM.Collect$$rtentry$$00000004))
<BR><BR>[Stack]<UL><LI>Max Depth = 40 + Unknown Stack Size
<LI>Call Chain = __rt_entry_sh &rArr; __user_setup_stackheap &rArr; __user_initial_stackheap
</UL>
<BR>[Calls]<UL><LI><a href="#[60]">&gt;&gt;</a>&nbsp;&nbsp;&nbsp;__user_setup_stackheap
</UL>

<P><STRONG><a name="[61]"></a>__rt_entry_li</STRONG> (ARM, 0 bytes, Stack size unknown bytes, rtentry2.o(.ARM.Collect$$rtentry$$0000000A))
<BR><BR>[Calls]<UL><LI><a href="#[62]">&gt;&gt;</a>&nbsp;&nbsp;&nbsp;__rt_lib_init (via BLX)
</UL>

<P><STRONG><a name="[284]"></a>__rt_entry_postsh_1</STRONG> (ARM, 0 bytes, Stack size unknown bytes, rtentry2.o(.ARM.Collect$$rtentry$$00000009))

<P><STRONG><a name="[63]"></a>__rt_entry_main</STRONG> (ARM, 0 bytes, Stack size unknown bytes, rtentry2.o(.ARM.Collect$$rtentry$$0000000D))
<BR><BR>[Calls]<UL><LI><a href="#[64]">&gt;&gt;</a>&nbsp;&nbsp;&nbsp;exit (via BX)
</UL>

<P><STRONG><a name="[285]"></a>__rt_entry_postli_1</STRONG> (ARM, 0 bytes, Stack size unknown bytes, rtentry2.o(.ARM.Collect$$rtentry$$0000000C))

<P><STRONG><a name="[247]"></a>__rt_exit</STRONG> (ARM, 0 bytes, Stack size unknown bytes, rtexit.o(.ARM.Collect$$rtexit$$00000000))
<BR><BR>[Called By]<UL><LI><a href="#[64]">&gt;&gt;</a>&nbsp;&nbsp;&nbsp;exit (via BLX)
</UL>

<P><STRONG><a name="[65]"></a>__rt_exit_ls</STRONG> (ARM, 0 bytes, Stack size unknown bytes, rtexit2.o(.ARM.Collect$$rtexit$$00000003))
<BR><BR>[Calls]<UL><LI><a href="#[66]">&gt;&gt;</a>&nbsp;&nbsp;&nbsp;__rt_lib_shutdown (via BLX)
</UL>

<P><STRONG><a name="[286]"></a>__rt_exit_prels_1</STRONG> (ARM, 0 bytes, Stack size unknown bytes, rtexit2.o(.ARM.Collect$$rtexit$$00000002))

<P><STRONG><a name="[67]"></a>__rt_exit_exit</STRONG> (ARM, 0 bytes, Stack size unknown bytes, rtexit2.o(.ARM.Collect$$rtexit$$00000004))
<BR><BR>[Calls]<UL><LI><a href="#[68]">&gt;&gt;</a>&nbsp;&nbsp;&nbsp;_sys_exit
</UL>

<P><STRONG><a name="[287]"></a>_maybe_terminate_alloc</STRONG> (Thumb, 0 bytes, Stack size 40 bytes, maybetermalloc1.o(.emb_text), UNUSED)

<P><STRONG><a name="[69]"></a>intToStr</STRONG> (ARM, 132 bytes, Stack size 40 bytes, main.o(.text))
<BR><BR>[Stack]<UL><LI>Max Depth = 40 + Unknown Stack Size
<LI>Call Chain = intToStr
</UL>
<BR>[Calls]<UL><LI><a href="#[6a]">&gt;&gt;</a>&nbsp;&nbsp;&nbsp;__aeabi_uidivmod
</UL>
<BR>[Called By]<UL><LI><a href="#[96]">&gt;&gt;</a>&nbsp;&nbsp;&nbsp;JpegDecTest
</UL>

<P><STRONG><a name="[6b]"></a>initVPost4test</STRONG> (ARM, 72 bytes, Stack size 8 bytes, main.o(.text))
<BR><BR>[Stack]<UL><LI>Max Depth = 136 + Unknown Stack Size
<LI>Call Chain = initVPost4test &rArr; vpostLCMInit &rArr; vpostLCMInit_HANNSTAR_HSD043I9W1 &rArr; vpostAllocVABuffer &rArr; malloc &rArr; __Heap_Full &rArr; __Heap_ProvideMemory &rArr; free
</UL>
<BR>[Calls]<UL><LI><a href="#[6c]">&gt;&gt;</a>&nbsp;&nbsp;&nbsp;vpostLCMInit
</UL>
<BR>[Called By]<UL><LI><a href="#[39]">&gt;&gt;</a>&nbsp;&nbsp;&nbsp;main
</UL>

<P><STRONG><a name="[6d]"></a>JpegDecHeaderComplete</STRONG> (ARM, 280 bytes, Stack size 64 bytes, main.o(.text))
<BR><BR>[Stack]<UL><LI>Max Depth = 236 + Unknown Stack Size
<LI>Call Chain = JpegDecHeaderComplete &rArr; sysprintf &rArr; FormatItem &rArr; sysPutNumber &rArr; sysPutStringReverse
</UL>
<BR>[Calls]<UL><LI><a href="#[6f]">&gt;&gt;</a>&nbsp;&nbsp;&nbsp;sysprintf
<LI><a href="#[70]">&gt;&gt;</a>&nbsp;&nbsp;&nbsp;jpegIoctl
<LI><a href="#[6e]">&gt;&gt;</a>&nbsp;&nbsp;&nbsp;jpegGetInfo
<LI><a href="#[71]">&gt;&gt;</a>&nbsp;&nbsp;&nbsp;__aeabi_memset
</UL>
<BR>[Address Reference Count : 1]<UL><LI> main.o(.text)
</UL>
<P><STRONG><a name="[72]"></a>JpegEncTest</STRONG> (ARM, 544 bytes, Stack size 64 bytes, main.o(.text))
<BR><BR>[Stack]<UL><LI>Max Depth = 236 + Unknown Stack Size
<LI>Call Chain = JpegEncTest &rArr; sysprintf &rArr; FormatItem &rArr; sysPutNumber &rArr; sysPutStringReverse
</UL>
<BR>[Calls]<UL><LI><a href="#[6f]">&gt;&gt;</a>&nbsp;&nbsp;&nbsp;sysprintf
<LI><a href="#[75]">&gt;&gt;</a>&nbsp;&nbsp;&nbsp;jpegWait
<LI><a href="#[73]">&gt;&gt;</a>&nbsp;&nbsp;&nbsp;jpegOpen
<LI><a href="#[70]">&gt;&gt;</a>&nbsp;&nbsp;&nbsp;jpegIoctl
<LI><a href="#[74]">&gt;&gt;</a>&nbsp;&nbsp;&nbsp;jpegInit
<LI><a href="#[6e]">&gt;&gt;</a>&nbsp;&nbsp;&nbsp;jpegGetInfo
<LI><a href="#[76]">&gt;&gt;</a>&nbsp;&nbsp;&nbsp;jpegClose
</UL>
<BR>[Called By]<UL><LI><a href="#[99]">&gt;&gt;</a>&nbsp;&nbsp;&nbsp;PenDriverAccess
</UL>

<P><STRONG><a name="[77]"></a>GetJpegImage</STRONG> (ARM, 212 bytes, Stack size 32 bytes, main.o(.text), UNUSED)
<BR><BR>[Calls]<UL><LI><a href="#[78]">&gt;&gt;</a>&nbsp;&nbsp;&nbsp;W99683_GetFramePiece
<LI><a href="#[79]">&gt;&gt;</a>&nbsp;&nbsp;&nbsp;__aeabi_memcpy
</UL>
<BR>[Called By]<UL><LI><a href="#[87]">&gt;&gt;</a>&nbsp;&nbsp;&nbsp;Isochronous_Test
<LI><a href="#[83]">&gt;&gt;</a>&nbsp;&nbsp;&nbsp;Test
<LI><a href="#[7f]">&gt;&gt;</a>&nbsp;&nbsp;&nbsp;copy_file
<LI><a href="#[7a]">&gt;&gt;</a>&nbsp;&nbsp;&nbsp;Action_Compare
</UL>

<P><STRONG><a name="[7f]"></a>copy_file</STRONG> (ARM, 452 bytes, Stack size 64 bytes, main.o(.text), UNUSED)
<BR><BR>[Calls]<UL><LI><a href="#[82]">&gt;&gt;</a>&nbsp;&nbsp;&nbsp;fsWriteFile
<LI><a href="#[7c]">&gt;&gt;</a>&nbsp;&nbsp;&nbsp;fsReadFile
<LI><a href="#[7b]">&gt;&gt;</a>&nbsp;&nbsp;&nbsp;fsOpenFile
<LI><a href="#[7d]">&gt;&gt;</a>&nbsp;&nbsp;&nbsp;fsCloseFile
<LI><a href="#[77]">&gt;&gt;</a>&nbsp;&nbsp;&nbsp;GetJpegImage
<LI><a href="#[81]">&gt;&gt;</a>&nbsp;&nbsp;&nbsp;free (via BLX)
<LI><a href="#[80]">&gt;&gt;</a>&nbsp;&nbsp;&nbsp;malloc (via BLX)
</UL>
<BR>[Called By]<UL><LI><a href="#[83]">&gt;&gt;</a>&nbsp;&nbsp;&nbsp;Test
</UL>

<P><STRONG><a name="[83]"></a>Test</STRONG> (ARM, 348 bytes, Stack size 192 bytes, main.o(.text), UNUSED)
<BR><BR>[Calls]<UL><LI><a href="#[6f]">&gt;&gt;</a>&nbsp;&nbsp;&nbsp;sysprintf
<LI><a href="#[86]">&gt;&gt;</a>&nbsp;&nbsp;&nbsp;fsDeleteFile
<LI><a href="#[85]">&gt;&gt;</a>&nbsp;&nbsp;&nbsp;fsAsciiToUnicode
<LI><a href="#[7f]">&gt;&gt;</a>&nbsp;&nbsp;&nbsp;copy_file
<LI><a href="#[77]">&gt;&gt;</a>&nbsp;&nbsp;&nbsp;GetJpegImage
<LI><a href="#[7a]">&gt;&gt;</a>&nbsp;&nbsp;&nbsp;Action_Compare
<LI><a href="#[84]">&gt;&gt;</a>&nbsp;&nbsp;&nbsp;__aeabi_memcpy4
<LI><a href="#[64]">&gt;&gt;</a>&nbsp;&nbsp;&nbsp;exit (via BLX)
</UL>

<P><STRONG><a name="[87]"></a>Isochronous_Test</STRONG> (ARM, 740 bytes, Stack size 184 bytes, main.o(.text), UNUSED)
<BR><BR>[Calls]<UL><LI><a href="#[6f]">&gt;&gt;</a>&nbsp;&nbsp;&nbsp;sysprintf
<LI><a href="#[82]">&gt;&gt;</a>&nbsp;&nbsp;&nbsp;fsWriteFile
<LI><a href="#[7b]">&gt;&gt;</a>&nbsp;&nbsp;&nbsp;fsOpenFile
<LI><a href="#[7d]">&gt;&gt;</a>&nbsp;&nbsp;&nbsp;fsCloseFile
<LI><a href="#[85]">&gt;&gt;</a>&nbsp;&nbsp;&nbsp;fsAsciiToUnicode
<LI><a href="#[8c]">&gt;&gt;</a>&nbsp;&nbsp;&nbsp;W99683Cam_Open
<LI><a href="#[8d]">&gt;&gt;</a>&nbsp;&nbsp;&nbsp;W99683Cam_IsStreaming
<LI><a href="#[8b]">&gt;&gt;</a>&nbsp;&nbsp;&nbsp;W99683Cam_IsConnected
<LI><a href="#[89]">&gt;&gt;</a>&nbsp;&nbsp;&nbsp;W99683Cam_Init
<LI><a href="#[8a]">&gt;&gt;</a>&nbsp;&nbsp;&nbsp;Hub_CheckIrqEvent
<LI><a href="#[77]">&gt;&gt;</a>&nbsp;&nbsp;&nbsp;GetJpegImage
<LI><a href="#[88]">&gt;&gt;</a>&nbsp;&nbsp;&nbsp;__aeabi_memclr4
<LI><a href="#[8e]">&gt;&gt;</a>&nbsp;&nbsp;&nbsp;__2sprintf (via BLX)
</UL>
<BR>[Called By]<UL><LI><a href="#[8f]">&gt;&gt;</a>&nbsp;&nbsp;&nbsp;IntegrationTest
</UL>

<P><STRONG><a name="[8f]"></a>IntegrationTest</STRONG> (ARM, 120 bytes, Stack size 24 bytes, main.o(.text), UNUSED)
<BR><BR>[Calls]<UL><LI><a href="#[6f]">&gt;&gt;</a>&nbsp;&nbsp;&nbsp;sysprintf
<LI><a href="#[93]">&gt;&gt;</a>&nbsp;&nbsp;&nbsp;sysGetTicks
<LI><a href="#[94]">&gt;&gt;</a>&nbsp;&nbsp;&nbsp;fsDiskFreeSpace
<LI><a href="#[92]">&gt;&gt;</a>&nbsp;&nbsp;&nbsp;USBKeyboardInit
<LI><a href="#[91]">&gt;&gt;</a>&nbsp;&nbsp;&nbsp;UMAS_InitUmasDriver
<LI><a href="#[90]">&gt;&gt;</a>&nbsp;&nbsp;&nbsp;InitUsbSystem
<LI><a href="#[87]">&gt;&gt;</a>&nbsp;&nbsp;&nbsp;Isochronous_Test
</UL>

<P><STRONG><a name="[95]"></a>MassStotrageConnection</STRONG> (ARM, 80 bytes, Stack size 16 bytes, main.o(.text))
<BR><BR>[Stack]<UL><LI>Max Depth = 188 + Unknown Stack Size
<LI>Call Chain = MassStotrageConnection &rArr; sysprintf &rArr; FormatItem &rArr; sysPutNumber &rArr; sysPutStringReverse
</UL>
<BR>[Calls]<UL><LI><a href="#[6f]">&gt;&gt;</a>&nbsp;&nbsp;&nbsp;sysprintf
</UL>
<BR>[Address Reference Count : 1]<UL><LI> main.o(.text)
</UL>
<P><STRONG><a name="[3a]"></a>MassStotrageDisconnection</STRONG> (ARM, 60 bytes, Stack size 8 bytes, main.o(.text))
<BR><BR>[Stack]<UL><LI>Max Depth = 180 + Unknown Stack Size
<LI>Call Chain = MassStotrageDisconnection &rArr; sysprintf &rArr; FormatItem &rArr; sysPutNumber &rArr; sysPutStringReverse
</UL>
<BR>[Calls]<UL><LI><a href="#[6f]">&gt;&gt;</a>&nbsp;&nbsp;&nbsp;sysprintf
</UL>
<BR>[Address Reference Count : 1]<UL><LI> main.o(.text)
</UL>
<P><STRONG><a name="[96]"></a>JpegDecTest</STRONG> (ARM, 1220 bytes, Stack size 56 bytes, main.o(.text))
<BR><BR>[Stack]<UL><LI>Max Depth = 228 + Unknown Stack Size
<LI>Call Chain = JpegDecTest &rArr; sysprintf &rArr; FormatItem &rArr; sysPutNumber &rArr; sysPutStringReverse
</UL>
<BR>[Calls]<UL><LI><a href="#[6f]">&gt;&gt;</a>&nbsp;&nbsp;&nbsp;sysprintf
<LI><a href="#[75]">&gt;&gt;</a>&nbsp;&nbsp;&nbsp;jpegWait
<LI><a href="#[73]">&gt;&gt;</a>&nbsp;&nbsp;&nbsp;jpegOpen
<LI><a href="#[70]">&gt;&gt;</a>&nbsp;&nbsp;&nbsp;jpegIoctl
<LI><a href="#[74]">&gt;&gt;</a>&nbsp;&nbsp;&nbsp;jpegInit
<LI><a href="#[6e]">&gt;&gt;</a>&nbsp;&nbsp;&nbsp;jpegGetInfo
<LI><a href="#[76]">&gt;&gt;</a>&nbsp;&nbsp;&nbsp;jpegClose
<LI><a href="#[69]">&gt;&gt;</a>&nbsp;&nbsp;&nbsp;intToStr
<LI><a href="#[98]">&gt;&gt;</a>&nbsp;&nbsp;&nbsp;strcat (via BLX)
<LI><a href="#[97]">&gt;&gt;</a>&nbsp;&nbsp;&nbsp;strcpy (via BLX)
</UL>
<BR>[Called By]<UL><LI><a href="#[99]">&gt;&gt;</a>&nbsp;&nbsp;&nbsp;PenDriverAccess
</UL>

<P><STRONG><a name="[99]"></a>PenDriverAccess</STRONG> (ARM, 1124 bytes, Stack size 320 bytes, main.o(.text))
<BR><BR>[Stack]<UL><LI>Max Depth = 944 + Unknown Stack Size
<LI>Call Chain = PenDriverAccess &rArr; fsOpenFile &rArr; fsGetAsciiFileName &rArr; fsUnicodeToAscii
</UL>
<BR>[Calls]<UL><LI><a href="#[6f]">&gt;&gt;</a>&nbsp;&nbsp;&nbsp;sysprintf
<LI><a href="#[82]">&gt;&gt;</a>&nbsp;&nbsp;&nbsp;fsWriteFile
<LI><a href="#[7c]">&gt;&gt;</a>&nbsp;&nbsp;&nbsp;fsReadFile
<LI><a href="#[7b]">&gt;&gt;</a>&nbsp;&nbsp;&nbsp;fsOpenFile
<LI><a href="#[9a]">&gt;&gt;</a>&nbsp;&nbsp;&nbsp;fsGetFileSize
<LI><a href="#[7d]">&gt;&gt;</a>&nbsp;&nbsp;&nbsp;fsCloseFile
<LI><a href="#[85]">&gt;&gt;</a>&nbsp;&nbsp;&nbsp;fsAsciiToUnicode
<LI><a href="#[96]">&gt;&gt;</a>&nbsp;&nbsp;&nbsp;JpegDecTest
<LI><a href="#[72]">&gt;&gt;</a>&nbsp;&nbsp;&nbsp;JpegEncTest
<LI><a href="#[81]">&gt;&gt;</a>&nbsp;&nbsp;&nbsp;free (via BLX)
<LI><a href="#[80]">&gt;&gt;</a>&nbsp;&nbsp;&nbsp;malloc (via BLX)
<LI><a href="#[88]">&gt;&gt;</a>&nbsp;&nbsp;&nbsp;__aeabi_memclr4
<LI><a href="#[98]">&gt;&gt;</a>&nbsp;&nbsp;&nbsp;strcat (via BLX)
<LI><a href="#[97]">&gt;&gt;</a>&nbsp;&nbsp;&nbsp;strcpy (via BLX)
</UL>
<BR>[Called By]<UL><LI><a href="#[9b]">&gt;&gt;</a>&nbsp;&nbsp;&nbsp;PenDriverConnectTest
</UL>

<P><STRONG><a name="[9b]"></a>PenDriverConnectTest</STRONG> (ARM, 200 bytes, Stack size 16 bytes, main.o(.text))
<BR><BR>[Stack]<UL><LI>Max Depth = 960 + Unknown Stack Size
<LI>Call Chain = PenDriverConnectTest &rArr; PenDriverAccess &rArr; fsOpenFile &rArr; fsGetAsciiFileName &rArr; fsUnicodeToAscii
</UL>
<BR>[Calls]<UL><LI><a href="#[9d]">&gt;&gt;</a>&nbsp;&nbsp;&nbsp;umass_register_disconnect
<LI><a href="#[9c]">&gt;&gt;</a>&nbsp;&nbsp;&nbsp;umass_register_connect
<LI><a href="#[6f]">&gt;&gt;</a>&nbsp;&nbsp;&nbsp;sysprintf
<LI><a href="#[9e]">&gt;&gt;</a>&nbsp;&nbsp;&nbsp;sysDelay
<LI><a href="#[94]">&gt;&gt;</a>&nbsp;&nbsp;&nbsp;fsDiskFreeSpace
<LI><a href="#[91]">&gt;&gt;</a>&nbsp;&nbsp;&nbsp;UMAS_InitUmasDriver
<LI><a href="#[90]">&gt;&gt;</a>&nbsp;&nbsp;&nbsp;InitUsbSystem
<LI><a href="#[8a]">&gt;&gt;</a>&nbsp;&nbsp;&nbsp;Hub_CheckIrqEvent
<LI><a href="#[99]">&gt;&gt;</a>&nbsp;&nbsp;&nbsp;PenDriverAccess
</UL>
<BR>[Called By]<UL><LI><a href="#[39]">&gt;&gt;</a>&nbsp;&nbsp;&nbsp;main
</UL>

<P><STRONG><a name="[39]"></a>main</STRONG> (ARM, 540 bytes, Stack size 24 bytes, main.o(.text))
<BR><BR>[Stack]<UL><LI>Max Depth = 984 + Unknown Stack Size
<LI>Call Chain = main &rArr; PenDriverConnectTest &rArr; PenDriverAccess &rArr; fsOpenFile &rArr; fsGetAsciiFileName &rArr; fsUnicodeToAscii
</UL>
<BR>[Calls]<UL><LI><a href="#[6f]">&gt;&gt;</a>&nbsp;&nbsp;&nbsp;sysprintf
<LI><a href="#[a5]">&gt;&gt;</a>&nbsp;&nbsp;&nbsp;sysUartPort
<LI><a href="#[a1]">&gt;&gt;</a>&nbsp;&nbsp;&nbsp;sysStartTimer
<LI><a href="#[a0]">&gt;&gt;</a>&nbsp;&nbsp;&nbsp;sysSetTimerReferenceClock
<LI><a href="#[a7]">&gt;&gt;</a>&nbsp;&nbsp;&nbsp;sysSetSystemClock
<LI><a href="#[a6]">&gt;&gt;</a>&nbsp;&nbsp;&nbsp;sysInitializeUART
<LI><a href="#[a8]">&gt;&gt;</a>&nbsp;&nbsp;&nbsp;sysGetPLLOutputKhz
<LI><a href="#[9f]">&gt;&gt;</a>&nbsp;&nbsp;&nbsp;sysGetExternalClock
<LI><a href="#[a3]">&gt;&gt;</a>&nbsp;&nbsp;&nbsp;sysFlushCache
<LI><a href="#[a4]">&gt;&gt;</a>&nbsp;&nbsp;&nbsp;sysEnableCache
<LI><a href="#[a2]">&gt;&gt;</a>&nbsp;&nbsp;&nbsp;sysDisableCache
<LI><a href="#[a9]">&gt;&gt;</a>&nbsp;&nbsp;&nbsp;fsInitFileSystem
<LI><a href="#[aa]">&gt;&gt;</a>&nbsp;&nbsp;&nbsp;fsAssignDriveNumber
<LI><a href="#[ab]">&gt;&gt;</a>&nbsp;&nbsp;&nbsp;USB_PortInit
<LI><a href="#[9b]">&gt;&gt;</a>&nbsp;&nbsp;&nbsp;PenDriverConnectTest
<LI><a href="#[6b]">&gt;&gt;</a>&nbsp;&nbsp;&nbsp;initVPost4test
</UL>
<BR>[Address Reference Count : 1]<UL><LI> rtentry2.o(.ARM.Collect$$rtentry$$0000000D)
</UL>
<P><STRONG><a name="[68]"></a>_sys_exit</STRONG> (ARM, 8 bytes, Stack size 0 bytes, standalone.o(.text))
<BR><BR>[Called By]<UL><LI><a href="#[255]">&gt;&gt;</a>&nbsp;&nbsp;&nbsp;__sig_exit (via BLX)
<LI><a href="#[67]">&gt;&gt;</a>&nbsp;&nbsp;&nbsp;__rt_exit_exit
</UL>

<P><STRONG><a name="[25a]"></a>_ttywrch</STRONG> (ARM, 8 bytes, Stack size 0 bytes, standalone.o(.text))
<BR><BR>[Called By]<UL><LI><a href="#[259]">&gt;&gt;</a>&nbsp;&nbsp;&nbsp;__default_signal_display (via BLX)
</UL>

<P><STRONG><a name="[258]"></a>__user_initial_stackheap</STRONG> (ARM, 44 bytes, Stack size 32 bytes, standalone.o(.text))
<BR><BR>[Stack]<UL><LI>Max Depth = 32<LI>Call Chain = __user_initial_stackheap
</UL>
<BR>[Called By]<UL><LI><a href="#[60]">&gt;&gt;</a>&nbsp;&nbsp;&nbsp;__user_setup_stackheap
</UL>

<P><STRONG><a name="[ad]"></a>USBKeyboardLED</STRONG> (ARM, 104 bytes, Stack size 16 bytes, usb_keyboard.o(.text), UNUSED)
<BR><BR>[Calls]<UL><LI><a href="#[ac]">&gt;&gt;</a>&nbsp;&nbsp;&nbsp;USB_SubmitUrb
<LI><a href="#[6f]">&gt;&gt;</a>&nbsp;&nbsp;&nbsp;sysprintf
</UL>

<P><STRONG><a name="[ae]"></a>USBKeyboardOpen</STRONG> (ARM, 40 bytes, Stack size 8 bytes, usb_keyboard.o(.text))
<BR><BR>[Stack]<UL><LI>Max Depth = 16<LI>Call Chain = USBKeyboardOpen &rArr; USB_SubmitUrb
</UL>
<BR>[Calls]<UL><LI><a href="#[ac]">&gt;&gt;</a>&nbsp;&nbsp;&nbsp;USB_SubmitUrb
</UL>
<BR>[Called By]<UL><LI><a href="#[e]">&gt;&gt;</a>&nbsp;&nbsp;&nbsp;usb_kbd_probe
</UL>

<P><STRONG><a name="[af]"></a>USBKeyboardClose</STRONG> (ARM, 20 bytes, Stack size 8 bytes, usb_keyboard.o(.text), UNUSED)
<BR><BR>[Calls]<UL><LI><a href="#[b0]">&gt;&gt;</a>&nbsp;&nbsp;&nbsp;USB_UnlinkUrb
</UL>

<P><STRONG><a name="[92]"></a>USBKeyboardInit</STRONG> (ARM, 20 bytes, Stack size 8 bytes, usb_keyboard.o(.text), UNUSED)
<BR><BR>[Calls]<UL><LI><a href="#[b8]">&gt;&gt;</a>&nbsp;&nbsp;&nbsp;USB_RegisterDriver
</UL>
<BR>[Called By]<UL><LI><a href="#[8f]">&gt;&gt;</a>&nbsp;&nbsp;&nbsp;IntegrationTest
</UL>

<P><STRONG><a name="[288]"></a>W99683_HasImageQueued</STRONG> (ARM, 120 bytes, Stack size 0 bytes, w99683.o(.text), UNUSED)

<P><STRONG><a name="[78]"></a>W99683_GetFramePiece</STRONG> (ARM, 408 bytes, Stack size 24 bytes, w99683.o(.text), UNUSED)
<BR><BR>[Calls]<UL><LI><a href="#[b7]">&gt;&gt;</a>&nbsp;&nbsp;&nbsp;USB_free
<LI><a href="#[93]">&gt;&gt;</a>&nbsp;&nbsp;&nbsp;sysGetTicks
</UL>
<BR>[Called By]<UL><LI><a href="#[77]">&gt;&gt;</a>&nbsp;&nbsp;&nbsp;GetJpegImage
</UL>

<P><STRONG><a name="[8d]"></a>W99683Cam_IsStreaming</STRONG> (ARM, 16 bytes, Stack size 0 bytes, w99683.o(.text), UNUSED)
<BR><BR>[Called By]<UL><LI><a href="#[87]">&gt;&gt;</a>&nbsp;&nbsp;&nbsp;Isochronous_Test
</UL>

<P><STRONG><a name="[bd]"></a>W99683Cam_StartDataPump</STRONG> (ARM, 416 bytes, Stack size 24 bytes, w99683.o(.text), UNUSED)
<BR><BR>[Calls]<UL><LI><a href="#[be]">&gt;&gt;</a>&nbsp;&nbsp;&nbsp;USB_SetInterface
<LI><a href="#[ba]">&gt;&gt;</a>&nbsp;&nbsp;&nbsp;__create_pipe
<LI><a href="#[ac]">&gt;&gt;</a>&nbsp;&nbsp;&nbsp;USB_SubmitUrb
<LI><a href="#[6f]">&gt;&gt;</a>&nbsp;&nbsp;&nbsp;sysprintf
</UL>
<BR>[Called By]<UL><LI><a href="#[8c]">&gt;&gt;</a>&nbsp;&nbsp;&nbsp;W99683Cam_Open
</UL>

<P><STRONG><a name="[bf]"></a>W99683Cam_StopDataPump</STRONG> (ARM, 396 bytes, Stack size 8 bytes, w99683.o(.text))
<BR><BR>[Stack]<UL><LI>Max Depth = 212 + Unknown Stack Size
<LI>Call Chain = W99683Cam_StopDataPump &rArr; W99683Cam_DropFrameQueue &rArr; USB_free &rArr; sysprintf &rArr; FormatItem &rArr; sysPutNumber &rArr; sysPutStringReverse
</UL>
<BR>[Calls]<UL><LI><a href="#[b9]">&gt;&gt;</a>&nbsp;&nbsp;&nbsp;W99683Cam_DropFrameQueue
<LI><a href="#[b0]">&gt;&gt;</a>&nbsp;&nbsp;&nbsp;USB_UnlinkUrb
<LI><a href="#[6f]">&gt;&gt;</a>&nbsp;&nbsp;&nbsp;sysprintf
</UL>
<BR>[Called By]<UL><LI><a href="#[11]">&gt;&gt;</a>&nbsp;&nbsp;&nbsp;W99683Cam_Disconnect
</UL>

<P><STRONG><a name="[8c]"></a>W99683Cam_Open</STRONG> (ARM, 280 bytes, Stack size 8 bytes, w99683.o(.text), UNUSED)
<BR><BR>[Calls]<UL><LI><a href="#[c9]">&gt;&gt;</a>&nbsp;&nbsp;&nbsp;USB_WaitMiliseconds
<LI><a href="#[ca]">&gt;&gt;</a>&nbsp;&nbsp;&nbsp;USB_FreeUrb
<LI><a href="#[c8]">&gt;&gt;</a>&nbsp;&nbsp;&nbsp;USB_AllocateUrb
<LI><a href="#[bd]">&gt;&gt;</a>&nbsp;&nbsp;&nbsp;W99683Cam_StartDataPump
<LI><a href="#[c7]">&gt;&gt;</a>&nbsp;&nbsp;&nbsp;W99683Cam_SetupOnOpen
<LI><a href="#[b9]">&gt;&gt;</a>&nbsp;&nbsp;&nbsp;W99683Cam_DropFrameQueue
<LI><a href="#[b4]">&gt;&gt;</a>&nbsp;&nbsp;&nbsp;USB_malloc
<LI><a href="#[b7]">&gt;&gt;</a>&nbsp;&nbsp;&nbsp;USB_free
<LI><a href="#[6f]">&gt;&gt;</a>&nbsp;&nbsp;&nbsp;sysprintf
</UL>
<BR>[Called By]<UL><LI><a href="#[87]">&gt;&gt;</a>&nbsp;&nbsp;&nbsp;Isochronous_Test
</UL>

<P><STRONG><a name="[8b]"></a>W99683Cam_IsConnected</STRONG> (ARM, 32 bytes, Stack size 0 bytes, w99683.o(.text), UNUSED)
<BR><BR>[Called By]<UL><LI><a href="#[87]">&gt;&gt;</a>&nbsp;&nbsp;&nbsp;Isochronous_Test
</UL>

<P><STRONG><a name="[89]"></a>W99683Cam_Init</STRONG> (ARM, 60 bytes, Stack size 8 bytes, w99683.o(.text), UNUSED)
<BR><BR>[Calls]<UL><LI><a href="#[b8]">&gt;&gt;</a>&nbsp;&nbsp;&nbsp;USB_RegisterDriver
<LI><a href="#[6f]">&gt;&gt;</a>&nbsp;&nbsp;&nbsp;sysprintf
</UL>
<BR>[Called By]<UL><LI><a href="#[87]">&gt;&gt;</a>&nbsp;&nbsp;&nbsp;Isochronous_Test
</UL>

<P><STRONG><a name="[cd]"></a>W99683Cam_Exit</STRONG> (ARM, 40 bytes, Stack size 8 bytes, w99683.o(.text), UNUSED)
<BR><BR>[Calls]<UL><LI><a href="#[ce]">&gt;&gt;</a>&nbsp;&nbsp;&nbsp;USB_DeregisterDriver
</UL>

<P><STRONG><a name="[74]"></a>jpegInit</STRONG> (ARM, 192 bytes, Stack size 0 bytes, jpegcodec.o(.text))
<BR><BR>[Called By]<UL><LI><a href="#[d5]">&gt;&gt;</a>&nbsp;&nbsp;&nbsp;jpegISR
<LI><a href="#[96]">&gt;&gt;</a>&nbsp;&nbsp;&nbsp;JpegDecTest
<LI><a href="#[72]">&gt;&gt;</a>&nbsp;&nbsp;&nbsp;JpegEncTest
</UL>

<P><STRONG><a name="[d9]"></a>jpegGetDimension</STRONG> (ARM, 40 bytes, Stack size 0 bytes, jpegcodec.o(.text))
<BR><BR>[Called By]<UL><LI><a href="#[df]">&gt;&gt;</a>&nbsp;&nbsp;&nbsp;jpegEncodeTrigger
<LI><a href="#[d5]">&gt;&gt;</a>&nbsp;&nbsp;&nbsp;jpegISR
</UL>

<P><STRONG><a name="[d8]"></a>jpegSetDimension</STRONG> (ARM, 28 bytes, Stack size 0 bytes, jpegcodec.o(.text))
<BR><BR>[Called By]<UL><LI><a href="#[df]">&gt;&gt;</a>&nbsp;&nbsp;&nbsp;jpegEncodeTrigger
<LI><a href="#[d5]">&gt;&gt;</a>&nbsp;&nbsp;&nbsp;jpegISR
<LI><a href="#[70]">&gt;&gt;</a>&nbsp;&nbsp;&nbsp;jpegIoctl
</UL>

<P><STRONG><a name="[d7]"></a>jpegSetScalingFactor</STRONG> (ARM, 288 bytes, Stack size 0 bytes, jpegcodec.o(.text))
<BR><BR>[Called By]<UL><LI><a href="#[df]">&gt;&gt;</a>&nbsp;&nbsp;&nbsp;jpegEncodeTrigger
<LI><a href="#[d5]">&gt;&gt;</a>&nbsp;&nbsp;&nbsp;jpegISR
</UL>

<P><STRONG><a name="[cf]"></a>jpegCalScalingFactor</STRONG> (ARM, 672 bytes, Stack size 48 bytes, jpegcodec.o(.text))
<BR><BR>[Stack]<UL><LI>Max Depth = 64<LI>Call Chain = jpegCalScalingFactor &rArr; __aeabi_fmul
</UL>
<BR>[Calls]<UL><LI><a href="#[d2]">&gt;&gt;</a>&nbsp;&nbsp;&nbsp;__aeabi_fmul
<LI><a href="#[d4]">&gt;&gt;</a>&nbsp;&nbsp;&nbsp;__aeabi_ui2f
<LI><a href="#[d0]">&gt;&gt;</a>&nbsp;&nbsp;&nbsp;__aeabi_i2f
<LI><a href="#[d3]">&gt;&gt;</a>&nbsp;&nbsp;&nbsp;__aeabi_f2uiz
<LI><a href="#[d1]">&gt;&gt;</a>&nbsp;&nbsp;&nbsp;__aeabi_fdiv
<LI><a href="#[bb]">&gt;&gt;</a>&nbsp;&nbsp;&nbsp;__aeabi_idivmod
</UL>
<BR>[Called By]<UL><LI><a href="#[df]">&gt;&gt;</a>&nbsp;&nbsp;&nbsp;jpegEncodeTrigger
<LI><a href="#[d5]">&gt;&gt;</a>&nbsp;&nbsp;&nbsp;jpegISR
</UL>

<P><STRONG><a name="[d6]"></a>jpegGetDecodedDimension</STRONG> (ARM, 32 bytes, Stack size 0 bytes, jpegcodec.o(.text))
<BR><BR>[Called By]<UL><LI><a href="#[d5]">&gt;&gt;</a>&nbsp;&nbsp;&nbsp;jpegISR
</UL>

<P><STRONG><a name="[d5]"></a>jpegISR</STRONG> (ARM, 2032 bytes, Stack size 56 bytes, jpegcodec.o(.text))
<BR><BR>[Stack]<UL><LI>Max Depth = 120<LI>Call Chain = jpegISR &rArr; jpegCalScalingFactor &rArr; __aeabi_fmul
</UL>
<BR>[Calls]<UL><LI><a href="#[d6]">&gt;&gt;</a>&nbsp;&nbsp;&nbsp;jpegGetDecodedDimension
<LI><a href="#[cf]">&gt;&gt;</a>&nbsp;&nbsp;&nbsp;jpegCalScalingFactor
<LI><a href="#[d7]">&gt;&gt;</a>&nbsp;&nbsp;&nbsp;jpegSetScalingFactor
<LI><a href="#[d8]">&gt;&gt;</a>&nbsp;&nbsp;&nbsp;jpegSetDimension
<LI><a href="#[d9]">&gt;&gt;</a>&nbsp;&nbsp;&nbsp;jpegGetDimension
<LI><a href="#[74]">&gt;&gt;</a>&nbsp;&nbsp;&nbsp;jpegInit
</UL>
<BR>[Address Reference Count : 1]<UL><LI> jpegcodec.o(.text)
</UL>
<P><STRONG><a name="[75]"></a>jpegWait</STRONG> (ARM, 64 bytes, Stack size 0 bytes, jpegcodec.o(.text))
<BR><BR>[Called By]<UL><LI><a href="#[96]">&gt;&gt;</a>&nbsp;&nbsp;&nbsp;JpegDecTest
<LI><a href="#[72]">&gt;&gt;</a>&nbsp;&nbsp;&nbsp;JpegEncTest
</UL>

<P><STRONG><a name="[289]"></a>jpegIsReady</STRONG> (ARM, 32 bytes, Stack size 0 bytes, jpegcodec.o(.text), UNUSED)

<P><STRONG><a name="[6e]"></a>jpegGetInfo</STRONG> (ARM, 28 bytes, Stack size 8 bytes, jpegcodec.o(.text))
<BR><BR>[Stack]<UL><LI>Max Depth = 16<LI>Call Chain = jpegGetInfo &rArr; __aeabi_memcpy4
</UL>
<BR>[Calls]<UL><LI><a href="#[84]">&gt;&gt;</a>&nbsp;&nbsp;&nbsp;__aeabi_memcpy4
</UL>
<BR>[Called By]<UL><LI><a href="#[96]">&gt;&gt;</a>&nbsp;&nbsp;&nbsp;JpegDecTest
<LI><a href="#[72]">&gt;&gt;</a>&nbsp;&nbsp;&nbsp;JpegEncTest
<LI><a href="#[6d]">&gt;&gt;</a>&nbsp;&nbsp;&nbsp;JpegDecHeaderComplete
</UL>

<P><STRONG><a name="[28a]"></a>jpegPower</STRONG> (ARM, 56 bytes, Stack size 0 bytes, jpegcodec.o(.text), UNUSED)

<P><STRONG><a name="[73]"></a>jpegOpen</STRONG> (ARM, 360 bytes, Stack size 48 bytes, jpegcodec.o(.text))
<BR><BR>[Stack]<UL><LI>Max Depth = 104 + Unknown Stack Size
<LI>Call Chain = jpegOpen &rArr; sysInstallISR &rArr; sysInitializeAIC &rArr; sysFlushCache
</UL>
<BR>[Calls]<UL><LI><a href="#[dc]">&gt;&gt;</a>&nbsp;&nbsp;&nbsp;sysSetLocalInterrupt
<LI><a href="#[db]">&gt;&gt;</a>&nbsp;&nbsp;&nbsp;sysInstallISR
<LI><a href="#[da]">&gt;&gt;</a>&nbsp;&nbsp;&nbsp;sysGetSystemClock
<LI><a href="#[dd]">&gt;&gt;</a>&nbsp;&nbsp;&nbsp;sysEnableInterrupt
<LI><a href="#[6a]">&gt;&gt;</a>&nbsp;&nbsp;&nbsp;__aeabi_uidivmod
</UL>
<BR>[Called By]<UL><LI><a href="#[96]">&gt;&gt;</a>&nbsp;&nbsp;&nbsp;JpegDecTest
<LI><a href="#[72]">&gt;&gt;</a>&nbsp;&nbsp;&nbsp;JpegEncTest
</UL>

<P><STRONG><a name="[e2]"></a>jpegSetEncodeMode</STRONG> (ARM, 392 bytes, Stack size 0 bytes, jpegcodec.o(.text))
<BR><BR>[Called By]<UL><LI><a href="#[70]">&gt;&gt;</a>&nbsp;&nbsp;&nbsp;jpegIoctl
</UL>

<P><STRONG><a name="[e1]"></a>jpegSetDecodeMode</STRONG> (ARM, 240 bytes, Stack size 0 bytes, jpegcodec.o(.text))
<BR><BR>[Called By]<UL><LI><a href="#[70]">&gt;&gt;</a>&nbsp;&nbsp;&nbsp;jpegIoctl
</UL>

<P><STRONG><a name="[de]"></a>jpegDecodeTrigger</STRONG> (ARM, 172 bytes, Stack size 8 bytes, jpegcodec.o(.text))
<BR><BR>[Stack]<UL><LI>Max Depth = 12<LI>Call Chain = jpegDecodeTrigger &rArr; __aeabi_memclr4
</UL>
<BR>[Calls]<UL><LI><a href="#[88]">&gt;&gt;</a>&nbsp;&nbsp;&nbsp;__aeabi_memclr4
</UL>
<BR>[Called By]<UL><LI><a href="#[70]">&gt;&gt;</a>&nbsp;&nbsp;&nbsp;jpegIoctl
</UL>

<P><STRONG><a name="[df]"></a>jpegEncodeTrigger</STRONG> (ARM, 876 bytes, Stack size 32 bytes, jpegcodec.o(.text))
<BR><BR>[Stack]<UL><LI>Max Depth = 96<LI>Call Chain = jpegEncodeTrigger &rArr; jpegCalScalingFactor &rArr; __aeabi_fmul
</UL>
<BR>[Calls]<UL><LI><a href="#[cf]">&gt;&gt;</a>&nbsp;&nbsp;&nbsp;jpegCalScalingFactor
<LI><a href="#[d7]">&gt;&gt;</a>&nbsp;&nbsp;&nbsp;jpegSetScalingFactor
<LI><a href="#[d8]">&gt;&gt;</a>&nbsp;&nbsp;&nbsp;jpegSetDimension
<LI><a href="#[d9]">&gt;&gt;</a>&nbsp;&nbsp;&nbsp;jpegGetDimension
<LI><a href="#[88]">&gt;&gt;</a>&nbsp;&nbsp;&nbsp;__aeabi_memclr4
</UL>
<BR>[Called By]<UL><LI><a href="#[70]">&gt;&gt;</a>&nbsp;&nbsp;&nbsp;jpegIoctl
</UL>

<P><STRONG><a name="[28b]"></a>jpegGetScalingFactor</STRONG> (ARM, 88 bytes, Stack size 0 bytes, jpegcodec.o(.text), UNUSED)

<P><STRONG><a name="[e3]"></a>jpegSetWindowDecode</STRONG> (ARM, 80 bytes, Stack size 12 bytes, jpegcodec.o(.text))
<BR><BR>[Stack]<UL><LI>Max Depth = 12<LI>Call Chain = jpegSetWindowDecode
</UL>
<BR>[Called By]<UL><LI><a href="#[70]">&gt;&gt;</a>&nbsp;&nbsp;&nbsp;jpegIoctl
</UL>

<P><STRONG><a name="[e4]"></a>jpegAdjustQTAB</STRONG> (ARM, 76 bytes, Stack size 8 bytes, jpegcodec.o(.text))
<BR><BR>[Stack]<UL><LI>Max Depth = 8<LI>Call Chain = jpegAdjustQTAB
</UL>
<BR>[Called By]<UL><LI><a href="#[70]">&gt;&gt;</a>&nbsp;&nbsp;&nbsp;jpegIoctl
</UL>

<P><STRONG><a name="[e0]"></a>jpegSetQTAB</STRONG> (ARM, 472 bytes, Stack size 20 bytes, jpegcodec.o(.text))
<BR><BR>[Stack]<UL><LI>Max Depth = 20<LI>Call Chain = jpegSetQTAB
</UL>
<BR>[Called By]<UL><LI><a href="#[70]">&gt;&gt;</a>&nbsp;&nbsp;&nbsp;jpegIoctl
</UL>

<P><STRONG><a name="[70]"></a>jpegIoctl</STRONG> (ARM, 1380 bytes, Stack size 32 bytes, jpegcodec.o(.text))
<BR><BR>[Stack]<UL><LI>Max Depth = 128<LI>Call Chain = jpegIoctl &rArr; jpegEncodeTrigger &rArr; jpegCalScalingFactor &rArr; __aeabi_fmul
</UL>
<BR>[Calls]<UL><LI><a href="#[e0]">&gt;&gt;</a>&nbsp;&nbsp;&nbsp;jpegSetQTAB
<LI><a href="#[e4]">&gt;&gt;</a>&nbsp;&nbsp;&nbsp;jpegAdjustQTAB
<LI><a href="#[e3]">&gt;&gt;</a>&nbsp;&nbsp;&nbsp;jpegSetWindowDecode
<LI><a href="#[df]">&gt;&gt;</a>&nbsp;&nbsp;&nbsp;jpegEncodeTrigger
<LI><a href="#[de]">&gt;&gt;</a>&nbsp;&nbsp;&nbsp;jpegDecodeTrigger
<LI><a href="#[e1]">&gt;&gt;</a>&nbsp;&nbsp;&nbsp;jpegSetDecodeMode
<LI><a href="#[e2]">&gt;&gt;</a>&nbsp;&nbsp;&nbsp;jpegSetEncodeMode
<LI><a href="#[d8]">&gt;&gt;</a>&nbsp;&nbsp;&nbsp;jpegSetDimension
</UL>
<BR>[Called By]<UL><LI><a href="#[96]">&gt;&gt;</a>&nbsp;&nbsp;&nbsp;JpegDecTest
<LI><a href="#[72]">&gt;&gt;</a>&nbsp;&nbsp;&nbsp;JpegEncTest
<LI><a href="#[6d]">&gt;&gt;</a>&nbsp;&nbsp;&nbsp;JpegDecHeaderComplete
</UL>

<P><STRONG><a name="[76]"></a>jpegClose</STRONG> (ARM, 36 bytes, Stack size 8 bytes, jpegcodec.o(.text))
<BR><BR>[Stack]<UL><LI>Max Depth = 8<LI>Call Chain = jpegClose
</UL>
<BR>[Calls]<UL><LI><a href="#[e5]">&gt;&gt;</a>&nbsp;&nbsp;&nbsp;sysDisableInterrupt
</UL>
<BR>[Called By]<UL><LI><a href="#[96]">&gt;&gt;</a>&nbsp;&nbsp;&nbsp;JpegDecTest
<LI><a href="#[72]">&gt;&gt;</a>&nbsp;&nbsp;&nbsp;JpegEncTest
</UL>

<P><STRONG><a name="[28c]"></a>jpegPollInt</STRONG> (ARM, 40 bytes, Stack size 0 bytes, jpegcodec.o(.text), UNUSED)

<P><STRONG><a name="[6c]"></a>vpostLCMInit</STRONG> (ARM, 28 bytes, Stack size 16 bytes, w55fa93_vpost.o(.text))
<BR><BR>[Stack]<UL><LI>Max Depth = 128 + Unknown Stack Size
<LI>Call Chain = vpostLCMInit &rArr; vpostLCMInit_HANNSTAR_HSD043I9W1 &rArr; vpostAllocVABuffer &rArr; malloc &rArr; __Heap_Full &rArr; __Heap_ProvideMemory &rArr; free
</UL>
<BR>[Calls]<UL><LI><a href="#[e6]">&gt;&gt;</a>&nbsp;&nbsp;&nbsp;vpostLCMInit_HANNSTAR_HSD043I9W1
</UL>
<BR>[Called By]<UL><LI><a href="#[6b]">&gt;&gt;</a>&nbsp;&nbsp;&nbsp;initVPost4test
</UL>

<P><STRONG><a name="[e7]"></a>vpostLCMDeinit</STRONG> (ARM, 12 bytes, Stack size 8 bytes, w55fa93_vpost.o(.text), UNUSED)
<BR><BR>[Calls]<UL><LI><a href="#[e8]">&gt;&gt;</a>&nbsp;&nbsp;&nbsp;vpostLCMDeinit_HANNSTAR_HSD043I9W1
</UL>

<P><STRONG><a name="[28d]"></a>vpostGetFrameBuffer</STRONG> (ARM, 12 bytes, Stack size 0 bytes, w55fa93_vpost.o(.text), UNUSED)

<P><STRONG><a name="[28e]"></a>vpostSetFrameBuffer</STRONG> (ARM, 36 bytes, Stack size 0 bytes, w55fa93_vpost.o(.text), UNUSED)

<P><STRONG><a name="[f2]"></a>LCDDelay</STRONG> (ARM, 60 bytes, Stack size 8 bytes, w55fa93_vpost.o(.text))
<BR><BR>[Stack]<UL><LI>Max Depth = 8<LI>Call Chain = LCDDelay
</UL>
<BR>[Called By]<UL><LI><a href="#[e6]">&gt;&gt;</a>&nbsp;&nbsp;&nbsp;vpostLCMInit_HANNSTAR_HSD043I9W1
</UL>

<P><STRONG><a name="[100]"></a>vpostVAStartTrigger</STRONG> (ARM, 24 bytes, Stack size 0 bytes, w55fa93_vpost_driver.o(.text))
<BR><BR>[Called By]<UL><LI><a href="#[e6]">&gt;&gt;</a>&nbsp;&nbsp;&nbsp;vpostLCMInit_HANNSTAR_HSD043I9W1
</UL>

<P><STRONG><a name="[f3]"></a>vpostVAStopTrigger</STRONG> (ARM, 24 bytes, Stack size 0 bytes, w55fa93_vpost_driver.o(.text))
<BR><BR>[Called By]<UL><LI><a href="#[e6]">&gt;&gt;</a>&nbsp;&nbsp;&nbsp;vpostLCMInit_HANNSTAR_HSD043I9W1
<LI><a href="#[e8]">&gt;&gt;</a>&nbsp;&nbsp;&nbsp;vpostLCMDeinit_HANNSTAR_HSD043I9W1
</UL>

<P><STRONG><a name="[28f]"></a>vpostVAStartTrigger_MPUContinue</STRONG> (ARM, 88 bytes, Stack size 0 bytes, w55fa93_vpost_driver.o(.text), UNUSED)

<P><STRONG><a name="[290]"></a>vpostVAStartTrigger_MPUSingle</STRONG> (ARM, 88 bytes, Stack size 0 bytes, w55fa93_vpost_driver.o(.text), UNUSED)

<P><STRONG><a name="[291]"></a>vpostVAStopTriggerMPU</STRONG> (ARM, 24 bytes, Stack size 0 bytes, w55fa93_vpost_driver.o(.text), UNUSED)

<P><STRONG><a name="[ea]"></a>vpostClearVABuffer</STRONG> (ARM, 60 bytes, Stack size 8 bytes, w55fa93_vpost_driver.o(.text))
<BR><BR>[Stack]<UL><LI>Max Depth = 8<LI>Call Chain = vpostClearVABuffer
</UL>
<BR>[Calls]<UL><LI><a href="#[eb]">&gt;&gt;</a>&nbsp;&nbsp;&nbsp;__aeabi_memclr
</UL>
<BR>[Called By]<UL><LI><a href="#[ec]">&gt;&gt;</a>&nbsp;&nbsp;&nbsp;vpostAllocVABuffer
</UL>

<P><STRONG><a name="[ec]"></a>vpostAllocVABuffer</STRONG> (ARM, 168 bytes, Stack size 16 bytes, w55fa93_vpost_driver.o(.text))
<BR><BR>[Stack]<UL><LI>Max Depth = 72 + Unknown Stack Size
<LI>Call Chain = vpostAllocVABuffer &rArr; malloc &rArr; __Heap_Full &rArr; __Heap_ProvideMemory &rArr; free
</UL>
<BR>[Calls]<UL><LI><a href="#[ea]">&gt;&gt;</a>&nbsp;&nbsp;&nbsp;vpostClearVABuffer
<LI><a href="#[e9]">&gt;&gt;</a>&nbsp;&nbsp;&nbsp;shift_pointer
<LI><a href="#[80]">&gt;&gt;</a>&nbsp;&nbsp;&nbsp;malloc (via BLX)
</UL>
<BR>[Called By]<UL><LI><a href="#[e6]">&gt;&gt;</a>&nbsp;&nbsp;&nbsp;vpostLCMInit_HANNSTAR_HSD043I9W1
</UL>

<P><STRONG><a name="[fd]"></a>vpostAllocVABufferFromAP</STRONG> (ARM, 44 bytes, Stack size 0 bytes, w55fa93_vpost_driver.o(.text))
<BR><BR>[Called By]<UL><LI><a href="#[e6]">&gt;&gt;</a>&nbsp;&nbsp;&nbsp;vpostLCMInit_HANNSTAR_HSD043I9W1
</UL>

<P><STRONG><a name="[ed]"></a>vpostFreeVABuffer</STRONG> (ARM, 60 bytes, Stack size 8 bytes, w55fa93_vpost_driver.o(.text), UNUSED)
<BR><BR>[Calls]<UL><LI><a href="#[81]">&gt;&gt;</a>&nbsp;&nbsp;&nbsp;free (via BLX)
</UL>
<BR>[Called By]<UL><LI><a href="#[e8]">&gt;&gt;</a>&nbsp;&nbsp;&nbsp;vpostLCMDeinit_HANNSTAR_HSD043I9W1
</UL>

<P><STRONG><a name="[292]"></a>vpostSetLCDEnable</STRONG> (ARM, 72 bytes, Stack size 0 bytes, w55fa93_vpost_driver.o(.text), UNUSED)

<P><STRONG><a name="[293]"></a>vpostSetLCDConfig</STRONG> (ARM, 68 bytes, Stack size 0 bytes, w55fa93_vpost_driver.o(.text), UNUSED)

<P><STRONG><a name="[f7]"></a>vpostsetLCM_TimingType</STRONG> (ARM, 56 bytes, Stack size 0 bytes, w55fa93_vpost_driver.o(.text))
<BR><BR>[Called By]<UL><LI><a href="#[e6]">&gt;&gt;</a>&nbsp;&nbsp;&nbsp;vpostLCMInit_HANNSTAR_HSD043I9W1
</UL>

<P><STRONG><a name="[f6]"></a>vpostSetLCM_TypeSelect</STRONG> (ARM, 32 bytes, Stack size 0 bytes, w55fa93_vpost_driver.o(.text))
<BR><BR>[Called By]<UL><LI><a href="#[e6]">&gt;&gt;</a>&nbsp;&nbsp;&nbsp;vpostLCMInit_HANNSTAR_HSD043I9W1
</UL>

<P><STRONG><a name="[294]"></a>vpostSetSerialSyncLCM_Interface</STRONG> (ARM, 32 bytes, Stack size 0 bytes, w55fa93_vpost_driver.o(.text), UNUSED)

<P><STRONG><a name="[295]"></a>vpostSetSerialSyncLCM_ColorOrder</STRONG> (ARM, 56 bytes, Stack size 0 bytes, w55fa93_vpost_driver.o(.text), UNUSED)

<P><STRONG><a name="[296]"></a>vpostSetSerialSyncLCM_CCIR656ModeSelect</STRONG> (ARM, 32 bytes, Stack size 0 bytes, w55fa93_vpost_driver.o(.text), UNUSED)

<P><STRONG><a name="[f8]"></a>vpostSetParalelSyncLCM_Interface</STRONG> (ARM, 32 bytes, Stack size 0 bytes, w55fa93_vpost_driver.o(.text))
<BR><BR>[Called By]<UL><LI><a href="#[e6]">&gt;&gt;</a>&nbsp;&nbsp;&nbsp;vpostLCMInit_HANNSTAR_HSD043I9W1
</UL>

<P><STRONG><a name="[fe]"></a>vpostSetFrameBuffer_DataType</STRONG> (ARM, 32 bytes, Stack size 0 bytes, w55fa93_vpost_driver.o(.text))
<BR><BR>[Called By]<UL><LI><a href="#[e6]">&gt;&gt;</a>&nbsp;&nbsp;&nbsp;vpostLCMInit_HANNSTAR_HSD043I9W1
</UL>

<P><STRONG><a name="[297]"></a>vpostSetFrameBuffer_BaseAddress</STRONG> (ARM, 16 bytes, Stack size 0 bytes, w55fa93_vpost_driver.o(.text), UNUSED)

<P><STRONG><a name="[ff]"></a>vpostSetYUVEndianSelect</STRONG> (ARM, 32 bytes, Stack size 0 bytes, w55fa93_vpost_driver.o(.text))
<BR><BR>[Called By]<UL><LI><a href="#[e6]">&gt;&gt;</a>&nbsp;&nbsp;&nbsp;vpostLCMInit_HANNSTAR_HSD043I9W1
</UL>

<P><STRONG><a name="[f4]"></a>vpostSetDataBusPin</STRONG> (ARM, 416 bytes, Stack size 0 bytes, w55fa93_vpost_driver.o(.text))
<BR><BR>[Called By]<UL><LI><a href="#[e6]">&gt;&gt;</a>&nbsp;&nbsp;&nbsp;vpostLCMInit_HANNSTAR_HSD043I9W1
</UL>

<P><STRONG><a name="[f9]"></a>vpostSetSyncLCM_HTiming</STRONG> (ARM, 84 bytes, Stack size 0 bytes, w55fa93_vpost_driver.o(.text))
<BR><BR>[Called By]<UL><LI><a href="#[e6]">&gt;&gt;</a>&nbsp;&nbsp;&nbsp;vpostLCMInit_HANNSTAR_HSD043I9W1
</UL>

<P><STRONG><a name="[fa]"></a>vpostSetSyncLCM_VTiming</STRONG> (ARM, 84 bytes, Stack size 0 bytes, w55fa93_vpost_driver.o(.text))
<BR><BR>[Called By]<UL><LI><a href="#[e6]">&gt;&gt;</a>&nbsp;&nbsp;&nbsp;vpostLCMInit_HANNSTAR_HSD043I9W1
</UL>

<P><STRONG><a name="[fb]"></a>vpostSetSyncLCM_ImageWindow</STRONG> (ARM, 100 bytes, Stack size 0 bytes, w55fa93_vpost_driver.o(.text))
<BR><BR>[Called By]<UL><LI><a href="#[e6]">&gt;&gt;</a>&nbsp;&nbsp;&nbsp;vpostLCMInit_HANNSTAR_HSD043I9W1
</UL>

<P><STRONG><a name="[fc]"></a>vpostSetSyncLCM_SignalPolarity</STRONG> (ARM, 152 bytes, Stack size 0 bytes, w55fa93_vpost_driver.o(.text))
<BR><BR>[Called By]<UL><LI><a href="#[e6]">&gt;&gt;</a>&nbsp;&nbsp;&nbsp;vpostLCMInit_HANNSTAR_HSD043I9W1
</UL>

<P><STRONG><a name="[298]"></a>vpostSetTVEnableConfig</STRONG> (ARM, 176 bytes, Stack size 24 bytes, w55fa93_vpost_driver.o(.text), UNUSED)

<P><STRONG><a name="[f5]"></a>vpostSetLCM_ImageSource</STRONG> (ARM, 28 bytes, Stack size 0 bytes, w55fa93_vpost_driver.o(.text))
<BR><BR>[Called By]<UL><LI><a href="#[e6]">&gt;&gt;</a>&nbsp;&nbsp;&nbsp;vpostLCMInit_HANNSTAR_HSD043I9W1
</UL>

<P><STRONG><a name="[299]"></a>vpostMPULCDWriteAddr16Bit</STRONG> (ARM, 172 bytes, Stack size 0 bytes, w55fa93_vpost_driver.o(.text), UNUSED)

<P><STRONG><a name="[29a]"></a>vpostMPULCDWriteData16Bit</STRONG> (ARM, 168 bytes, Stack size 0 bytes, w55fa93_vpost_driver.o(.text), UNUSED)

<P><STRONG><a name="[29b]"></a>vpostMPULCDReadData16Bit</STRONG> (ARM, 164 bytes, Stack size 0 bytes, w55fa93_vpost_driver.o(.text), UNUSED)

<P><STRONG><a name="[29c]"></a>vpostEnableInt</STRONG> (ARM, 36 bytes, Stack size 0 bytes, w55fa93_vpost_driver.o(.text), UNUSED)

<P><STRONG><a name="[29d]"></a>vpostDisableInt</STRONG> (ARM, 36 bytes, Stack size 0 bytes, w55fa93_vpost_driver.o(.text), UNUSED)

<P><STRONG><a name="[ef]"></a>vpostClearInt</STRONG> (ARM, 24 bytes, Stack size 0 bytes, w55fa93_vpost_driver.o(.text))
<BR><BR>[Called By]<UL><LI><a href="#[3e]">&gt;&gt;</a>&nbsp;&nbsp;&nbsp;vpostISR
</UL>

<P><STRONG><a name="[ee]"></a>vpostIsIntEnabled</STRONG> (ARM, 36 bytes, Stack size 0 bytes, w55fa93_vpost_driver.o(.text))
<BR><BR>[Called By]<UL><LI><a href="#[3e]">&gt;&gt;</a>&nbsp;&nbsp;&nbsp;vpostISR
</UL>

<P><STRONG><a name="[f0]"></a>vpostInstallCallBack</STRONG> (ARM, 212 bytes, Stack size 16 bytes, w55fa93_vpost_driver.o(.text), UNUSED)
<BR><BR>[Calls]<UL><LI><a href="#[db]">&gt;&gt;</a>&nbsp;&nbsp;&nbsp;sysInstallISR
<LI><a href="#[dd]">&gt;&gt;</a>&nbsp;&nbsp;&nbsp;sysEnableInterrupt
</UL>

<P><STRONG><a name="[29e]"></a>vpostSetMPULCM_ImageWindow</STRONG> (ARM, 76 bytes, Stack size 0 bytes, w55fa93_vpost_driver.o(.text), UNUSED)

<P><STRONG><a name="[29f]"></a>vpostSetMPULCM_TimingConfig</STRONG> (ARM, 44 bytes, Stack size 0 bytes, w55fa93_vpost_driver.o(.text), UNUSED)

<P><STRONG><a name="[2a0]"></a>vpostSetMPULCM_BusModeSelect</STRONG> (ARM, 28 bytes, Stack size 0 bytes, w55fa93_vpost_driver.o(.text), UNUSED)

<P><STRONG><a name="[e6]"></a>vpostLCMInit_HANNSTAR_HSD043I9W1</STRONG> (ARM, 440 bytes, Stack size 40 bytes, w55fa93_vpost_hannstar_hsd043i9w1.o(.text))
<BR><BR>[Stack]<UL><LI>Max Depth = 112 + Unknown Stack Size
<LI>Call Chain = vpostLCMInit_HANNSTAR_HSD043I9W1 &rArr; vpostAllocVABuffer &rArr; malloc &rArr; __Heap_Full &rArr; __Heap_ProvideMemory &rArr; free
</UL>
<BR>[Calls]<UL><LI><a href="#[f1]">&gt;&gt;</a>&nbsp;&nbsp;&nbsp;GetPLLOutputKhz
<LI><a href="#[f5]">&gt;&gt;</a>&nbsp;&nbsp;&nbsp;vpostSetLCM_ImageSource
<LI><a href="#[fc]">&gt;&gt;</a>&nbsp;&nbsp;&nbsp;vpostSetSyncLCM_SignalPolarity
<LI><a href="#[fb]">&gt;&gt;</a>&nbsp;&nbsp;&nbsp;vpostSetSyncLCM_ImageWindow
<LI><a href="#[fa]">&gt;&gt;</a>&nbsp;&nbsp;&nbsp;vpostSetSyncLCM_VTiming
<LI><a href="#[f9]">&gt;&gt;</a>&nbsp;&nbsp;&nbsp;vpostSetSyncLCM_HTiming
<LI><a href="#[f4]">&gt;&gt;</a>&nbsp;&nbsp;&nbsp;vpostSetDataBusPin
<LI><a href="#[ff]">&gt;&gt;</a>&nbsp;&nbsp;&nbsp;vpostSetYUVEndianSelect
<LI><a href="#[fe]">&gt;&gt;</a>&nbsp;&nbsp;&nbsp;vpostSetFrameBuffer_DataType
<LI><a href="#[f8]">&gt;&gt;</a>&nbsp;&nbsp;&nbsp;vpostSetParalelSyncLCM_Interface
<LI><a href="#[f6]">&gt;&gt;</a>&nbsp;&nbsp;&nbsp;vpostSetLCM_TypeSelect
<LI><a href="#[f7]">&gt;&gt;</a>&nbsp;&nbsp;&nbsp;vpostsetLCM_TimingType
<LI><a href="#[fd]">&gt;&gt;</a>&nbsp;&nbsp;&nbsp;vpostAllocVABufferFromAP
<LI><a href="#[ec]">&gt;&gt;</a>&nbsp;&nbsp;&nbsp;vpostAllocVABuffer
<LI><a href="#[f3]">&gt;&gt;</a>&nbsp;&nbsp;&nbsp;vpostVAStopTrigger
<LI><a href="#[100]">&gt;&gt;</a>&nbsp;&nbsp;&nbsp;vpostVAStartTrigger
<LI><a href="#[f2]">&gt;&gt;</a>&nbsp;&nbsp;&nbsp;LCDDelay
<LI><a href="#[6a]">&gt;&gt;</a>&nbsp;&nbsp;&nbsp;__aeabi_uidivmod
</UL>
<BR>[Called By]<UL><LI><a href="#[6c]">&gt;&gt;</a>&nbsp;&nbsp;&nbsp;vpostLCMInit
</UL>

<P><STRONG><a name="[e8]"></a>vpostLCMDeinit_HANNSTAR_HSD043I9W1</STRONG> (ARM, 40 bytes, Stack size 8 bytes, w55fa93_vpost_hannstar_hsd043i9w1.o(.text), UNUSED)
<BR><BR>[Calls]<UL><LI><a href="#[ed]">&gt;&gt;</a>&nbsp;&nbsp;&nbsp;vpostFreeVABuffer
<LI><a href="#[f3]">&gt;&gt;</a>&nbsp;&nbsp;&nbsp;vpostVAStopTrigger
</UL>
<BR>[Called By]<UL><LI><a href="#[e7]">&gt;&gt;</a>&nbsp;&nbsp;&nbsp;vpostLCMDeinit
</UL>

<P><STRONG><a name="[109]"></a>usb_hub_port_disable</STRONG> (ARM, 64 bytes, Stack size 16 bytes, hub.o(.text))
<BR><BR>[Stack]<UL><LI>Max Depth = 372 + Unknown Stack Size
<LI>Call Chain = usb_hub_port_disable &rArr; usb_clear_port_feature &rArr; USB_SendControlMessage &rArr; usb_internal_control_msg &rArr; USB_AllocateUrb &rArr; USB_malloc &rArr; sysprintf &rArr; FormatItem &rArr; sysPutNumber &rArr; sysPutStringReverse
</UL>
<BR>[Calls]<UL><LI><a href="#[6f]">&gt;&gt;</a>&nbsp;&nbsp;&nbsp;sysprintf
<LI><a href="#[104]">&gt;&gt;</a>&nbsp;&nbsp;&nbsp;usb_clear_port_feature
</UL>
<BR>[Called By]<UL><LI><a href="#[112]">&gt;&gt;</a>&nbsp;&nbsp;&nbsp;USB_ResetDevice
<LI><a href="#[10c]">&gt;&gt;</a>&nbsp;&nbsp;&nbsp;usb_hub_port_connect_change
</UL>

<P><STRONG><a name="[112]"></a>USB_ResetDevice</STRONG> (ARM, 952 bytes, Stack size 56 bytes, hub.o(.text))
<BR><BR>[Stack]<UL><LI>Max Depth = 484 + Unknown Stack Size
<LI>Call Chain = USB_ResetDevice &rArr; usb_hub_port_reset &rArr; usb_hub_port_wait_reset &rArr; usb_get_port_status &rArr; USB_SendControlMessage &rArr; usb_internal_control_msg &rArr; USB_AllocateUrb &rArr; USB_malloc &rArr; sysprintf &rArr; FormatItem &rArr; sysPutNumber &rArr; sysPutStringReverse
</UL>
<BR>[Calls]<UL><LI><a href="#[c9]">&gt;&gt;</a>&nbsp;&nbsp;&nbsp;USB_WaitMiliseconds
<LI><a href="#[be]">&gt;&gt;</a>&nbsp;&nbsp;&nbsp;USB_SetInterface
<LI><a href="#[6f]">&gt;&gt;</a>&nbsp;&nbsp;&nbsp;sysprintf
<LI><a href="#[119]">&gt;&gt;</a>&nbsp;&nbsp;&nbsp;USB_SetMaximumPacketSize
<LI><a href="#[11a]">&gt;&gt;</a>&nbsp;&nbsp;&nbsp;USB_SetConfiguration
<LI><a href="#[113]">&gt;&gt;</a>&nbsp;&nbsp;&nbsp;USB_SetAddress
<LI><a href="#[116]">&gt;&gt;</a>&nbsp;&nbsp;&nbsp;USB_GetDeviceDescriptor
<LI><a href="#[114]">&gt;&gt;</a>&nbsp;&nbsp;&nbsp;USB_GetDescriptor
<LI><a href="#[118]">&gt;&gt;</a>&nbsp;&nbsp;&nbsp;USB_GetConfiguration
<LI><a href="#[115]">&gt;&gt;</a>&nbsp;&nbsp;&nbsp;USB_DestroyConfiguration
<LI><a href="#[117]">&gt;&gt;</a>&nbsp;&nbsp;&nbsp;USB_ClearBit
<LI><a href="#[109]">&gt;&gt;</a>&nbsp;&nbsp;&nbsp;usb_hub_port_disable
<LI><a href="#[10b]">&gt;&gt;</a>&nbsp;&nbsp;&nbsp;usb_hub_port_reset
<LI><a href="#[7e]">&gt;&gt;</a>&nbsp;&nbsp;&nbsp;memcmp (via BLX)
</UL>
<BR>[Called By]<UL><LI><a href="#[11b]">&gt;&gt;</a>&nbsp;&nbsp;&nbsp;usb_hub_reset
</UL>

<P><STRONG><a name="[11c]"></a>usb_hub_events</STRONG> (ARM, 908 bytes, Stack size 48 bytes, hub.o(.text))
<BR><BR>[Stack]<UL><LI>Max Depth = 564 + Unknown Stack Size
<LI>Call Chain = usb_hub_events &rArr; usb_hub_port_connect_change &rArr; USB_SettleNewDevice &rArr; USB_ShowUsbString &rArr; USB_TranslateString &rArr; USB_GetStringDescriptor &rArr; USB_SendControlMessage &rArr; usb_internal_control_msg &rArr; USB_AllocateUrb &rArr; USB_malloc &rArr; sysprintf &rArr; FormatItem &rArr; sysPutNumber &rArr; sysPutStringReverse
</UL>
<BR>[Calls]<UL><LI><a href="#[c9]">&gt;&gt;</a>&nbsp;&nbsp;&nbsp;USB_WaitMiliseconds
<LI><a href="#[6f]">&gt;&gt;</a>&nbsp;&nbsp;&nbsp;sysprintf
<LI><a href="#[11d]">&gt;&gt;</a>&nbsp;&nbsp;&nbsp;list_empty
<LI><a href="#[11e]">&gt;&gt;</a>&nbsp;&nbsp;&nbsp;list_del
<LI><a href="#[11b]">&gt;&gt;</a>&nbsp;&nbsp;&nbsp;usb_hub_reset
<LI><a href="#[111]">&gt;&gt;</a>&nbsp;&nbsp;&nbsp;usb_hub_disconnect
<LI><a href="#[10c]">&gt;&gt;</a>&nbsp;&nbsp;&nbsp;usb_hub_port_connect_change
<LI><a href="#[108]">&gt;&gt;</a>&nbsp;&nbsp;&nbsp;usb_hub_power_on
<LI><a href="#[107]">&gt;&gt;</a>&nbsp;&nbsp;&nbsp;usb_get_port_status
<LI><a href="#[106]">&gt;&gt;</a>&nbsp;&nbsp;&nbsp;usb_get_hub_status
<LI><a href="#[104]">&gt;&gt;</a>&nbsp;&nbsp;&nbsp;usb_clear_port_feature
<LI><a href="#[103]">&gt;&gt;</a>&nbsp;&nbsp;&nbsp;usb_clear_hub_feature
</UL>
<BR>[Called By]<UL><LI><a href="#[8a]">&gt;&gt;</a>&nbsp;&nbsp;&nbsp;Hub_CheckIrqEvent
<LI><a href="#[122]">&gt;&gt;</a>&nbsp;&nbsp;&nbsp;USB_InitHubDriver
</UL>

<P><STRONG><a name="[8a]"></a>Hub_CheckIrqEvent</STRONG> (ARM, 20 bytes, Stack size 8 bytes, hub.o(.text))
<BR><BR>[Stack]<UL><LI>Max Depth = 572 + Unknown Stack Size
<LI>Call Chain = Hub_CheckIrqEvent &rArr; usb_hub_events &rArr; usb_hub_port_connect_change &rArr; USB_SettleNewDevice &rArr; USB_ShowUsbString &rArr; USB_TranslateString &rArr; USB_GetStringDescriptor &rArr; USB_SendControlMessage &rArr; usb_internal_control_msg &rArr; USB_AllocateUrb &rArr; USB_malloc &rArr; sysprintf &rArr; FormatItem &rArr; sysPutNumber &rArr; sysPutStringReverse
</UL>
<BR>[Calls]<UL><LI><a href="#[11f]">&gt;&gt;</a>&nbsp;&nbsp;&nbsp;ohci_int_timer_do
<LI><a href="#[11c]">&gt;&gt;</a>&nbsp;&nbsp;&nbsp;usb_hub_events
</UL>
<BR>[Called By]<UL><LI><a href="#[90]">&gt;&gt;</a>&nbsp;&nbsp;&nbsp;InitUsbSystem
<LI><a href="#[9b]">&gt;&gt;</a>&nbsp;&nbsp;&nbsp;PenDriverConnectTest
<LI><a href="#[87]">&gt;&gt;</a>&nbsp;&nbsp;&nbsp;Isochronous_Test
</UL>

<P><STRONG><a name="[122]"></a>USB_InitHubDriver</STRONG> (ARM, 48 bytes, Stack size 8 bytes, hub.o(.text))
<BR><BR>[Stack]<UL><LI>Max Depth = 572 + Unknown Stack Size
<LI>Call Chain = USB_InitHubDriver &rArr; usb_hub_events &rArr; usb_hub_port_connect_change &rArr; USB_SettleNewDevice &rArr; USB_ShowUsbString &rArr; USB_TranslateString &rArr; USB_GetStringDescriptor &rArr; USB_SendControlMessage &rArr; usb_internal_control_msg &rArr; USB_AllocateUrb &rArr; USB_malloc &rArr; sysprintf &rArr; FormatItem &rArr; sysPutNumber &rArr; sysPutStringReverse
</UL>
<BR>[Calls]<UL><LI><a href="#[b8]">&gt;&gt;</a>&nbsp;&nbsp;&nbsp;USB_RegisterDriver
<LI><a href="#[6f]">&gt;&gt;</a>&nbsp;&nbsp;&nbsp;sysprintf
<LI><a href="#[11c]">&gt;&gt;</a>&nbsp;&nbsp;&nbsp;usb_hub_events
</UL>
<BR>[Called By]<UL><LI><a href="#[90]">&gt;&gt;</a>&nbsp;&nbsp;&nbsp;InitUsbSystem
</UL>

<P><STRONG><a name="[123]"></a>USB_RemoveHubDriver</STRONG> (ARM, 16 bytes, Stack size 8 bytes, hub.o(.text), UNUSED)
<BR><BR>[Calls]<UL><LI><a href="#[ce]">&gt;&gt;</a>&nbsp;&nbsp;&nbsp;USB_DeregisterDriver
</UL>
<BR>[Called By]<UL><LI><a href="#[150]">&gt;&gt;</a>&nbsp;&nbsp;&nbsp;DeInitUsbSystem
</UL>

<P><STRONG><a name="[124]"></a>usbClearFeature</STRONG> (ARM, 40 bytes, Stack size 16 bytes, hub.o(.text), UNUSED)
<BR><BR>[Calls]<UL><LI><a href="#[104]">&gt;&gt;</a>&nbsp;&nbsp;&nbsp;usb_clear_port_feature
</UL>

<P><STRONG><a name="[125]"></a>USB_InitializeMemoryPool</STRONG> (ARM, 120 bytes, Stack size 8 bytes, support.o(.text))
<BR><BR>[Stack]<UL><LI>Max Depth = 8<LI>Call Chain = USB_InitializeMemoryPool
</UL>
<BR>[Calls]<UL><LI><a href="#[eb]">&gt;&gt;</a>&nbsp;&nbsp;&nbsp;__aeabi_memclr
</UL>
<BR>[Called By]<UL><LI><a href="#[90]">&gt;&gt;</a>&nbsp;&nbsp;&nbsp;InitUsbSystem
</UL>

<P><STRONG><a name="[bc]"></a>USB_available_memory</STRONG> (ARM, 12 bytes, Stack size 0 bytes, support.o(.text))
<BR><BR>[Called By]<UL><LI><a href="#[3d]">&gt;&gt;</a>&nbsp;&nbsp;&nbsp;usbvideo_IsocIrq
</UL>

<P><STRONG><a name="[2a1]"></a>USB_allocated_memory</STRONG> (ARM, 12 bytes, Stack size 0 bytes, support.o(.text), UNUSED)

<P><STRONG><a name="[b4]"></a>USB_malloc</STRONG> (ARM, 1108 bytes, Stack size 40 bytes, support.o(.text))
<BR><BR>[Stack]<UL><LI>Max Depth = 212 + Unknown Stack Size
<LI>Call Chain = USB_malloc &rArr; sysprintf &rArr; FormatItem &rArr; sysPutNumber &rArr; sysPutStringReverse
</UL>
<BR>[Calls]<UL><LI><a href="#[dd]">&gt;&gt;</a>&nbsp;&nbsp;&nbsp;sysEnableInterrupt
<LI><a href="#[e5]">&gt;&gt;</a>&nbsp;&nbsp;&nbsp;sysDisableInterrupt
<LI><a href="#[6f]">&gt;&gt;</a>&nbsp;&nbsp;&nbsp;sysprintf
<LI><a href="#[6a]">&gt;&gt;</a>&nbsp;&nbsp;&nbsp;__aeabi_uidivmod
</UL>
<BR>[Called By]<UL><LI><a href="#[c1]">&gt;&gt;</a>&nbsp;&nbsp;&nbsp;USB_SendControlMessage
<LI><a href="#[c8]">&gt;&gt;</a>&nbsp;&nbsp;&nbsp;USB_AllocateUrb
<LI><a href="#[10]">&gt;&gt;</a>&nbsp;&nbsp;&nbsp;W99683Cam_Probe
<LI><a href="#[c7]">&gt;&gt;</a>&nbsp;&nbsp;&nbsp;W99683Cam_SetupOnOpen
<LI><a href="#[c6]">&gt;&gt;</a>&nbsp;&nbsp;&nbsp;W99683Cam_check_sensor
<LI><a href="#[3d]">&gt;&gt;</a>&nbsp;&nbsp;&nbsp;usbvideo_IsocIrq
<LI><a href="#[b5]">&gt;&gt;</a>&nbsp;&nbsp;&nbsp;USB_TranslateString
<LI><a href="#[e]">&gt;&gt;</a>&nbsp;&nbsp;&nbsp;usb_kbd_probe
<LI><a href="#[8c]">&gt;&gt;</a>&nbsp;&nbsp;&nbsp;W99683Cam_Open
<LI><a href="#[156]">&gt;&gt;</a>&nbsp;&nbsp;&nbsp;UMAS_InitUmasDevice
<LI><a href="#[46]">&gt;&gt;</a>&nbsp;&nbsp;&nbsp;UMAS_BulkTransport
<LI><a href="#[155]">&gt;&gt;</a>&nbsp;&nbsp;&nbsp;UMAS_BulkMaxLun
<LI><a href="#[15]">&gt;&gt;</a>&nbsp;&nbsp;&nbsp;storage_probe
<LI><a href="#[152]">&gt;&gt;</a>&nbsp;&nbsp;&nbsp;usb_stor_allocate_irq
<LI><a href="#[14c]">&gt;&gt;</a>&nbsp;&nbsp;&nbsp;USB_ShowUsbString
<LI><a href="#[133]">&gt;&gt;</a>&nbsp;&nbsp;&nbsp;USB_AllocateBus
<LI><a href="#[13f]">&gt;&gt;</a>&nbsp;&nbsp;&nbsp;usb_parse_configuration
<LI><a href="#[13e]">&gt;&gt;</a>&nbsp;&nbsp;&nbsp;usb_parse_interface
<LI><a href="#[13d]">&gt;&gt;</a>&nbsp;&nbsp;&nbsp;usb_parse_endpoint
<LI><a href="#[118]">&gt;&gt;</a>&nbsp;&nbsp;&nbsp;USB_GetConfiguration
<LI><a href="#[10e]">&gt;&gt;</a>&nbsp;&nbsp;&nbsp;USB_AllocateDevice
<LI><a href="#[12]">&gt;&gt;</a>&nbsp;&nbsp;&nbsp;hub_probe
<LI><a href="#[121]">&gt;&gt;</a>&nbsp;&nbsp;&nbsp;usb_hub_configure
<LI><a href="#[10c]">&gt;&gt;</a>&nbsp;&nbsp;&nbsp;usb_hub_port_connect_change
<LI><a href="#[107]">&gt;&gt;</a>&nbsp;&nbsp;&nbsp;usb_get_port_status
<LI><a href="#[106]">&gt;&gt;</a>&nbsp;&nbsp;&nbsp;usb_get_hub_status
<LI><a href="#[1ea]">&gt;&gt;</a>&nbsp;&nbsp;&nbsp;usb_stor_control_msg
<LI><a href="#[1db]">&gt;&gt;</a>&nbsp;&nbsp;&nbsp;hc_alloc_ohci
<LI><a href="#[18]">&gt;&gt;</a>&nbsp;&nbsp;&nbsp;sohci_alloc_dev
<LI><a href="#[1b]">&gt;&gt;</a>&nbsp;&nbsp;&nbsp;sohci_submit_urb
<LI><a href="#[1cb]">&gt;&gt;</a>&nbsp;&nbsp;&nbsp;ep_add_ed
</UL>

<P><STRONG><a name="[b7]"></a>USB_free</STRONG> (ARM, 384 bytes, Stack size 24 bytes, support.o(.text))
<BR><BR>[Stack]<UL><LI>Max Depth = 196 + Unknown Stack Size
<LI>Call Chain = USB_free &rArr; sysprintf &rArr; FormatItem &rArr; sysPutNumber &rArr; sysPutStringReverse
</UL>
<BR>[Calls]<UL><LI><a href="#[dd]">&gt;&gt;</a>&nbsp;&nbsp;&nbsp;sysEnableInterrupt
<LI><a href="#[e5]">&gt;&gt;</a>&nbsp;&nbsp;&nbsp;sysDisableInterrupt
<LI><a href="#[6f]">&gt;&gt;</a>&nbsp;&nbsp;&nbsp;sysprintf
</UL>
<BR>[Called By]<UL><LI><a href="#[c1]">&gt;&gt;</a>&nbsp;&nbsp;&nbsp;USB_SendControlMessage
<LI><a href="#[ca]">&gt;&gt;</a>&nbsp;&nbsp;&nbsp;USB_FreeUrb
<LI><a href="#[cb]">&gt;&gt;</a>&nbsp;&nbsp;&nbsp;USB_FreeDevice
<LI><a href="#[10]">&gt;&gt;</a>&nbsp;&nbsp;&nbsp;W99683Cam_Probe
<LI><a href="#[11]">&gt;&gt;</a>&nbsp;&nbsp;&nbsp;W99683Cam_Disconnect
<LI><a href="#[c6]">&gt;&gt;</a>&nbsp;&nbsp;&nbsp;W99683Cam_check_sensor
<LI><a href="#[3d]">&gt;&gt;</a>&nbsp;&nbsp;&nbsp;usbvideo_IsocIrq
<LI><a href="#[b9]">&gt;&gt;</a>&nbsp;&nbsp;&nbsp;W99683Cam_DropFrameQueue
<LI><a href="#[b5]">&gt;&gt;</a>&nbsp;&nbsp;&nbsp;USB_TranslateString
<LI><a href="#[f]">&gt;&gt;</a>&nbsp;&nbsp;&nbsp;usb_kbd_disconnect
<LI><a href="#[78]">&gt;&gt;</a>&nbsp;&nbsp;&nbsp;W99683_GetFramePiece
<LI><a href="#[8c]">&gt;&gt;</a>&nbsp;&nbsp;&nbsp;W99683Cam_Open
<LI><a href="#[46]">&gt;&gt;</a>&nbsp;&nbsp;&nbsp;UMAS_BulkTransport
<LI><a href="#[155]">&gt;&gt;</a>&nbsp;&nbsp;&nbsp;UMAS_BulkMaxLun
<LI><a href="#[15b]">&gt;&gt;</a>&nbsp;&nbsp;&nbsp;UMAS_RemoveUmasDriver
<LI><a href="#[16]">&gt;&gt;</a>&nbsp;&nbsp;&nbsp;storage_disconnect
<LI><a href="#[15]">&gt;&gt;</a>&nbsp;&nbsp;&nbsp;storage_probe
<LI><a href="#[14c]">&gt;&gt;</a>&nbsp;&nbsp;&nbsp;USB_ShowUsbString
<LI><a href="#[134]">&gt;&gt;</a>&nbsp;&nbsp;&nbsp;USB_FreeBus
<LI><a href="#[13e]">&gt;&gt;</a>&nbsp;&nbsp;&nbsp;usb_parse_interface
<LI><a href="#[118]">&gt;&gt;</a>&nbsp;&nbsp;&nbsp;USB_GetConfiguration
<LI><a href="#[115]">&gt;&gt;</a>&nbsp;&nbsp;&nbsp;USB_DestroyConfiguration
<LI><a href="#[13]">&gt;&gt;</a>&nbsp;&nbsp;&nbsp;hub_disconnect
<LI><a href="#[12]">&gt;&gt;</a>&nbsp;&nbsp;&nbsp;hub_probe
<LI><a href="#[121]">&gt;&gt;</a>&nbsp;&nbsp;&nbsp;usb_hub_configure
<LI><a href="#[10c]">&gt;&gt;</a>&nbsp;&nbsp;&nbsp;usb_hub_port_connect_change
<LI><a href="#[107]">&gt;&gt;</a>&nbsp;&nbsp;&nbsp;usb_get_port_status
<LI><a href="#[106]">&gt;&gt;</a>&nbsp;&nbsp;&nbsp;usb_get_hub_status
<LI><a href="#[1ea]">&gt;&gt;</a>&nbsp;&nbsp;&nbsp;usb_stor_control_msg
<LI><a href="#[1dc]">&gt;&gt;</a>&nbsp;&nbsp;&nbsp;hc_release_ohci
<LI><a href="#[1db]">&gt;&gt;</a>&nbsp;&nbsp;&nbsp;hc_alloc_ohci
<LI><a href="#[1d5]">&gt;&gt;</a>&nbsp;&nbsp;&nbsp;dl_del_list
<LI><a href="#[19]">&gt;&gt;</a>&nbsp;&nbsp;&nbsp;sohci_free_dev
<LI><a href="#[1bf]">&gt;&gt;</a>&nbsp;&nbsp;&nbsp;urb_free_priv
</UL>

<P><STRONG><a name="[c9]"></a>USB_WaitMiliseconds</STRONG> (ARM, 64 bytes, Stack size 16 bytes, support.o(.text))
<BR><BR>[Stack]<UL><LI>Max Depth = 16 + Unknown Stack Size
<LI>Call Chain = USB_WaitMiliseconds
</UL>
<BR>[Calls]<UL><LI><a href="#[93]">&gt;&gt;</a>&nbsp;&nbsp;&nbsp;sysGetTicks
<LI><a href="#[6a]">&gt;&gt;</a>&nbsp;&nbsp;&nbsp;__aeabi_uidivmod
</UL>
<BR>[Called By]<UL><LI><a href="#[8c]">&gt;&gt;</a>&nbsp;&nbsp;&nbsp;W99683Cam_Open
<LI><a href="#[14f]">&gt;&gt;</a>&nbsp;&nbsp;&nbsp;UsbInitializeOHCI
<LI><a href="#[110]">&gt;&gt;</a>&nbsp;&nbsp;&nbsp;USB_SettleNewDevice
<LI><a href="#[11c]">&gt;&gt;</a>&nbsp;&nbsp;&nbsp;usb_hub_events
<LI><a href="#[112]">&gt;&gt;</a>&nbsp;&nbsp;&nbsp;USB_ResetDevice
<LI><a href="#[10c]">&gt;&gt;</a>&nbsp;&nbsp;&nbsp;usb_hub_port_connect_change
<LI><a href="#[10a]">&gt;&gt;</a>&nbsp;&nbsp;&nbsp;usb_hub_port_wait_reset
<LI><a href="#[108]">&gt;&gt;</a>&nbsp;&nbsp;&nbsp;usb_hub_power_on
<LI><a href="#[1df]">&gt;&gt;</a>&nbsp;&nbsp;&nbsp;OHCI_Resume
<LI><a href="#[1de]">&gt;&gt;</a>&nbsp;&nbsp;&nbsp;OHCI_suspend
<LI><a href="#[1da]">&gt;&gt;</a>&nbsp;&nbsp;&nbsp;hc_start
<LI><a href="#[19]">&gt;&gt;</a>&nbsp;&nbsp;&nbsp;sohci_free_dev
<LI><a href="#[1c]">&gt;&gt;</a>&nbsp;&nbsp;&nbsp;sohci_unlink_urb
</UL>

<P><STRONG><a name="[136]"></a>USB_SetBit</STRONG> (ARM, 68 bytes, Stack size 8 bytes, support.o(.text))
<BR><BR>[Stack]<UL><LI>Max Depth = 8<LI>Call Chain = USB_SetBit
</UL>
<BR>[Called By]<UL><LI><a href="#[135]">&gt;&gt;</a>&nbsp;&nbsp;&nbsp;USB_RegisterBus
<LI><a href="#[10f]">&gt;&gt;</a>&nbsp;&nbsp;&nbsp;USB_ConnectDevice
</UL>

<P><STRONG><a name="[117]"></a>USB_ClearBit</STRONG> (ARM, 228 bytes, Stack size 8 bytes, support.o(.text))
<BR><BR>[Stack]<UL><LI>Max Depth = 8<LI>Call Chain = USB_ClearBit
</UL>
<BR>[Called By]<UL><LI><a href="#[137]">&gt;&gt;</a>&nbsp;&nbsp;&nbsp;usb_deregister_bus
<LI><a href="#[110]">&gt;&gt;</a>&nbsp;&nbsp;&nbsp;USB_SettleNewDevice
<LI><a href="#[10d]">&gt;&gt;</a>&nbsp;&nbsp;&nbsp;USB_DisconnectDevice
<LI><a href="#[112]">&gt;&gt;</a>&nbsp;&nbsp;&nbsp;USB_ResetDevice
</UL>

<P><STRONG><a name="[126]"></a>USB_FindNextZeroBit</STRONG> (ARM, 120 bytes, Stack size 32 bytes, support.o(.text))
<BR><BR>[Stack]<UL><LI>Max Depth = 204 + Unknown Stack Size
<LI>Call Chain = USB_FindNextZeroBit &rArr; sysprintf &rArr; FormatItem &rArr; sysPutNumber &rArr; sysPutStringReverse
</UL>
<BR>[Calls]<UL><LI><a href="#[6f]">&gt;&gt;</a>&nbsp;&nbsp;&nbsp;sysprintf
</UL>
<BR>[Called By]<UL><LI><a href="#[135]">&gt;&gt;</a>&nbsp;&nbsp;&nbsp;USB_RegisterBus
<LI><a href="#[10f]">&gt;&gt;</a>&nbsp;&nbsp;&nbsp;USB_ConnectDevice
</UL>

<P><STRONG><a name="[12a]"></a>USB_DriverClaimInterface</STRONG> (ARM, 36 bytes, Stack size 0 bytes, usb.o(.text))
<BR><BR>[Called By]<UL><LI><a href="#[127]">&gt;&gt;</a>&nbsp;&nbsp;&nbsp;usb_find_interface_driver
</UL>

<P><STRONG><a name="[129]"></a>usb_match_id</STRONG> (ARM, 436 bytes, Stack size 8 bytes, usb.o(.text))
<BR><BR>[Stack]<UL><LI>Max Depth = 8<LI>Call Chain = usb_match_id
</UL>
<BR>[Called By]<UL><LI><a href="#[127]">&gt;&gt;</a>&nbsp;&nbsp;&nbsp;usb_find_interface_driver
</UL>

<P><STRONG><a name="[128]"></a>USB_InterfaceClaimed</STRONG> (ARM, 48 bytes, Stack size 0 bytes, usb.o(.text))
<BR><BR>[Called By]<UL><LI><a href="#[138]">&gt;&gt;</a>&nbsp;&nbsp;&nbsp;usb_find_drivers
<LI><a href="#[127]">&gt;&gt;</a>&nbsp;&nbsp;&nbsp;usb_find_interface_driver
</UL>

<P><STRONG><a name="[12c]"></a>USB_ScanDevices</STRONG> (ARM, 144 bytes, Stack size 16 bytes, usb.o(.text))
<BR><BR>[Stack]<UL><LI>Max Depth = 244 + Unknown Stack Size
<LI>Call Chain = USB_ScanDevices &rArr; usb_check_support &rArr;  usb_check_support (Cycle)
</UL>
<BR>[Calls]<UL><LI><a href="#[12b]">&gt;&gt;</a>&nbsp;&nbsp;&nbsp;usb_check_support
</UL>
<BR>[Called By]<UL><LI><a href="#[b8]">&gt;&gt;</a>&nbsp;&nbsp;&nbsp;USB_RegisterDriver
</UL>

<P><STRONG><a name="[b8]"></a>USB_RegisterDriver</STRONG> (ARM, 48 bytes, Stack size 16 bytes, usb.o(.text))
<BR><BR>[Stack]<UL><LI>Max Depth = 260 + Unknown Stack Size
<LI>Call Chain = USB_RegisterDriver &rArr; USB_ScanDevices &rArr; usb_check_support &rArr;  usb_check_support (Cycle)
</UL>
<BR>[Calls]<UL><LI><a href="#[12c]">&gt;&gt;</a>&nbsp;&nbsp;&nbsp;USB_ScanDevices
<LI><a href="#[12d]">&gt;&gt;</a>&nbsp;&nbsp;&nbsp;__list_add
</UL>
<BR>[Called By]<UL><LI><a href="#[89]">&gt;&gt;</a>&nbsp;&nbsp;&nbsp;W99683Cam_Init
<LI><a href="#[92]">&gt;&gt;</a>&nbsp;&nbsp;&nbsp;USBKeyboardInit
<LI><a href="#[91]">&gt;&gt;</a>&nbsp;&nbsp;&nbsp;UMAS_InitUmasDriver
<LI><a href="#[122]">&gt;&gt;</a>&nbsp;&nbsp;&nbsp;USB_InitHubDriver
</UL>

<P><STRONG><a name="[12f]"></a>USB_DriverReleaseInterface</STRONG> (ARM, 44 bytes, Stack size 0 bytes, usb.o(.text))
<BR><BR>[Called By]<UL><LI><a href="#[12e]">&gt;&gt;</a>&nbsp;&nbsp;&nbsp;usb_drivers_purge
<LI><a href="#[10d]">&gt;&gt;</a>&nbsp;&nbsp;&nbsp;USB_DisconnectDevice
</UL>

<P><STRONG><a name="[ce]"></a>USB_DeregisterDriver</STRONG> (ARM, 68 bytes, Stack size 16 bytes, usb.o(.text), UNUSED)
<BR><BR>[Calls]<UL><LI><a href="#[130]">&gt;&gt;</a>&nbsp;&nbsp;&nbsp;list_del
<LI><a href="#[12e]">&gt;&gt;</a>&nbsp;&nbsp;&nbsp;usb_drivers_purge
</UL>
<BR>[Called By]<UL><LI><a href="#[cd]">&gt;&gt;</a>&nbsp;&nbsp;&nbsp;W99683Cam_Exit
<LI><a href="#[15b]">&gt;&gt;</a>&nbsp;&nbsp;&nbsp;UMAS_RemoveUmasDriver
<LI><a href="#[123]">&gt;&gt;</a>&nbsp;&nbsp;&nbsp;USB_RemoveHubDriver
</UL>

<P><STRONG><a name="[149]"></a>USB_GetInterfaceData</STRONG> (ARM, 92 bytes, Stack size 0 bytes, usb.o(.text))
<BR><BR>[Called By]<UL><LI><a href="#[be]">&gt;&gt;</a>&nbsp;&nbsp;&nbsp;USB_SetInterface
</UL>

<P><STRONG><a name="[2a2]"></a>USB_GetEndpointDescriptor</STRONG> (ARM, 264 bytes, Stack size 12 bytes, usb.o(.text), UNUSED)

<P><STRONG><a name="[131]"></a>usb_calc_bus_time</STRONG> (ARM, 320 bytes, Stack size 32 bytes, usb.o(.text))
<BR><BR>[Stack]<UL><LI>Max Depth = 40<LI>Call Chain = usb_calc_bus_time &rArr; __aeabi_idivmod
</UL>
<BR>[Calls]<UL><LI><a href="#[bb]">&gt;&gt;</a>&nbsp;&nbsp;&nbsp;__aeabi_idivmod
</UL>
<BR>[Called By]<UL><LI><a href="#[132]">&gt;&gt;</a>&nbsp;&nbsp;&nbsp;USB_CheckBandwidth
</UL>

<P><STRONG><a name="[132]"></a>USB_CheckBandwidth</STRONG> (ARM, 216 bytes, Stack size 32 bytes, usb.o(.text))
<BR><BR>[Stack]<UL><LI>Max Depth = 72 + Unknown Stack Size
<LI>Call Chain = USB_CheckBandwidth &rArr; usb_calc_bus_time &rArr; __aeabi_idivmod
</UL>
<BR>[Calls]<UL><LI><a href="#[131]">&gt;&gt;</a>&nbsp;&nbsp;&nbsp;usb_calc_bus_time
<LI><a href="#[6a]">&gt;&gt;</a>&nbsp;&nbsp;&nbsp;__aeabi_uidivmod
</UL>
<BR>[Called By]<UL><LI><a href="#[1b]">&gt;&gt;</a>&nbsp;&nbsp;&nbsp;sohci_submit_urb
</UL>

<P><STRONG><a name="[1ce]"></a>USB_ClaimBandwidth</STRONG> (ARM, 84 bytes, Stack size 8 bytes, usb.o(.text))
<BR><BR>[Stack]<UL><LI>Max Depth = 8<LI>Call Chain = USB_ClaimBandwidth
</UL>
<BR>[Called By]<UL><LI><a href="#[1b]">&gt;&gt;</a>&nbsp;&nbsp;&nbsp;sohci_submit_urb
</UL>

<P><STRONG><a name="[1c1]"></a>USB_ReleaseBandwidth</STRONG> (ARM, 88 bytes, Stack size 0 bytes, usb.o(.text))
<BR><BR>[Called By]<UL><LI><a href="#[1c0]">&gt;&gt;</a>&nbsp;&nbsp;&nbsp;urb_rm_priv_locked
</UL>

<P><STRONG><a name="[133]"></a>USB_AllocateBus</STRONG> (ARM, 128 bytes, Stack size 16 bytes, usb.o(.text))
<BR><BR>[Stack]<UL><LI>Max Depth = 228 + Unknown Stack Size
<LI>Call Chain = USB_AllocateBus &rArr; USB_malloc &rArr; sysprintf &rArr; FormatItem &rArr; sysPutNumber &rArr; sysPutStringReverse
</UL>
<BR>[Calls]<UL><LI><a href="#[b4]">&gt;&gt;</a>&nbsp;&nbsp;&nbsp;USB_malloc
</UL>
<BR>[Called By]<UL><LI><a href="#[1db]">&gt;&gt;</a>&nbsp;&nbsp;&nbsp;hc_alloc_ohci
</UL>

<P><STRONG><a name="[134]"></a>USB_FreeBus</STRONG> (ARM, 36 bytes, Stack size 8 bytes, usb.o(.text))
<BR><BR>[Stack]<UL><LI>Max Depth = 204 + Unknown Stack Size
<LI>Call Chain = USB_FreeBus &rArr; USB_free &rArr; sysprintf &rArr; FormatItem &rArr; sysPutNumber &rArr; sysPutStringReverse
</UL>
<BR>[Calls]<UL><LI><a href="#[b7]">&gt;&gt;</a>&nbsp;&nbsp;&nbsp;USB_free
</UL>
<BR>[Called By]<UL><LI><a href="#[1dc]">&gt;&gt;</a>&nbsp;&nbsp;&nbsp;hc_release_ohci
</UL>

<P><STRONG><a name="[135]"></a>USB_RegisterBus</STRONG> (ARM, 96 bytes, Stack size 24 bytes, usb.o(.text))
[...]
<BR><BR>[Stack]<UL><LI>Max Depth = 424<LI>Call Chain = check_dir_empty &rArr; fsFileSeek &rArr; fsSetFileSize &rArr;  fsOpenFile (Cycle)
</UL>
<BR>[Calls]<UL><LI><a href="#[7c]">&gt;&gt;</a>&nbsp;&nbsp;&nbsp;fsReadFile
<LI><a href="#[198]">&gt;&gt;</a>&nbsp;&nbsp;&nbsp;fsGetFilePosition
<LI><a href="#[192]">&gt;&gt;</a>&nbsp;&nbsp;&nbsp;fsFileSeek
</UL>
<BR>[Called By]<UL><LI><a href="#[214]">&gt;&gt;</a>&nbsp;&nbsp;&nbsp;fs_fat_delete_file
</UL>

<P><STRONG><a name="[212]"></a>build_ldir_entry</STRONG> (ARM, 332 bytes, Stack size 32 bytes, nvtfat_ldisk.o(.text))
<BR><BR>[Stack]<UL><LI>Max Depth = 40 + Unknown Stack Size
<LI>Call Chain = build_ldir_entry &rArr; __aeabi_idivmod
</UL>
<BR>[Calls]<UL><LI><a href="#[bb]">&gt;&gt;</a>&nbsp;&nbsp;&nbsp;__aeabi_idivmod
<LI><a href="#[71]">&gt;&gt;</a>&nbsp;&nbsp;&nbsp;__aeabi_memset
<LI><a href="#[79]">&gt;&gt;</a>&nbsp;&nbsp;&nbsp;__aeabi_memcpy
</UL>
<BR>[Called By]<UL><LI><a href="#[220]">&gt;&gt;</a>&nbsp;&nbsp;&nbsp;fs_fat_rename_file
<LI><a href="#[21a]">&gt;&gt;</a>&nbsp;&nbsp;&nbsp;fs_fat_create_file
</UL>

<P><STRONG><a name="[213]"></a>find_free_dir_entry</STRONG> (ARM, 316 bytes, Stack size 80 bytes, nvtfat_ldisk.o(.text))
<BR><BR>[Stack]<UL><LI>Max Depth = 448<LI>Call Chain = find_free_dir_entry &rArr; fsFileSeek &rArr; fsSetFileSize &rArr;  fsOpenFile (Cycle)
</UL>
<BR>[Calls]<UL><LI><a href="#[7c]">&gt;&gt;</a>&nbsp;&nbsp;&nbsp;fsReadFile
<LI><a href="#[192]">&gt;&gt;</a>&nbsp;&nbsp;&nbsp;fsFileSeek
<LI><a href="#[183]">&gt;&gt;</a>&nbsp;&nbsp;&nbsp;fsHandleToDescriptor
</UL>
<BR>[Called By]<UL><LI><a href="#[220]">&gt;&gt;</a>&nbsp;&nbsp;&nbsp;fs_fat_rename_file
<LI><a href="#[21a]">&gt;&gt;</a>&nbsp;&nbsp;&nbsp;fs_fat_create_file
</UL>

<P><STRONG><a name="[21]"></a>_delfile</STRONG> (ARM, 40 bytes, Stack size 16 bytes, nvtfat_ldisk.o(.text))
<BR><BR>[Stack]<UL><LI>Max Depth = 2840 + Unknown Stack Size
<LI>Call Chain = _delfile &rArr; fs_fat_delete_file &rArr; fsOpenFile &rArr; fsGetAsciiFileName &rArr; fsUnicodeToAscii
</UL>
<BR>[Calls]<UL><LI><a href="#[214]">&gt;&gt;</a>&nbsp;&nbsp;&nbsp;fs_fat_delete_file
</UL>
<BR>[Address Reference Count : 1]<UL><LI> nvtfat_ldisk.o(.data)
</UL>
<P><STRONG><a name="[22]"></a>_mkdir</STRONG> (ARM, 160 bytes, Stack size 24 bytes, nvtfat_ldisk.o(.text))
<BR><BR>[Stack]<UL><LI>Max Depth = 648<LI>Call Chain = _mkdir &rArr; fsOpenFile &rArr; fsGetAsciiFileName &rArr; fsUnicodeToAscii
</UL>
<BR>[Calls]<UL><LI><a href="#[7b]">&gt;&gt;</a>&nbsp;&nbsp;&nbsp;fsOpenFile
<LI><a href="#[7d]">&gt;&gt;</a>&nbsp;&nbsp;&nbsp;fsCloseFile
<LI><a href="#[201]">&gt;&gt;</a>&nbsp;&nbsp;&nbsp;fs_flush_iow_cache
</UL>
<BR>[Address Reference Count : 1]<UL><LI> nvtfat_ldisk.o(.data)
</UL>
<P><STRONG><a name="[23]"></a>_rmdir</STRONG> (ARM, 40 bytes, Stack size 16 bytes, nvtfat_ldisk.o(.text))
<BR><BR>[Stack]<UL><LI>Max Depth = 2840 + Unknown Stack Size
<LI>Call Chain = _rmdir &rArr; fs_fat_delete_file &rArr; fsOpenFile &rArr; fsGetAsciiFileName &rArr; fsUnicodeToAscii
</UL>
<BR>[Calls]<UL><LI><a href="#[214]">&gt;&gt;</a>&nbsp;&nbsp;&nbsp;fs_fat_delete_file
</UL>
<BR>[Address Reference Count : 1]<UL><LI> nvtfat_ldisk.o(.data)
</UL>
<P><STRONG><a name="[24]"></a>_move</STRONG> (ARM, 52 bytes, Stack size 40 bytes, nvtfat_ldisk.o(.text))
<BR><BR>[Stack]<UL><LI>Max Depth = 3800 + Unknown Stack Size
<LI>Call Chain = _move &rArr; fs_fat_rename_file &rArr; generate_short_name &rArr; fs_fat_get_next_dir_entry &rArr; __fread &rArr; fs_read_fat_table &rArr; fs_fat_check_out_sec &rArr; check_out_fat_sector &rArr; fsIORead &rArr; get_ioc_block &rArr; flush_cache_blocks
</UL>
<BR>[Calls]<UL><LI><a href="#[220]">&gt;&gt;</a>&nbsp;&nbsp;&nbsp;fs_fat_rename_file
</UL>
<BR>[Address Reference Count : 1]<UL><LI> nvtfat_ldisk.o(.data)
</UL>
<P><STRONG><a name="[25]"></a>_volume_label</STRONG> (ARM, 584 bytes, Stack size 96 bytes, nvtfat_ldisk.o(.text))
<BR><BR>[Stack]<UL><LI>Max Depth = 720<LI>Call Chain = _volume_label &rArr; fsOpenFile &rArr; fsGetAsciiFileName &rArr; fsUnicodeToAscii
</UL>
<BR>[Calls]<UL><LI><a href="#[82]">&gt;&gt;</a>&nbsp;&nbsp;&nbsp;fsWriteFile
<LI><a href="#[7c]">&gt;&gt;</a>&nbsp;&nbsp;&nbsp;fsReadFile
<LI><a href="#[7b]">&gt;&gt;</a>&nbsp;&nbsp;&nbsp;fsOpenFile
<LI><a href="#[7d]">&gt;&gt;</a>&nbsp;&nbsp;&nbsp;fsCloseFile
<LI><a href="#[200]">&gt;&gt;</a>&nbsp;&nbsp;&nbsp;fsIOWrite
<LI><a href="#[1b4]">&gt;&gt;</a>&nbsp;&nbsp;&nbsp;fsIORead
<LI><a href="#[1b6]">&gt;&gt;</a>&nbsp;&nbsp;&nbsp;fsFreeSector
<LI><a href="#[1b3]">&gt;&gt;</a>&nbsp;&nbsp;&nbsp;fsAllocateSector
<LI><a href="#[192]">&gt;&gt;</a>&nbsp;&nbsp;&nbsp;fsFileSeek
<LI><a href="#[79]">&gt;&gt;</a>&nbsp;&nbsp;&nbsp;__aeabi_memcpy
</UL>
<BR>[Address Reference Count : 1]<UL><LI> nvtfat_ldisk.o(.data)
</UL>
<P><STRONG><a name="[222]"></a>find_last_dot</STRONG> (ARM, 76 bytes, Stack size 0 bytes, nvtfat_lib.o(.text))
<BR><BR>[Called By]<UL><LI><a href="#[221]">&gt;&gt;</a>&nbsp;&nbsp;&nbsp;fsUnicodeWildCardCompare
</UL>

<P><STRONG><a name="[229]"></a>search_file_in_directroy</STRONG> (ARM, 756 bytes, Stack size 608 bytes, nvtfat_dir.o(.text))
<BR><BR>[Stack]<UL><LI>Max Depth = 856 + Unknown Stack Size
<LI>Call Chain = search_file_in_directroy &rArr; fs_read_fat_table &rArr; fs_fat_check_out_sec &rArr; check_out_fat_sector &rArr; fsIORead &rArr; get_ioc_block &rArr; flush_cache_blocks
</UL>
<BR>[Calls]<UL><LI><a href="#[227]">&gt;&gt;</a>&nbsp;&nbsp;&nbsp;fs_fat_get_ldir_name
<LI><a href="#[218]">&gt;&gt;</a>&nbsp;&nbsp;&nbsp;fs_read_fat_table
<LI><a href="#[210]">&gt;&gt;</a>&nbsp;&nbsp;&nbsp;fs_fat_get_sdir_name
<LI><a href="#[21e]">&gt;&gt;</a>&nbsp;&nbsp;&nbsp;fs_fat_get_dire_info
<LI><a href="#[1bc]">&gt;&gt;</a>&nbsp;&nbsp;&nbsp;fsAsciiNonCaseCompare
<LI><a href="#[1b4]">&gt;&gt;</a>&nbsp;&nbsp;&nbsp;fsIORead
<LI><a href="#[1b6]">&gt;&gt;</a>&nbsp;&nbsp;&nbsp;fsFreeSector
<LI><a href="#[1b3]">&gt;&gt;</a>&nbsp;&nbsp;&nbsp;fsAllocateSector
<LI><a href="#[185]">&gt;&gt;</a>&nbsp;&nbsp;&nbsp;fsUnicodeNonCaseCompare
<LI><a href="#[88]">&gt;&gt;</a>&nbsp;&nbsp;&nbsp;__aeabi_memclr4
<LI><a href="#[79]">&gt;&gt;</a>&nbsp;&nbsp;&nbsp;__aeabi_memcpy
<LI><a href="#[97]">&gt;&gt;</a>&nbsp;&nbsp;&nbsp;strcpy (via BLX)
</UL>
<BR>[Called By]<UL><LI><a href="#[22b]">&gt;&gt;</a>&nbsp;&nbsp;&nbsp;fs_fat_search_file
</UL>

<P><STRONG><a name="[22a]"></a>search_file_in_fat16_root</STRONG> (ARM, 644 bytes, Stack size 600 bytes, nvtfat_dir.o(.text))
<BR><BR>[Stack]<UL><LI>Max Depth = 736<LI>Call Chain = search_file_in_fat16_root &rArr; fsIORead &rArr; get_ioc_block &rArr; flush_cache_blocks
</UL>
<BR>[Calls]<UL><LI><a href="#[227]">&gt;&gt;</a>&nbsp;&nbsp;&nbsp;fs_fat_get_ldir_name
<LI><a href="#[210]">&gt;&gt;</a>&nbsp;&nbsp;&nbsp;fs_fat_get_sdir_name
<LI><a href="#[21e]">&gt;&gt;</a>&nbsp;&nbsp;&nbsp;fs_fat_get_dire_info
<LI><a href="#[1bc]">&gt;&gt;</a>&nbsp;&nbsp;&nbsp;fsAsciiNonCaseCompare
<LI><a href="#[1b4]">&gt;&gt;</a>&nbsp;&nbsp;&nbsp;fsIORead
<LI><a href="#[1b6]">&gt;&gt;</a>&nbsp;&nbsp;&nbsp;fsFreeSector
<LI><a href="#[1b3]">&gt;&gt;</a>&nbsp;&nbsp;&nbsp;fsAllocateSector
<LI><a href="#[185]">&gt;&gt;</a>&nbsp;&nbsp;&nbsp;fsUnicodeNonCaseCompare
<LI><a href="#[88]">&gt;&gt;</a>&nbsp;&nbsp;&nbsp;__aeabi_memclr4
<LI><a href="#[79]">&gt;&gt;</a>&nbsp;&nbsp;&nbsp;__aeabi_memcpy
<LI><a href="#[97]">&gt;&gt;</a>&nbsp;&nbsp;&nbsp;strcpy (via BLX)
</UL>
<BR>[Called By]<UL><LI><a href="#[22b]">&gt;&gt;</a>&nbsp;&nbsp;&nbsp;fs_fat_search_file
</UL>

<P><STRONG><a name="[22f]"></a>alloc_rw_buff</STRONG> (ARM, 128 bytes, Stack size 16 bytes, nvtfat_fop.o(.text))
<BR><BR>[Stack]<UL><LI>Max Depth = 16<LI>Call Chain = alloc_rw_buff
</UL>
<BR>[Calls]<UL><LI><a href="#[eb]">&gt;&gt;</a>&nbsp;&nbsp;&nbsp;__aeabi_memclr
</UL>
<BR>[Called By]<UL><LI><a href="#[27]">&gt;&gt;</a>&nbsp;&nbsp;&nbsp;__fread
<LI><a href="#[28]">&gt;&gt;</a>&nbsp;&nbsp;&nbsp;__fwrite
</UL>

<P><STRONG><a name="[28]"></a>__fwrite</STRONG> (ARM, 1552 bytes, Stack size 88 bytes, nvtfat_fop.o(.text))
<BR><BR>[Stack]<UL><LI>Max Depth = 392 + Unknown Stack Size
<LI>Call Chain = __fwrite &rArr; fs_fat_allocate_cluster &rArr; fs_write_fat_table &rArr; fs_fat_check_out_sec &rArr; check_out_fat_sector &rArr; fsIORead &rArr; get_ioc_block &rArr; flush_cache_blocks
</UL>
<BR>[Calls]<UL><LI><a href="#[21f]">&gt;&gt;</a>&nbsp;&nbsp;&nbsp;__aeabi_ldivmod
<LI><a href="#[22e]">&gt;&gt;</a>&nbsp;&nbsp;&nbsp;fs_fat_allocate_cluster
<LI><a href="#[22f]">&gt;&gt;</a>&nbsp;&nbsp;&nbsp;alloc_rw_buff
<LI><a href="#[218]">&gt;&gt;</a>&nbsp;&nbsp;&nbsp;fs_read_fat_table
<LI><a href="#[200]">&gt;&gt;</a>&nbsp;&nbsp;&nbsp;fsIOWrite
<LI><a href="#[1b4]">&gt;&gt;</a>&nbsp;&nbsp;&nbsp;fsIORead
<LI><a href="#[79]">&gt;&gt;</a>&nbsp;&nbsp;&nbsp;__aeabi_memcpy
</UL>
<BR>[Called By]<UL><LI><a href="#[26]">&gt;&gt;</a>&nbsp;&nbsp;&nbsp;__fopen
</UL>
<BR>[Address Reference Count : 1]<UL><LI> nvtfat_fop.o(.data)
</UL>
<P><STRONG><a name="[2b]"></a>__fseek</STRONG> (ARM, 636 bytes, Stack size 64 bytes, nvtfat_fop.o(.text))
<BR><BR>[Stack]<UL><LI>Max Depth = 312 + Unknown Stack Size
<LI>Call Chain = __fseek &rArr; fs_read_fat_table &rArr; fs_fat_check_out_sec &rArr; check_out_fat_sector &rArr; fsIORead &rArr; get_ioc_block &rArr; flush_cache_blocks
</UL>
<BR>[Calls]<UL><LI><a href="#[21f]">&gt;&gt;</a>&nbsp;&nbsp;&nbsp;__aeabi_ldivmod
<LI><a href="#[218]">&gt;&gt;</a>&nbsp;&nbsp;&nbsp;fs_read_fat_table
</UL>
<BR>[Called By]<UL><LI><a href="#[232]">&gt;&gt;</a>&nbsp;&nbsp;&nbsp;find_fileEx
<LI><a href="#[231]">&gt;&gt;</a>&nbsp;&nbsp;&nbsp;find_file
<LI><a href="#[26]">&gt;&gt;</a>&nbsp;&nbsp;&nbsp;__fopen
</UL>
<BR>[Address Reference Count : 1]<UL><LI> nvtfat_fop.o(.data)
</UL>
<P><STRONG><a name="[26]"></a>__fopen</STRONG> (ARM, 1460 bytes, Stack size 88 bytes, nvtfat_fop.o(.text))
<BR><BR>[Stack]<UL><LI>Max Depth = 2344 + Unknown Stack Size
<LI>Call Chain = __fopen &rArr; fs_fat_search_file &rArr; search_file_in_directroy &rArr; fs_read_fat_table &rArr; fs_fat_check_out_sec &rArr; check_out_fat_sector &rArr; fsIORead &rArr; get_ioc_block &rArr; flush_cache_blocks
</UL>
<BR>[Calls]<UL><LI><a href="#[81]">&gt;&gt;</a>&nbsp;&nbsp;&nbsp;free (via BLX)
<LI><a href="#[80]">&gt;&gt;</a>&nbsp;&nbsp;&nbsp;malloc (via BLX)
<LI><a href="#[22d]">&gt;&gt;</a>&nbsp;&nbsp;&nbsp;fs_update_first_cluster
<LI><a href="#[2b]">&gt;&gt;</a>&nbsp;&nbsp;&nbsp;__fseek
<LI><a href="#[28]">&gt;&gt;</a>&nbsp;&nbsp;&nbsp;__fwrite
<LI><a href="#[22b]">&gt;&gt;</a>&nbsp;&nbsp;&nbsp;fs_fat_search_file
<LI><a href="#[218]">&gt;&gt;</a>&nbsp;&nbsp;&nbsp;fs_read_fat_table
<LI><a href="#[217]">&gt;&gt;</a>&nbsp;&nbsp;&nbsp;fs_fat_reclaim_clusters
<LI><a href="#[21a]">&gt;&gt;</a>&nbsp;&nbsp;&nbsp;fs_fat_create_file
<LI><a href="#[1ae]">&gt;&gt;</a>&nbsp;&nbsp;&nbsp;fs_fat_flush_sector_cache
<LI><a href="#[88]">&gt;&gt;</a>&nbsp;&nbsp;&nbsp;__aeabi_memclr4
<LI><a href="#[71]">&gt;&gt;</a>&nbsp;&nbsp;&nbsp;__aeabi_memset
<LI><a href="#[84]">&gt;&gt;</a>&nbsp;&nbsp;&nbsp;__aeabi_memcpy4
</UL>
<BR>[Address Reference Count : 1]<UL><LI> nvtfat_fop.o(.data)
</UL>
<P><STRONG><a name="[29]"></a>__fclose</STRONG> (ARM, 436 bytes, Stack size 64 bytes, nvtfat_fop.o(.text))
<BR><BR>[Stack]<UL><LI>Max Depth = 216 + Unknown Stack Size
<LI>Call Chain = __fclose &rArr; fs_fat_flush_sector_cache &rArr; fsIOWrite &rArr; get_ioc_block &rArr; flush_cache_blocks
</UL>
<BR>[Calls]<UL><LI><a href="#[81]">&gt;&gt;</a>&nbsp;&nbsp;&nbsp;free (via BLX)
<LI><a href="#[228]">&gt;&gt;</a>&nbsp;&nbsp;&nbsp;fs_fat_set_dire_info
<LI><a href="#[21d]">&gt;&gt;</a>&nbsp;&nbsp;&nbsp;fs_fat_set_dire_mtime
<LI><a href="#[200]">&gt;&gt;</a>&nbsp;&nbsp;&nbsp;fsIOWrite
<LI><a href="#[1ae]">&gt;&gt;</a>&nbsp;&nbsp;&nbsp;fs_fat_flush_sector_cache
<LI><a href="#[1b4]">&gt;&gt;</a>&nbsp;&nbsp;&nbsp;fsIORead
<LI><a href="#[1b6]">&gt;&gt;</a>&nbsp;&nbsp;&nbsp;fsFreeSector
<LI><a href="#[1b0]">&gt;&gt;</a>&nbsp;&nbsp;&nbsp;fsFlushIOCache
<LI><a href="#[1b3]">&gt;&gt;</a>&nbsp;&nbsp;&nbsp;fsAllocateSector
<LI><a href="#[79]">&gt;&gt;</a>&nbsp;&nbsp;&nbsp;__aeabi_memcpy
</UL>
<BR>[Address Reference Count : 1]<UL><LI> nvtfat_fop.o(.data)
</UL>
<P><STRONG><a name="[27]"></a>__fread</STRONG> (ARM, 1408 bytes, Stack size 88 bytes, nvtfat_fop.o(.text))
<BR><BR>[Stack]<UL><LI>Max Depth = 336 + Unknown Stack Size
<LI>Call Chain = __fread &rArr; fs_read_fat_table &rArr; fs_fat_check_out_sec &rArr; check_out_fat_sector &rArr; fsIORead &rArr; get_ioc_block &rArr; flush_cache_blocks
</UL>
<BR>[Calls]<UL><LI><a href="#[21f]">&gt;&gt;</a>&nbsp;&nbsp;&nbsp;__aeabi_ldivmod
<LI><a href="#[22f]">&gt;&gt;</a>&nbsp;&nbsp;&nbsp;alloc_rw_buff
<LI><a href="#[218]">&gt;&gt;</a>&nbsp;&nbsp;&nbsp;fs_read_fat_table
<LI><a href="#[200]">&gt;&gt;</a>&nbsp;&nbsp;&nbsp;fsIOWrite
<LI><a href="#[1b4]">&gt;&gt;</a>&nbsp;&nbsp;&nbsp;fsIORead
<LI><a href="#[79]">&gt;&gt;</a>&nbsp;&nbsp;&nbsp;__aeabi_memcpy
</UL>
<BR>[Called By]<UL><LI><a href="#[231]">&gt;&gt;</a>&nbsp;&nbsp;&nbsp;find_file
<LI><a href="#[20f]">&gt;&gt;</a>&nbsp;&nbsp;&nbsp;fs_fat_get_next_dir_entry
</UL>
<BR>[Address Reference Count : 1]<UL><LI> nvtfat_fop.o(.data)
</UL>
<P><STRONG><a name="[2a]"></a>__fsizing</STRONG> (ARM, 1124 bytes, Stack size 56 bytes, nvtfat_fop.o(.text))
<BR><BR>[Stack]<UL><LI>Max Depth = 360 + Unknown Stack Size
<LI>Call Chain = __fsizing &rArr; fs_fat_allocate_cluster &rArr; fs_write_fat_table &rArr; fs_fat_check_out_sec &rArr; check_out_fat_sector &rArr; fsIORead &rArr; get_ioc_block &rArr; flush_cache_blocks
</UL>
<BR>[Calls]<UL><LI><a href="#[21f]">&gt;&gt;</a>&nbsp;&nbsp;&nbsp;__aeabi_ldivmod
<LI><a href="#[81]">&gt;&gt;</a>&nbsp;&nbsp;&nbsp;free (via BLX)
<LI><a href="#[22e]">&gt;&gt;</a>&nbsp;&nbsp;&nbsp;fs_fat_allocate_cluster
<LI><a href="#[22d]">&gt;&gt;</a>&nbsp;&nbsp;&nbsp;fs_update_first_cluster
<LI><a href="#[219]">&gt;&gt;</a>&nbsp;&nbsp;&nbsp;fs_write_fat_table
<LI><a href="#[218]">&gt;&gt;</a>&nbsp;&nbsp;&nbsp;fs_read_fat_table
<LI><a href="#[217]">&gt;&gt;</a>&nbsp;&nbsp;&nbsp;fs_fat_reclaim_clusters
<LI><a href="#[1ae]">&gt;&gt;</a>&nbsp;&nbsp;&nbsp;fs_fat_flush_sector_cache
</UL>
<BR>[Address Reference Count : 1]<UL><LI> nvtfat_fop.o(.data)
</UL>
<P><STRONG><a name="[2c]"></a>__fget_stat</STRONG> (ARM, 340 bytes, Stack size 0 bytes, nvtfat_fop.o(.text))
<BR>[Address Reference Count : 1]<UL><LI> nvtfat_fop.o(.data)
</UL>
<P><STRONG><a name="[2d]"></a>__fset_stat</STRONG> (ARM, 316 bytes, Stack size 0 bytes, nvtfat_fop.o(.text))
<BR>[Address Reference Count : 1]<UL><LI> nvtfat_fop.o(.data)
</UL>
<P><STRONG><a name="[231]"></a>find_file</STRONG> (ARM, 840 bytes, Stack size 632 bytes, nvtfat_fop.o(.text))
<BR><BR>[Stack]<UL><LI>Max Depth = 1704 + Unknown Stack Size
<LI>Call Chain = find_file &rArr; fsUnicodeWildCardCompare &rArr; fsUnicodeCopyStr
</UL>
<BR>[Calls]<UL><LI><a href="#[85]">&gt;&gt;</a>&nbsp;&nbsp;&nbsp;fsAsciiToUnicode
<LI><a href="#[27]">&gt;&gt;</a>&nbsp;&nbsp;&nbsp;__fread
<LI><a href="#[2b]">&gt;&gt;</a>&nbsp;&nbsp;&nbsp;__fseek
<LI><a href="#[221]">&gt;&gt;</a>&nbsp;&nbsp;&nbsp;fsUnicodeWildCardCompare
<LI><a href="#[210]">&gt;&gt;</a>&nbsp;&nbsp;&nbsp;fs_fat_get_sdir_name
<LI><a href="#[20f]">&gt;&gt;</a>&nbsp;&nbsp;&nbsp;fs_fat_get_next_dir_entry
<LI><a href="#[216]">&gt;&gt;</a>&nbsp;&nbsp;&nbsp;fsUnicodeToLowerCase
<LI><a href="#[1a5]">&gt;&gt;</a>&nbsp;&nbsp;&nbsp;fsUnicodeCopyStr
<LI><a href="#[97]">&gt;&gt;</a>&nbsp;&nbsp;&nbsp;strcpy (via BLX)
</UL>
<BR>[Called By]<UL><LI><a href="#[232]">&gt;&gt;</a>&nbsp;&nbsp;&nbsp;find_fileEx
</UL>

<P><STRONG><a name="[233]"></a>creation_time_compare</STRONG> (ARM, 300 bytes, Stack size 0 bytes, nvtfat_fop.o(.text))
<BR><BR>[Called By]<UL><LI><a href="#[232]">&gt;&gt;</a>&nbsp;&nbsp;&nbsp;find_fileEx
</UL>

<P><STRONG><a name="[234]"></a>modification_time_compare</STRONG> (ARM, 300 bytes, Stack size 0 bytes, nvtfat_fop.o(.text))
<BR><BR>[Called By]<UL><LI><a href="#[232]">&gt;&gt;</a>&nbsp;&nbsp;&nbsp;find_fileEx
</UL>

<P><STRONG><a name="[232]"></a>find_fileEx</STRONG> (ARM, 1704 bytes, Stack size 56 bytes, nvtfat_fop.o(.text))
<BR><BR>[Stack]<UL><LI>Max Depth = 1760 + Unknown Stack Size
<LI>Call Chain = find_fileEx &rArr; find_file &rArr; fsUnicodeWildCardCompare &rArr; fsUnicodeCopyStr
</UL>
<BR>[Calls]<UL><LI><a href="#[234]">&gt;&gt;</a>&nbsp;&nbsp;&nbsp;modification_time_compare
<LI><a href="#[233]">&gt;&gt;</a>&nbsp;&nbsp;&nbsp;creation_time_compare
<LI><a href="#[231]">&gt;&gt;</a>&nbsp;&nbsp;&nbsp;find_file
<LI><a href="#[2b]">&gt;&gt;</a>&nbsp;&nbsp;&nbsp;__fseek
<LI><a href="#[185]">&gt;&gt;</a>&nbsp;&nbsp;&nbsp;fsUnicodeNonCaseCompare
<LI><a href="#[84]">&gt;&gt;</a>&nbsp;&nbsp;&nbsp;__aeabi_memcpy4
</UL>
<BR>[Called By]<UL><LI><a href="#[2f]">&gt;&gt;</a>&nbsp;&nbsp;&nbsp;__find_next
<LI><a href="#[2e]">&gt;&gt;</a>&nbsp;&nbsp;&nbsp;__find_first
</UL>

<P><STRONG><a name="[2e]"></a>__find_first</STRONG> (ARM, 96 bytes, Stack size 16 bytes, nvtfat_fop.o(.text))
<BR><BR>[Stack]<UL><LI>Max Depth = 1776 + Unknown Stack Size
<LI>Call Chain = __find_first &rArr; find_fileEx &rArr; find_file &rArr; fsUnicodeWildCardCompare &rArr; fsUnicodeCopyStr
</UL>
<BR>[Calls]<UL><LI><a href="#[232]">&gt;&gt;</a>&nbsp;&nbsp;&nbsp;find_fileEx
</UL>
<BR>[Address Reference Count : 1]<UL><LI> nvtfat_fop.o(.data)
</UL>
<P><STRONG><a name="[2f]"></a>__find_next</STRONG> (ARM, 32 bytes, Stack size 16 bytes, nvtfat_fop.o(.text))
<BR><BR>[Stack]<UL><LI>Max Depth = 1776 + Unknown Stack Size
<LI>Call Chain = __find_next &rArr; find_fileEx &rArr; find_file &rArr; fsUnicodeWildCardCompare &rArr; fsUnicodeCopyStr
</UL>
<BR>[Calls]<UL><LI><a href="#[232]">&gt;&gt;</a>&nbsp;&nbsp;&nbsp;find_fileEx
</UL>
<BR>[Address Reference Count : 1]<UL><LI> nvtfat_fop.o(.data)
</UL>
<P><STRONG><a name="[30]"></a>__find_close</STRONG> (ARM, 12 bytes, Stack size 0 bytes, nvtfat_fop.o(.text))
<BR>[Address Reference Count : 1]<UL><LI> nvtfat_fop.o(.data)
</UL>
<P><STRONG><a name="[31]"></a>__fioctl</STRONG> (ARM, 12 bytes, Stack size 0 bytes, nvtfat_fop.o(.text))
<BR>[Address Reference Count : 1]<UL><LI> nvtfat_fop.o(.data)
</UL>
<P><STRONG><a name="[25d]"></a>__arm_div8</STRONG> (ARM, 0 bytes, Stack size unknown bytes, aeabi_sdiv.o(.text))
<BR><BR>[Called By]<UL><LI><a href="#[6a]">&gt;&gt;</a>&nbsp;&nbsp;&nbsp;__aeabi_uidivmod
</UL>

<P><STRONG><a name="[25c]"></a>__arm_div5</STRONG> (ARM, 0 bytes, Stack size unknown bytes, aeabi_sdiv.o(.text))
<BR><BR>[Called By]<UL><LI><a href="#[6a]">&gt;&gt;</a>&nbsp;&nbsp;&nbsp;__aeabi_uidivmod
</UL>

<P><STRONG><a name="[25b]"></a>__arm_div2</STRONG> (ARM, 0 bytes, Stack size unknown bytes, aeabi_sdiv.o(.text))
<BR><BR>[Called By]<UL><LI><a href="#[6a]">&gt;&gt;</a>&nbsp;&nbsp;&nbsp;__aeabi_uidivmod
</UL>

<P><STRONG><a name="[25e]"></a>__arm_div_large</STRONG> (ARM, 0 bytes, Stack size unknown bytes, aeabi_sdiv.o(.text))
<BR><BR>[Called By]<UL><LI><a href="#[6a]">&gt;&gt;</a>&nbsp;&nbsp;&nbsp;__aeabi_uidivmod
</UL>

<P><STRONG><a name="[50]"></a>_printf_input_char</STRONG> (Thumb, 10 bytes, Stack size 0 bytes, _printf_char_common.o(.text))
<BR>[Address Reference Count : 1]<UL><LI> _printf_char_common.o(.text)
</UL><P>
<H3>
Undefined Global Symbols
</H3>
<P><STRONG><a name="[246]"></a>_call_atexit_fns</STRONG> (ARM, 0 bytes, Stack size 0 bytes, UNDEFINED)
<BR><BR>[Called By]<UL><LI><a href="#[64]">&gt;&gt;</a>&nbsp;&nbsp;&nbsp;exit
</UL>

<P><STRONG><a name="[253]"></a>_printf_mbtowc</STRONG> (ARM, 0 bytes, Stack size 0 bytes, UNDEFINED)
<BR><BR>[Called By]<UL><LI><a href="#[252]">&gt;&gt;</a>&nbsp;&nbsp;&nbsp;_printf_cs_common
</UL>

<P><STRONG><a name="[23d]"></a>_printf_truncate_signed</STRONG> (ARM, 0 bytes, Stack size 0 bytes, UNDEFINED)
<BR><BR>[Called By]<UL><LI><a href="#[58]">&gt;&gt;</a>&nbsp;&nbsp;&nbsp;_printf_int_dec
</UL>

<P><STRONG><a name="[23e]"></a>_printf_truncate_unsigned</STRONG> (ARM, 0 bytes, Stack size 0 bytes, UNDEFINED)
<BR><BR>[Called By]<UL><LI><a href="#[5a]">&gt;&gt;</a>&nbsp;&nbsp;&nbsp;_printf_int_hex
<LI><a href="#[58]">&gt;&gt;</a>&nbsp;&nbsp;&nbsp;_printf_int_dec
</UL>
<HR></body></html>
